exports[`ApplicantBadge-1 1`] = `
<div
  className="AutoUI_ApplicantBadge-8 false">
  <img
    alt="Applicant X-Team\'s avatar"
    src="https://www.gravatar.com/avatar/0e618c4e06e5fba781c75a9a1b51c1d3?s=64" />
  <div
    className="AutoUI_ApplicantBadge-15 false">
    <div>
      Applicant X-Team
    </div>
    <div>
      applicant@x-team.com
    </div>
  </div>
</div>
`;
