exports[`ApplicantBadge-9 1`] = `
<div
  className="AutoUI_ui_ApplicantBadge-36 AutoUI_typo-170 AutoUI_typo-53 AutoUI_typo-40 AutoUI_ui_ApplicantBadge-182 ">
  <div
    className="AutoUI_ui_ApplicantBadge-54 AutoUI_typo-118 AutoUI_typo-53 AutoUI_typo-34">
    Applicant
  </div>
  <div
    className="AutoUI_ui_ApplicantBadge-62">
    <div
      style={
        Object {
          "background": "orange",
          "borderRadius": "50%",
          "height": 90,
          "width": 90,
        }
      } />
  </div>
</div>
`;
