exports[`ApplicantBadge-15 1`] = `
<div
  className="AutoUI_ui_ApplicantBadge-87 AutoUI_typo-170 AutoUI_typo-53 AutoUI_typo-40 AutoUI_ui_ApplicantBadge-180 ">
  <div
    className="AutoUI_ui_ApplicantBadge-118 AutoUI_typo-118 AutoUI_typo-53 AutoUI_typo-34">
    Applicant
    <span
      className="AutoUI_ui_ApplicantBadge-66 AutoUI_ui_ApplicantBadge-55" />
  </div>
  <div
    className="AutoUI_ui_ApplicantBadge-127">
    <div
      style={
        Object {
          "background": "orange",
          "borderRadius": "50%",
          "height": 90,
          "width": 90,
        }
      } />
  </div>
  <div
    className="AutoUI_ui_ApplicantBadge-165 controls" />
  <div
    className="AutoUI_ui_ApplicantBadge-186" />
  <div
    className="AutoUI_ui_ApplicantBadge-133" />
  <div
    className="AutoUI_ui_ApplicantBadge-243" />
</div>
`;
