exports[`ApplicantGridHeader-1 1`] = `
<div
  style={
    Object {
      "overflowX": "scroll",
    }
  }>
  <div
    className="AutoUI_ui_ApplicantGridHeader-65 AutoUI_typo-170 AutoUI_typo-53 AutoUI_typo-40 custom-class-name">
    <span
      className="AutoUI_ui_ApplicantGridHeader-111 AutoUI_ui_ApplicantGridHeader-114 AutoUI_ui_ApplicantGridHeader-56 AutoUI_ui_ApplicantGridHeader-36">
      Field1
    </span>
    <span
      className="AutoUI_ui_ApplicantGridHeader-111">
      Field2
    </span>
    <span
      className="AutoUI_ui_ApplicantGridHeader-108">
      Field3
    </span>
    <span
      className="AutoUI_ui_ApplicantGridHeader-108 AutoUI_ui_ApplicantGridHeader-114">
      Field4
    </span>
    <span
      className="AutoUI_ui_ApplicantGridHeader-105 AutoUI_ui_ApplicantGridHeader-114">
      Field5
    </span>
    <span
      className="AutoUI_ui_ApplicantGridHeader-105 AutoUI_ui_ApplicantGridHeader-114">
      Field6
    </span>
  </div>
</div>
`;
