exports[`ApplicantBadge-11 1`] = `
<div
  className="AutoUI_ui_ApplicantBadge-299 AutoUI_typo-170 AutoUI_typo-53 AutoUI_typo-40  ">
  <div
    className="AutoUI_ui_ApplicantBadge-328 AutoUI_typo-118 AutoUI_typo-53 AutoUI_typo-34">
    Applicant full name
    <span
      className="AutoUI_ui_ApplicantBadge-78 AutoUI_ui_ApplicantBadge-55" />
  </div>
  <div
    className="AutoUI_ui_ApplicantBadge-337">
    <div
      className="AutoUI_ui_Avatar-15">
      <img
        alt=""
        className="AutoUI_ui_Avatar-21"
        height={90}
        src="https://www.gravatar.com/avatar/7bd7d9ead547762321371143ac0ecf90?s=90"
        width={90} />
    </div>
  </div>
  <div
    className="AutoUI_ui_ApplicantBadge-342" />
  <div
    className="AutoUI_ui_ApplicantBadge-350">
    <span
      className="AutoUI_ui_ApplicantBadge-350">
      <span
        className="AutoUI_ui_ApplicantBadge-357 AutoUI_typo-170 AutoUI_typo-53 AutoUI_typo-40">
        <div
          className="AutoUI_ui_Dropdown-17 AutoUI_typo-170 AutoUI_typo-53 AutoUI_typo-40 ">
          <div
            className="AutoUI_ui_Dropdown-24 ">
            
            <span
              className="AutoUI_ui_Dropdown-40">
              <div>
                <span
                  className="AutoUI_ui_ApplicantBadge-375">
                  Avail. date:
                </span>
                <span
                  className="AutoUI_ui_ApplicantBadge-379">
                  DD/MM/YYYY
                </span>
              </div>
            </span>
          </div>
          <div
            className="AutoUI_ui_Dropdown-50    AutoUI_ui_Dropdown-111 ">
            <div
              className="AutoUI_ui_Dropdown-71 ">
              <div
                className="AutoUI_ui_ApplicantBadge-387">
                Avail. date tooltip copy
              </div>
            </div>
          </div>
        </div>
      </span>
      <span
        className="AutoUI_ui_ApplicantBadge-357 AutoUI_typo-170 AutoUI_typo-53 AutoUI_typo-40">
        <div
          className="AutoUI_ui_Dropdown-17 AutoUI_typo-170 AutoUI_typo-53 AutoUI_typo-40 ">
          <div
            className="AutoUI_ui_Dropdown-24 ">
            
            <span
              className="AutoUI_ui_Dropdown-40">
              <div>
                <span
                  className="AutoUI_ui_ApplicantBadge-375">
                  Avail. updated:
                </span>
                <span
                  className="AutoUI_ui_ApplicantBadge-379">
                  DD/MM/YYYY
                </span>
              </div>
            </span>
          </div>
          <div
            className="AutoUI_ui_Dropdown-50    AutoUI_ui_Dropdown-111 ">
            <div
              className="AutoUI_ui_Dropdown-71 ">
              <div
                className="AutoUI_ui_ApplicantBadge-387">
                Avail. updated tooltip copy
              </div>
            </div>
          </div>
        </div>
      </span>
      <span
        className="AutoUI_ui_ApplicantBadge-357 AutoUI_typo-170 AutoUI_typo-53 AutoUI_typo-40">
        <div
          className="AutoUI_ui_Dropdown-17 AutoUI_typo-170 AutoUI_typo-53 AutoUI_typo-40 ">
          <div
            className="AutoUI_ui_Dropdown-24 ">
            
            <span
              className="AutoUI_ui_Dropdown-40">
              <div>
                <span
                  className="AutoUI_ui_ApplicantBadge-375">
                  Timezone:
                </span>
                <span
                  className="AutoUI_ui_ApplicantBadge-379">
                  UTC+00
                </span>
              </div>
            </span>
          </div>
        </div>
      </span>
      <span
        className="AutoUI_ui_ApplicantBadge-357 AutoUI_typo-170 AutoUI_typo-53 AutoUI_typo-40">
        <div
          className="AutoUI_ui_Dropdown-17 AutoUI_typo-170 AutoUI_typo-53 AutoUI_typo-40 ">
          <div
            className="AutoUI_ui_Dropdown-24 ">
            
            <span
              className="AutoUI_ui_Dropdown-40">
              <div>
                <span
                  className="AutoUI_ui_ApplicantBadge-375">
                  Rate:
                </span>
                <span
                  className="AutoUI_ui_ApplicantBadge-379">
                  $100
                </span>
              </div>
            </span>
          </div>
        </div>
      </span>
      <span
        className="AutoUI_ui_ApplicantBadge-357 AutoUI_typo-170 AutoUI_typo-53 AutoUI_typo-40">
        <div
          className="AutoUI_ui_Dropdown-17 AutoUI_typo-170 AutoUI_typo-53 AutoUI_typo-40 ">
          <div
            className="AutoUI_ui_Dropdown-24 ">
            
            <span
              className="AutoUI_ui_Dropdown-40">
              <div>
                <span
                  className="AutoUI_ui_ApplicantBadge-375">
                  Status
                </span>
                <span
                  className="AutoUI_ui_ApplicantBadge-379">
                  In Pipeline
                </span>
              </div>
            </span>
          </div>
        </div>
      </span>
      <span
        className="AutoUI_ui_ApplicantBadge-357 AutoUI_typo-170 AutoUI_typo-53 AutoUI_typo-40">
        <div
          className="AutoUI_ui_Dropdown-17 AutoUI_typo-170 AutoUI_typo-53 AutoUI_typo-40 ">
          <div
            className="AutoUI_ui_Dropdown-24 ">
            
            <span
              className="AutoUI_ui_Dropdown-40">
              <div>
                <span
                  className="AutoUI_ui_ApplicantBadge-375">
                  Rank
                </span>
                <span
                  className="AutoUI_ui_ApplicantBadge-379">
                  2
                </span>
              </div>
            </span>
          </div>
        </div>
      </span>
    </span>
  </div>
  <div
    className="AutoUI_ui_ApplicantBadge-453 AutoUI_typo-170 AutoUI_typo-53 AutoUI_typo-40">
    Booked (Available Soon)
  </div>
  <div
    className="AutoUI_ui_ApplicantBadge-462 AutoUI_typo-170 AutoUI_typo-53 AutoUI_typo-40">
    <div
      className="AutoUI_ui_SelectBox-32"
      style={
        Object {
          "width": "100%",
        }
      }>
      <div
        className="AutoUI_ui_Dropdown-17 AutoUI_typo-170 AutoUI_typo-53 AutoUI_typo-40 AutoUI_ui_SelectBox-38"
        onMouseEnter={false}
        onMouseLeave={false}>
        <div
          className="AutoUI_ui_Dropdown-24 ">
          
          <span
            className="AutoUI_ui_Dropdown-40">
            <div
              className="AutoUI_ui_SelectBox-42 AutoUI_typo-170 AutoUI_typo-53 AutoUI_typo-40 ">
              <div>
                <div
                  className="AutoUI_ui_SelectBox-69">
                  <div>
                     
                  </div>
                  <div>
                    5
                  </div>
                </div>
                <div
                  className="AutoUI_ui_SelectBox-129">
                  <svg
                    height="5px"
                    viewBox="0 0 9 5"
                    width="9px">
                    <g
                      fill="none"
                      fillRule="evenodd"
                      stroke="none"
                      strokeWidth="1">
                      <polygon
                        className="AutoUI_ui_SvgIcon-99 AutoUI_ui_SvgIcon-131"
                        points="7.24264069 -2.75735931 7.24264069 3.24264069 1.24264069 3.24264069"
                        transform="translate(4.242641, 0.242641) scale(1, -1) rotate(225.000000) translate(-4.242641, -0.242641) " />
                    </g>
                  </svg>
                </div>
              </div>
            </div>
          </span>
        </div>
        <div
          className="AutoUI_ui_Dropdown-50     ">
          <div
            className="AutoUI_ui_SelectBox-178">
            <div>
              <ul
                className="AutoUI_ui_SelectBox-161 false"
                style={
                  Object {
                    "height": "auto",
                    "maxHeight": "240px",
                    "width": "100%",
                  }
                }>
                
                <li
                  className="AutoUI_ui_SelectBox-182 AutoUI_typo-170 AutoUI_typo-53 AutoUI_typo-40 AutoUI_ui_SelectBox-208 ">
                  <div
                    className="AutoUI_ui_SelectBox-197 AutoUI_ui_SelectBox-204">
                    <span
                      className="AutoUI_ui_SelectBox-157 AutoUI_typo-170 AutoUI_typo-53 AutoUI_typo-40 ">
                      1
                    </span>
                    <span
                      className="AutoUI_ui_SelectBox-239" />
                  </div>
                </li>
                <li
                  className="AutoUI_ui_SelectBox-182 AutoUI_typo-170 AutoUI_typo-53 AutoUI_typo-40 AutoUI_ui_SelectBox-208 ">
                  <div
                    className="AutoUI_ui_SelectBox-197 AutoUI_ui_SelectBox-204">
                    <span
                      className="AutoUI_ui_SelectBox-157 AutoUI_typo-170 AutoUI_typo-53 AutoUI_typo-40 ">
                      2
                    </span>
                    <span
                      className="AutoUI_ui_SelectBox-239" />
                  </div>
                </li>
                <li
                  className="AutoUI_ui_SelectBox-182 AutoUI_typo-170 AutoUI_typo-53 AutoUI_typo-40 AutoUI_ui_SelectBox-208 ">
                  <div
                    className="AutoUI_ui_SelectBox-197 AutoUI_ui_SelectBox-204">
                    <span
                      className="AutoUI_ui_SelectBox-157 AutoUI_typo-170 AutoUI_typo-53 AutoUI_typo-40 ">
                      3
                    </span>
                    <span
                      className="AutoUI_ui_SelectBox-239" />
                  </div>
                </li>
                <li
                  className="AutoUI_ui_SelectBox-182 AutoUI_typo-170 AutoUI_typo-53 AutoUI_typo-40 AutoUI_ui_SelectBox-208 ">
                  <div
                    className="AutoUI_ui_SelectBox-197 AutoUI_ui_SelectBox-204">
                    <span
                      className="AutoUI_ui_SelectBox-157 AutoUI_typo-170 AutoUI_typo-53 AutoUI_typo-40 ">
                      4
                    </span>
                    <span
                      className="AutoUI_ui_SelectBox-239" />
                  </div>
                </li>
                <li
                  className="AutoUI_ui_SelectBox-182 AutoUI_typo-170 AutoUI_typo-53 AutoUI_typo-40 AutoUI_ui_SelectBox-208 ">
                  <div
                    className="AutoUI_ui_SelectBox-197 AutoUI_ui_SelectBox-204">
                    <span
                      className="AutoUI_ui_SelectBox-157 AutoUI_typo-170 AutoUI_typo-53 AutoUI_typo-40 AutoUI_ui_SelectBox-224">
                      5
                    </span>
                    <span
                      className="AutoUI_ui_SelectBox-239" />
                  </div>
                </li>
                <li
                  className="AutoUI_ui_SelectBox-182 AutoUI_typo-170 AutoUI_typo-53 AutoUI_typo-40 AutoUI_ui_SelectBox-208 ">
                  <div
                    className="AutoUI_ui_SelectBox-197 AutoUI_ui_SelectBox-204">
                    <span
                      className="AutoUI_ui_SelectBox-157 AutoUI_typo-170 AutoUI_typo-53 AutoUI_typo-40 ">
                      6
                    </span>
                    <span
                      className="AutoUI_ui_SelectBox-239" />
                  </div>
                </li>
                <li
                  className="AutoUI_ui_SelectBox-182 AutoUI_typo-170 AutoUI_typo-53 AutoUI_typo-40 AutoUI_ui_SelectBox-208 ">
                  <div
                    className="AutoUI_ui_SelectBox-197 AutoUI_ui_SelectBox-204">
                    <span
                      className="AutoUI_ui_SelectBox-157 AutoUI_typo-170 AutoUI_typo-53 AutoUI_typo-40 ">
                      7
                    </span>
                    <span
                      className="AutoUI_ui_SelectBox-239" />
                  </div>
                </li>
                <li
                  className="AutoUI_ui_SelectBox-182 AutoUI_typo-170 AutoUI_typo-53 AutoUI_typo-40 AutoUI_ui_SelectBox-208 ">
                  <div
                    className="AutoUI_ui_SelectBox-197 AutoUI_ui_SelectBox-204">
                    <span
                      className="AutoUI_ui_SelectBox-157 AutoUI_typo-170 AutoUI_typo-53 AutoUI_typo-40 ">
                      8
                    </span>
                    <span
                      className="AutoUI_ui_SelectBox-239" />
                  </div>
                </li>
                <li
                  className="AutoUI_ui_SelectBox-182 AutoUI_typo-170 AutoUI_typo-53 AutoUI_typo-40 AutoUI_ui_SelectBox-208 ">
                  <div
                    className="AutoUI_ui_SelectBox-197 AutoUI_ui_SelectBox-204">
                    <span
                      className="AutoUI_ui_SelectBox-157 AutoUI_typo-170 AutoUI_typo-53 AutoUI_typo-40 ">
                      9
                    </span>
                    <span
                      className="AutoUI_ui_SelectBox-239" />
                  </div>
                </li>
                <li
                  className="AutoUI_ui_SelectBox-182 AutoUI_typo-170 AutoUI_typo-53 AutoUI_typo-40 AutoUI_ui_SelectBox-208 ">
                  <div
                    className="AutoUI_ui_SelectBox-197 AutoUI_ui_SelectBox-204">
                    <span
                      className="AutoUI_ui_SelectBox-157 AutoUI_typo-170 AutoUI_typo-53 AutoUI_typo-40 ">
                      10
                    </span>
                    <span
                      className="AutoUI_ui_SelectBox-239" />
                  </div>
                </li>
                <li
                  className="AutoUI_ui_SelectBox-182 AutoUI_typo-170 AutoUI_typo-53 AutoUI_typo-40 AutoUI_ui_SelectBox-208 ">
                  <div
                    className="AutoUI_ui_SelectBox-197 AutoUI_ui_SelectBox-204">
                    <span
                      className="AutoUI_ui_SelectBox-157 AutoUI_typo-170 AutoUI_typo-53 AutoUI_typo-40 ">
                      -
                    </span>
                    <span
                      className="AutoUI_ui_SelectBox-239" />
                  </div>
                </li>
              </ul>
            </div>
          </div>
        </div>
      </div>
    </div>
  </div>
  <div
    className="AutoUI_ui_ApplicantBadge-393">
    <span
      className="AutoUI_ui_ApplicantBadge-398">
      <span
        className="AutoUI_ui_ApplicantBadge-403">
        JavaScript
      </span>
      <span
        className="AutoUI_ui_ApplicantBadge-403">
        ES2015
      </span>
      <span
        className="AutoUI_ui_ApplicantBadge-403">
        Node
      </span>
      <span
        className="AutoUI_ui_ApplicantBadge-403">
        Express
      </span>
      <span
        className="AutoUI_ui_TruncatedList-8">
        React
      </span>
      <span
        className="AutoUI_ui_TruncatedList-8">
        Redux
      </span>
      <span
        className="AutoUI_ui_TruncatedList-8">
        Webpack
      </span>
      <span
        className="AutoUI_ui_TruncatedList-8">
        JavaScript
      </span>
      <span
        className="AutoUI_ui_TruncatedList-8">
        ES2015
      </span>
      <span
        className="AutoUI_ui_TruncatedList-8">
        Node
      </span>
      <span
        className="AutoUI_ui_TruncatedList-8">
        Express
      </span>
      <span
        className="AutoUI_ui_TruncatedList-8">
        React
      </span>
      <span
        className="AutoUI_ui_TruncatedList-8">
        Redux
      </span>
      <span
        className="AutoUI_ui_TruncatedList-8">
        Webpack
      </span>
      <span
        className="AutoUI_ui_TruncatedList-8">
        JavaScript
      </span>
      <span
        className="AutoUI_ui_TruncatedList-8">
        ES2015
      </span>
      <span
        className="AutoUI_ui_TruncatedList-8">
        Node
      </span>
      <span
        className="AutoUI_ui_TruncatedList-8">
        Express
      </span>
      <span
        className="AutoUI_ui_TruncatedList-8">
        React
      </span>
      <span
        className="AutoUI_ui_TruncatedList-8">
        Redux
      </span>
      <span
        className="AutoUI_ui_TruncatedList-8">
        Webpack
      </span>
      <div
        className="AutoUI_ui_ApplicantBadge-403 AutoUI_ui_ApplicantBadge-424 AutoUI_ui_ApplicantBadge-436">
        + 17 more
      </div>
    </span>
  </div>
</div>
`;
