exports[`ApplicantBadge-9 1`] = `
<div
  className="AutoUI_ui_ApplicantBadge-299 AutoUI_typo-170 AutoUI_typo-53 AutoUI_typo-40  ">
  <div
    className="AutoUI_ui_ApplicantBadge-328 AutoUI_typo-118 AutoUI_typo-53 AutoUI_typo-34">
    Applicant full name
    <span
      className="AutoUI_ui_ApplicantBadge-78 AutoUI_ui_ApplicantBadge-55" />
  </div>
  <div
    className="AutoUI_ui_ApplicantBadge-337">
    <div
      className="AutoUI_ui_Avatar-15">
      <img
        alt=""
        className="AutoUI_ui_Avatar-21"
        height={90}
        src="https://www.gravatar.com/avatar/7bd7d9ead547762321371143ac0ecf90?s=90"
        width={90} />
    </div>
  </div>
  <div
    className="AutoUI_ui_ApplicantBadge-342" />
  <div
    className="AutoUI_ui_ApplicantBadge-350">
    <span
      className="AutoUI_ui_ApplicantBadge-350">
      <span
        className="AutoUI_ui_ApplicantBadge-357 AutoUI_typo-170 AutoUI_typo-53 AutoUI_typo-40">
        <div
          className="AutoUI_ui_Dropdown-17 AutoUI_typo-170 AutoUI_typo-53 AutoUI_typo-40 ">
          <div
            className="AutoUI_ui_Dropdown-24 ">
            
            <span
              className="AutoUI_ui_Dropdown-40">
              <div>
                <span
                  className="AutoUI_ui_ApplicantBadge-375">
                  Avail. date:
                </span>
                <span
                  className="AutoUI_ui_ApplicantBadge-379">
                  DD/MM/YYYY
                </span>
              </div>
            </span>
          </div>
          <div
            className="AutoUI_ui_Dropdown-50   AutoUI_ui_Dropdown-67 AutoUI_ui_Dropdown-114 ">
            <div
              className="AutoUI_ui_Dropdown-71 AutoUI_ui_Dropdown-99">
              <div
                className="AutoUI_ui_ApplicantBadge-387">
                Avail. date tooltip copy
              </div>
            </div>
          </div>
        </div>
      </span>
      <span
        className="AutoUI_ui_ApplicantBadge-357 AutoUI_typo-170 AutoUI_typo-53 AutoUI_typo-40">
        <div
          className="AutoUI_ui_Dropdown-17 AutoUI_typo-170 AutoUI_typo-53 AutoUI_typo-40 ">
          <div
            className="AutoUI_ui_Dropdown-24 ">
            
            <span
              className="AutoUI_ui_Dropdown-40">
              <div>
                <span
                  className="AutoUI_ui_ApplicantBadge-375">
                  Avail. updated:
                </span>
                <span
                  className="AutoUI_ui_ApplicantBadge-379">
                  DD/MM/YYYY
                </span>
              </div>
            </span>
          </div>
          <div
            className="AutoUI_ui_Dropdown-50   AutoUI_ui_Dropdown-67 AutoUI_ui_Dropdown-114 ">
            <div
              className="AutoUI_ui_Dropdown-71 AutoUI_ui_Dropdown-99">
              <div
                className="AutoUI_ui_ApplicantBadge-387">
                Avail. updated tooltip copy
              </div>
            </div>
          </div>
        </div>
      </span>
      <span
        className="AutoUI_ui_ApplicantBadge-357 AutoUI_typo-170 AutoUI_typo-53 AutoUI_typo-40">
        <div
          className="AutoUI_ui_Dropdown-17 AutoUI_typo-170 AutoUI_typo-53 AutoUI_typo-40 ">
          <div
            className="AutoUI_ui_Dropdown-24 ">
            
            <span
              className="AutoUI_ui_Dropdown-40">
              <div>
                <span
                  className="AutoUI_ui_ApplicantBadge-375">
                  Timezone:
                </span>
                <span
                  className="AutoUI_ui_ApplicantBadge-379">
                  UTC+00
                </span>
              </div>
            </span>
          </div>
        </div>
      </span>
      <span
        className="AutoUI_ui_ApplicantBadge-357 AutoUI_typo-170 AutoUI_typo-53 AutoUI_typo-40">
        <div
          className="AutoUI_ui_Dropdown-17 AutoUI_typo-170 AutoUI_typo-53 AutoUI_typo-40 ">
          <div
            className="AutoUI_ui_Dropdown-24 ">
            
            <span
              className="AutoUI_ui_Dropdown-40">
              <div>
                <span
                  className="AutoUI_ui_ApplicantBadge-375">
                  Rate:
                </span>
                <span
                  className="AutoUI_ui_ApplicantBadge-379">
                  $100
                </span>
              </div>
            </span>
          </div>
        </div>
      </span>
      <span
        className="AutoUI_ui_ApplicantBadge-357 AutoUI_typo-170 AutoUI_typo-53 AutoUI_typo-40">
        <div
          className="AutoUI_ui_Dropdown-17 AutoUI_typo-170 AutoUI_typo-53 AutoUI_typo-40 ">
          <div
            className="AutoUI_ui_Dropdown-24 ">
            
            <span
              className="AutoUI_ui_Dropdown-40">
              <div>
                <span
                  className="AutoUI_ui_ApplicantBadge-375">
                  Status
                </span>
                <span
                  className="AutoUI_ui_ApplicantBadge-379">
                  In Pipeline
                </span>
              </div>
            </span>
          </div>
        </div>
      </span>
      <span
        className="AutoUI_ui_ApplicantBadge-357 AutoUI_typo-170 AutoUI_typo-53 AutoUI_typo-40">
        <div
          className="AutoUI_ui_Dropdown-17 AutoUI_typo-170 AutoUI_typo-53 AutoUI_typo-40 ">
          <div
            className="AutoUI_ui_Dropdown-24 ">
            
            <span
              className="AutoUI_ui_Dropdown-40">
              <div>
                <span
                  className="AutoUI_ui_ApplicantBadge-375">
                  Rank
                </span>
                <span
                  className="AutoUI_ui_ApplicantBadge-379">
                  2
                </span>
              </div>
            </span>
          </div>
        </div>
      </span>
    </span>
  </div>
  <div
    className="AutoUI_ui_ApplicantBadge-453 AutoUI_typo-170 AutoUI_typo-53 AutoUI_typo-40">
    Booked (Available Soon)
  </div>
  <div
    className="AutoUI_ui_ApplicantBadge-462 AutoUI_typo-170 AutoUI_typo-53 AutoUI_typo-40">
    <div>
      <input
        aria-labelledby=""
        className="AutoUI_typo-181 AutoUI_typo-53 AutoUI_typo-40 AutoUI_forms_InputField-87  "
        defaultValue={5}
        max="10"
        min="1"
        required={false}
        type="number" />
    </div>
  </div>
  <div
    className="AutoUI_ui_ApplicantBadge-393">
    <span
      className="AutoUI_ui_ApplicantBadge-398">
      <span
        className="AutoUI_ui_ApplicantBadge-403">
        JavaScript
      </span>
      <span
        className="AutoUI_ui_ApplicantBadge-403">
        ES2015
      </span>
      <span
        className="AutoUI_ui_ApplicantBadge-403">
        Node
      </span>
      <span
        className="AutoUI_ui_ApplicantBadge-403">
        Express
      </span>
      <span
        className="AutoUI_ui_TruncatedList-8">
        React
      </span>
      <span
        className="AutoUI_ui_TruncatedList-8">
        Redux
      </span>
      <span
        className="AutoUI_ui_TruncatedList-8">
        Webpack
      </span>
      <span
        className="AutoUI_ui_TruncatedList-8">
        JavaScript
      </span>
      <span
        className="AutoUI_ui_TruncatedList-8">
        ES2015
      </span>
      <span
        className="AutoUI_ui_TruncatedList-8">
        Node
      </span>
      <span
        className="AutoUI_ui_TruncatedList-8">
        Express
      </span>
      <span
        className="AutoUI_ui_TruncatedList-8">
        React
      </span>
      <span
        className="AutoUI_ui_TruncatedList-8">
        Redux
      </span>
      <span
        className="AutoUI_ui_TruncatedList-8">
        Webpack
      </span>
      <span
        className="AutoUI_ui_TruncatedList-8">
        JavaScript
      </span>
      <span
        className="AutoUI_ui_TruncatedList-8">
        ES2015
      </span>
      <span
        className="AutoUI_ui_TruncatedList-8">
        Node
      </span>
      <span
        className="AutoUI_ui_TruncatedList-8">
        Express
      </span>
      <span
        className="AutoUI_ui_TruncatedList-8">
        React
      </span>
      <span
        className="AutoUI_ui_TruncatedList-8">
        Redux
      </span>
      <span
        className="AutoUI_ui_TruncatedList-8">
        Webpack
      </span>
      <div
        className="AutoUI_ui_ApplicantBadge-403 AutoUI_ui_ApplicantBadge-424 AutoUI_ui_ApplicantBadge-436">
        + 17 more
      </div>
    </span>
  </div>
</div>
`;
