exports[`ApplicantBadge-7 1`] = `
<div
  className="AutoUI_ui_ApplicantBadge-36 AutoUI_typo-170 AutoUI_typo-53 AutoUI_typo-40 AutoUI_ui_ApplicantBadge-182 ">
  <div
    className="AutoUI_ui_ApplicantBadge-54 AutoUI_typo-118 AutoUI_typo-53 AutoUI_typo-34">
    applicant@x-team.com
  </div>
  <div
    className="AutoUI_ui_ApplicantBadge-62">
    <div
      className="AutoUI_ui_Avatar-15">
      <img
        alt=""
        className="AutoUI_ui_Avatar-21"
        height={90}
        src="https://www.gravatar.com/avatar/0e618c4e06e5fba781c75a9a1b51c1d3?s=90"
        width={90} />
    </div>
  </div>
  <div
    className="AutoUI_ui_ApplicantBadge-176">
    <button>
      Hello
    </button>
    <button>
      World
    </button>
    anything? really?
  </div>
</div>
`;
