exports[`ApplicantGrid-1 1`] = `
<span>
  <span
    className="AutoUI_ui_ApplicantGrid-11">
    <div
      className="AutoUI_ui_ApplicantBadge-40 AutoUI_typo-170 AutoUI_typo-53 AutoUI_typo-40 AutoUI_ui_ApplicantBadge-116 ">
      <div
        className="AutoUI_ui_ApplicantBadge-71 AutoUI_typo-118 AutoUI_typo-53 AutoUI_typo-34">
        Applicant full name
      </div>
      <div
        className="AutoUI_ui_ApplicantBadge-80">
        <div
          className="AutoUI_ui_Avatar-15">
          <img
            alt=""
            className="AutoUI_ui_Avatar-21"
            height={90}
            src="https://www.gravatar.com/avatar/7bd7d9ead547762321371143ac0ecf90?s=90"
            width={90} />
        </div>
      </div>
      <div
        className="AutoUI_ui_ApplicantBadge-110 controls" />
      <span
        className="AutoUI_ui_ApplicantBadge-122">
        <span
          className="AutoUI_ui_ApplicantBadge-131 AutoUI_typo-170 AutoUI_typo-53 AutoUI_typo-40">
          <div>
            <div
              className="AutoUI_ui_Dropdown-17 AutoUI_typo-170 AutoUI_typo-53 AutoUI_typo-40 ">
              <div
                className="AutoUI_ui_Dropdown-24 ">
                
                <span
                  className="AutoUI_ui_Dropdown-42">
                  <span>
                    <span
                      className="AutoUI_ui_ApplicantBadge-157">
                      Avail. date:
                    </span>
                    <span
                      className="AutoUI_ui_ApplicantBadge-165">
                      11/05/2018
                    </span>
                  </span>
                </span>
              </div>
              <div
                className="AutoUI_ui_Dropdown-52   AutoUI_ui_Dropdown-69 AutoUI_ui_Dropdown-120">
                <div
                  className="AutoUI_ui_Dropdown-73 AutoUI_ui_Dropdown-104">
                  <span
                    className="AutoUI_ui_ApplicantBadge-173">
                    I\'m not currently seeking opportunities.
                  </span>
                </div>
              </div>
            </div>
          </div>
        </span>
        <span
          className="AutoUI_ui_ApplicantBadge-131 AutoUI_typo-170 AutoUI_typo-53 AutoUI_typo-40">
          <div>
            <div
              className="AutoUI_ui_Dropdown-17 AutoUI_typo-170 AutoUI_typo-53 AutoUI_typo-40 ">
              <div
                className="AutoUI_ui_Dropdown-24 ">
                
                <span
                  className="AutoUI_ui_Dropdown-42">
                  <span>
                    <span
                      className="AutoUI_ui_ApplicantBadge-157">
                      Timezone:
                    </span>
                    <span
                      className="AutoUI_ui_ApplicantBadge-165">
                      UTC+7
                    </span>
                  </span>
                </span>
              </div>
            </div>
          </div>
        </span>
        <span
          className="AutoUI_ui_ApplicantBadge-131 AutoUI_typo-170 AutoUI_typo-53 AutoUI_typo-40">
          <div>
            <div
              className="AutoUI_ui_Dropdown-17 AutoUI_typo-170 AutoUI_typo-53 AutoUI_typo-40 ">
              <div
                className="AutoUI_ui_Dropdown-24 ">
                
                <span
                  className="AutoUI_ui_Dropdown-42">
                  <span>
                    <span
                      className="AutoUI_ui_ApplicantBadge-157">
                      Rate:
                    </span>
                    <span
                      className="AutoUI_ui_ApplicantBadge-165">
                      $40
                    </span>
                  </span>
                </span>
              </div>
            </div>
          </div>
        </span>
      </span>
      <span
        className="AutoUI_ui_ApplicantBadge-179">
        <span
          className="AutoUI_ui_ApplicantBadge-189">
          JavaScript
        </span>
        <span
          className="AutoUI_ui_ApplicantBadge-189">
          ES2015
        </span>
        <span
          className="AutoUI_ui_ApplicantBadge-189">
          Node
        </span>
        <span
          className="AutoUI_ui_ApplicantBadge-189">
          Express
        </span>
        <span
          className="AutoUI_ui_TruncatedList-8">
          React
        </span>
        <span
          className="AutoUI_ui_TruncatedList-8">
          Redux
        </span>
        <span
          className="AutoUI_ui_TruncatedList-8">
          Webpack
        </span>
        <span
          className="AutoUI_ui_ApplicantBadge-189 AutoUI_ui_ApplicantBadge-205 AutoUI_ui_ApplicantBadge-219">
          + 3 more
        </span>
      </span>
    </div>
  </span>
  <span
    className="AutoUI_ui_ApplicantGrid-11">
    <div
      className="AutoUI_ui_ApplicantBadge-40 AutoUI_typo-170 AutoUI_typo-53 AutoUI_typo-40 AutoUI_ui_ApplicantBadge-116 AutoUI_ui_ApplicantBadge-63">
      <div
        className="AutoUI_ui_ApplicantBadge-71 AutoUI_typo-118 AutoUI_typo-53 AutoUI_typo-34">
        Applicant full name
      </div>
      <div
        className="AutoUI_ui_ApplicantBadge-80">
        <div
          className="AutoUI_ui_Avatar-15">
          <img
            alt=""
            className="AutoUI_ui_Avatar-21"
            height={90}
            src="https://www.gravatar.com/avatar/7bd7d9ead547762321371143ac0ecf90?s=90"
            width={90} />
        </div>
      </div>
      <div
        className="AutoUI_ui_ApplicantBadge-110 controls" />
      <span
        className="AutoUI_ui_ApplicantBadge-122">
        <span
          className="AutoUI_ui_ApplicantBadge-131 AutoUI_typo-170 AutoUI_typo-53 AutoUI_typo-40">
          <div>
            <div
              className="AutoUI_ui_Dropdown-17 AutoUI_typo-170 AutoUI_typo-53 AutoUI_typo-40 ">
              <div
                className="AutoUI_ui_Dropdown-24 ">
                
                <span
                  className="AutoUI_ui_Dropdown-42">
                  <span>
                    <span
                      className="AutoUI_ui_ApplicantBadge-157">
                      Avail. date:
                    </span>
                    <span
                      className="AutoUI_ui_ApplicantBadge-165">
                      11/05/2018
                    </span>
                  </span>
                </span>
              </div>
              <div
                className="AutoUI_ui_Dropdown-52   AutoUI_ui_Dropdown-69 AutoUI_ui_Dropdown-120">
                <div
                  className="AutoUI_ui_Dropdown-73 AutoUI_ui_Dropdown-104">
                  <span
                    className="AutoUI_ui_ApplicantBadge-173">
                    I\'m not currently seeking opportunities.
                  </span>
                </div>
              </div>
            </div>
          </div>
        </span>
        <span
          className="AutoUI_ui_ApplicantBadge-131 AutoUI_typo-170 AutoUI_typo-53 AutoUI_typo-40">
          <div>
            <div
              className="AutoUI_ui_Dropdown-17 AutoUI_typo-170 AutoUI_typo-53 AutoUI_typo-40 ">
              <div
                className="AutoUI_ui_Dropdown-24 ">
                
                <span
                  className="AutoUI_ui_Dropdown-42">
                  <span>
                    <span
                      className="AutoUI_ui_ApplicantBadge-157">
                      Timezone:
                    </span>
                    <span
                      className="AutoUI_ui_ApplicantBadge-165">
                      UTC+7
                    </span>
                  </span>
                </span>
              </div>
            </div>
          </div>
        </span>
        <span
          className="AutoUI_ui_ApplicantBadge-131 AutoUI_typo-170 AutoUI_typo-53 AutoUI_typo-40">
          <div>
            <div
              className="AutoUI_ui_Dropdown-17 AutoUI_typo-170 AutoUI_typo-53 AutoUI_typo-40 ">
              <div
                className="AutoUI_ui_Dropdown-24 ">
                
                <span
                  className="AutoUI_ui_Dropdown-42">
                  <span>
                    <span
                      className="AutoUI_ui_ApplicantBadge-157">
                      Rate:
                    </span>
                    <span
                      className="AutoUI_ui_ApplicantBadge-165">
                      $40
                    </span>
                  </span>
                </span>
              </div>
            </div>
          </div>
        </span>
      </span>
      <span
        className="AutoUI_ui_ApplicantBadge-179">
        <span
          className="AutoUI_ui_ApplicantBadge-189">
          JavaScript
        </span>
        <span
          className="AutoUI_ui_ApplicantBadge-189">
          ES2015
        </span>
        <span
          className="AutoUI_ui_ApplicantBadge-189">
          Node
        </span>
        <span
          className="AutoUI_ui_ApplicantBadge-189">
          Express
        </span>
        <span
          className="AutoUI_ui_TruncatedList-8">
          React
        </span>
        <span
          className="AutoUI_ui_TruncatedList-8">
          Redux
        </span>
        <span
          className="AutoUI_ui_TruncatedList-8">
          Webpack
        </span>
        <span
          className="AutoUI_ui_ApplicantBadge-189 AutoUI_ui_ApplicantBadge-205 AutoUI_ui_ApplicantBadge-219">
          + 3 more
        </span>
      </span>
    </div>
  </span>
  <span
    className="AutoUI_ui_ApplicantGrid-11">
    <div
      className="AutoUI_ui_ApplicantBadge-40 AutoUI_typo-170 AutoUI_typo-53 AutoUI_typo-40 AutoUI_ui_ApplicantBadge-116 ">
      <div
        className="AutoUI_ui_ApplicantBadge-71 AutoUI_typo-118 AutoUI_typo-53 AutoUI_typo-34">
        Applicant full name
      </div>
      <div
        className="AutoUI_ui_ApplicantBadge-80">
        <div
          className="AutoUI_ui_Avatar-15">
          <img
            alt=""
            className="AutoUI_ui_Avatar-21"
            height={90}
            src="https://www.gravatar.com/avatar/7bd7d9ead547762321371143ac0ecf90?s=90"
            width={90} />
        </div>
      </div>
      <div
        className="AutoUI_ui_ApplicantBadge-110 controls" />
      <span
        className="AutoUI_ui_ApplicantBadge-122">
        <span
          className="AutoUI_ui_ApplicantBadge-131 AutoUI_typo-170 AutoUI_typo-53 AutoUI_typo-40">
          <div>
            <div
              className="AutoUI_ui_Dropdown-17 AutoUI_typo-170 AutoUI_typo-53 AutoUI_typo-40 ">
              <div
                className="AutoUI_ui_Dropdown-24 ">
                
                <span
                  className="AutoUI_ui_Dropdown-42">
                  <span>
                    <span
                      className="AutoUI_ui_ApplicantBadge-157">
                      Avail. date:
                    </span>
                    <span
                      className="AutoUI_ui_ApplicantBadge-165">
                      11/05/2018
                    </span>
                  </span>
                </span>
              </div>
              <div
                className="AutoUI_ui_Dropdown-52   AutoUI_ui_Dropdown-69 AutoUI_ui_Dropdown-120">
                <div
                  className="AutoUI_ui_Dropdown-73 AutoUI_ui_Dropdown-104">
                  <span
                    className="AutoUI_ui_ApplicantBadge-173">
                    I\'m not currently seeking opportunities.
                  </span>
                </div>
              </div>
            </div>
          </div>
        </span>
        <span
          className="AutoUI_ui_ApplicantBadge-131 AutoUI_typo-170 AutoUI_typo-53 AutoUI_typo-40">
          <div>
            <div
              className="AutoUI_ui_Dropdown-17 AutoUI_typo-170 AutoUI_typo-53 AutoUI_typo-40 ">
              <div
                className="AutoUI_ui_Dropdown-24 ">
                
                <span
                  className="AutoUI_ui_Dropdown-42">
                  <span>
                    <span
                      className="AutoUI_ui_ApplicantBadge-157">
                      Timezone:
                    </span>
                    <span
                      className="AutoUI_ui_ApplicantBadge-165">
                      UTC+7
                    </span>
                  </span>
                </span>
              </div>
            </div>
          </div>
        </span>
        <span
          className="AutoUI_ui_ApplicantBadge-131 AutoUI_typo-170 AutoUI_typo-53 AutoUI_typo-40">
          <div>
            <div
              className="AutoUI_ui_Dropdown-17 AutoUI_typo-170 AutoUI_typo-53 AutoUI_typo-40 ">
              <div
                className="AutoUI_ui_Dropdown-24 ">
                
                <span
                  className="AutoUI_ui_Dropdown-42">
                  <span>
                    <span
                      className="AutoUI_ui_ApplicantBadge-157">
                      Rate:
                    </span>
                    <span
                      className="AutoUI_ui_ApplicantBadge-165">
                      $40
                    </span>
                  </span>
                </span>
              </div>
            </div>
          </div>
        </span>
      </span>
      <span
        className="AutoUI_ui_ApplicantBadge-179">
        <span
          className="AutoUI_ui_ApplicantBadge-189">
          JavaScript
        </span>
        <span
          className="AutoUI_ui_ApplicantBadge-189">
          ES2015
        </span>
        <span
          className="AutoUI_ui_ApplicantBadge-189">
          Node
        </span>
        <span
          className="AutoUI_ui_ApplicantBadge-189">
          Express
        </span>
        <span
          className="AutoUI_ui_TruncatedList-8">
          React
        </span>
        <span
          className="AutoUI_ui_TruncatedList-8">
          Redux
        </span>
        <span
          className="AutoUI_ui_TruncatedList-8">
          Webpack
        </span>
        <span
          className="AutoUI_ui_ApplicantBadge-189 AutoUI_ui_ApplicantBadge-205 AutoUI_ui_ApplicantBadge-219">
          + 3 more
        </span>
      </span>
    </div>
  </span>
  <span
    className="AutoUI_ui_TruncatedList-8">
    <div
      className="AutoUI_ui_ApplicantBadge-40 AutoUI_typo-170 AutoUI_typo-53 AutoUI_typo-40 AutoUI_ui_ApplicantBadge-116 ">
      <div
        className="AutoUI_ui_ApplicantBadge-71 AutoUI_typo-118 AutoUI_typo-53 AutoUI_typo-34">
        Applicant full name
      </div>
      <div
        className="AutoUI_ui_ApplicantBadge-80">
        <div
          className="AutoUI_ui_Avatar-15">
          <img
            alt=""
            className="AutoUI_ui_Avatar-21"
            height={90}
            src="https://www.gravatar.com/avatar/7bd7d9ead547762321371143ac0ecf90?s=90"
            width={90} />
        </div>
      </div>
      <div
        className="AutoUI_ui_ApplicantBadge-110 controls" />
      <span
        className="AutoUI_ui_ApplicantBadge-122">
        <span
          className="AutoUI_ui_ApplicantBadge-131 AutoUI_typo-170 AutoUI_typo-53 AutoUI_typo-40">
          <div>
            <div
              className="AutoUI_ui_Dropdown-17 AutoUI_typo-170 AutoUI_typo-53 AutoUI_typo-40 ">
              <div
                className="AutoUI_ui_Dropdown-24 ">
                
                <span
                  className="AutoUI_ui_Dropdown-42">
                  <span>
                    <span
                      className="AutoUI_ui_ApplicantBadge-157">
                      Avail. date:
                    </span>
                    <span
                      className="AutoUI_ui_ApplicantBadge-165">
                      11/05/2018
                    </span>
                  </span>
                </span>
              </div>
              <div
                className="AutoUI_ui_Dropdown-52   AutoUI_ui_Dropdown-69 AutoUI_ui_Dropdown-120">
                <div
                  className="AutoUI_ui_Dropdown-73 AutoUI_ui_Dropdown-104">
                  <span
                    className="AutoUI_ui_ApplicantBadge-173">
                    I\'m not currently seeking opportunities.
                  </span>
                </div>
              </div>
            </div>
          </div>
        </span>
        <span
          className="AutoUI_ui_ApplicantBadge-131 AutoUI_typo-170 AutoUI_typo-53 AutoUI_typo-40">
          <div>
            <div
              className="AutoUI_ui_Dropdown-17 AutoUI_typo-170 AutoUI_typo-53 AutoUI_typo-40 ">
              <div
                className="AutoUI_ui_Dropdown-24 ">
                
                <span
                  className="AutoUI_ui_Dropdown-42">
                  <span>
                    <span
                      className="AutoUI_ui_ApplicantBadge-157">
                      Timezone:
                    </span>
                    <span
                      className="AutoUI_ui_ApplicantBadge-165">
                      UTC+7
                    </span>
                  </span>
                </span>
              </div>
            </div>
          </div>
        </span>
        <span
          className="AutoUI_ui_ApplicantBadge-131 AutoUI_typo-170 AutoUI_typo-53 AutoUI_typo-40">
          <div>
            <div
              className="AutoUI_ui_Dropdown-17 AutoUI_typo-170 AutoUI_typo-53 AutoUI_typo-40 ">
              <div
                className="AutoUI_ui_Dropdown-24 ">
                
                <span
                  className="AutoUI_ui_Dropdown-42">
                  <span>
                    <span
                      className="AutoUI_ui_ApplicantBadge-157">
                      Rate:
                    </span>
                    <span
                      className="AutoUI_ui_ApplicantBadge-165">
                      $40
                    </span>
                  </span>
                </span>
              </div>
            </div>
          </div>
        </span>
      </span>
      <span
        className="AutoUI_ui_ApplicantBadge-179">
        <span
          className="AutoUI_ui_ApplicantBadge-189">
          JavaScript
        </span>
        <span
          className="AutoUI_ui_ApplicantBadge-189">
          ES2015
        </span>
        <span
          className="AutoUI_ui_ApplicantBadge-189">
          Node
        </span>
        <span
          className="AutoUI_ui_ApplicantBadge-189">
          Express
        </span>
        <span
          className="AutoUI_ui_TruncatedList-8">
          React
        </span>
        <span
          className="AutoUI_ui_TruncatedList-8">
          Redux
        </span>
        <span
          className="AutoUI_ui_TruncatedList-8">
          Webpack
        </span>
        <span
          className="AutoUI_ui_ApplicantBadge-189 AutoUI_ui_ApplicantBadge-205 AutoUI_ui_ApplicantBadge-219">
          + 3 more
        </span>
      </span>
    </div>
  </span>
  <span
    className="AutoUI_ui_TruncatedList-8">
    <div
      className="AutoUI_ui_ApplicantBadge-40 AutoUI_typo-170 AutoUI_typo-53 AutoUI_typo-40 AutoUI_ui_ApplicantBadge-116 ">
      <div
        className="AutoUI_ui_ApplicantBadge-71 AutoUI_typo-118 AutoUI_typo-53 AutoUI_typo-34">
        Applicant full name
      </div>
      <div
        className="AutoUI_ui_ApplicantBadge-80">
        <div
          className="AutoUI_ui_Avatar-15">
          <img
            alt=""
            className="AutoUI_ui_Avatar-21"
            height={90}
            src="https://www.gravatar.com/avatar/7bd7d9ead547762321371143ac0ecf90?s=90"
            width={90} />
        </div>
      </div>
      <div
        className="AutoUI_ui_ApplicantBadge-110 controls" />
      <span
        className="AutoUI_ui_ApplicantBadge-122">
        <span
          className="AutoUI_ui_ApplicantBadge-131 AutoUI_typo-170 AutoUI_typo-53 AutoUI_typo-40">
          <div>
            <div
              className="AutoUI_ui_Dropdown-17 AutoUI_typo-170 AutoUI_typo-53 AutoUI_typo-40 ">
              <div
                className="AutoUI_ui_Dropdown-24 ">
                
                <span
                  className="AutoUI_ui_Dropdown-42">
                  <span>
                    <span
                      className="AutoUI_ui_ApplicantBadge-157">
                      Avail. date:
                    </span>
                    <span
                      className="AutoUI_ui_ApplicantBadge-165">
                      11/05/2018
                    </span>
                  </span>
                </span>
              </div>
              <div
                className="AutoUI_ui_Dropdown-52   AutoUI_ui_Dropdown-69 AutoUI_ui_Dropdown-120">
                <div
                  className="AutoUI_ui_Dropdown-73 AutoUI_ui_Dropdown-104">
                  <span
                    className="AutoUI_ui_ApplicantBadge-173">
                    I\'m not currently seeking opportunities.
                  </span>
                </div>
              </div>
            </div>
          </div>
        </span>
        <span
          className="AutoUI_ui_ApplicantBadge-131 AutoUI_typo-170 AutoUI_typo-53 AutoUI_typo-40">
          <div>
            <div
              className="AutoUI_ui_Dropdown-17 AutoUI_typo-170 AutoUI_typo-53 AutoUI_typo-40 ">
              <div
                className="AutoUI_ui_Dropdown-24 ">
                
                <span
                  className="AutoUI_ui_Dropdown-42">
                  <span>
                    <span
                      className="AutoUI_ui_ApplicantBadge-157">
                      Timezone:
                    </span>
                    <span
                      className="AutoUI_ui_ApplicantBadge-165">
                      UTC+7
                    </span>
                  </span>
                </span>
              </div>
            </div>
          </div>
        </span>
        <span
          className="AutoUI_ui_ApplicantBadge-131 AutoUI_typo-170 AutoUI_typo-53 AutoUI_typo-40">
          <div>
            <div
              className="AutoUI_ui_Dropdown-17 AutoUI_typo-170 AutoUI_typo-53 AutoUI_typo-40 ">
              <div
                className="AutoUI_ui_Dropdown-24 ">
                
                <span
                  className="AutoUI_ui_Dropdown-42">
                  <span>
                    <span
                      className="AutoUI_ui_ApplicantBadge-157">
                      Rate:
                    </span>
                    <span
                      className="AutoUI_ui_ApplicantBadge-165">
                      $40
                    </span>
                  </span>
                </span>
              </div>
            </div>
          </div>
        </span>
      </span>
      <span
        className="AutoUI_ui_ApplicantBadge-179">
        <span
          className="AutoUI_ui_ApplicantBadge-189">
          JavaScript
        </span>
        <span
          className="AutoUI_ui_ApplicantBadge-189">
          ES2015
        </span>
        <span
          className="AutoUI_ui_ApplicantBadge-189">
          Node
        </span>
        <span
          className="AutoUI_ui_ApplicantBadge-189">
          Express
        </span>
        <span
          className="AutoUI_ui_TruncatedList-8">
          React
        </span>
        <span
          className="AutoUI_ui_TruncatedList-8">
          Redux
        </span>
        <span
          className="AutoUI_ui_TruncatedList-8">
          Webpack
        </span>
        <span
          className="AutoUI_ui_ApplicantBadge-189 AutoUI_ui_ApplicantBadge-205 AutoUI_ui_ApplicantBadge-219">
          + 3 more
        </span>
      </span>
    </div>
  </span>
  <span
    className="AutoUI_ui_TruncatedList-8">
    <div
      className="AutoUI_ui_ApplicantBadge-40 AutoUI_typo-170 AutoUI_typo-53 AutoUI_typo-40 AutoUI_ui_ApplicantBadge-116 ">
      <div
        className="AutoUI_ui_ApplicantBadge-71 AutoUI_typo-118 AutoUI_typo-53 AutoUI_typo-34">
        Applicant full name
      </div>
      <div
        className="AutoUI_ui_ApplicantBadge-80">
        <div
          className="AutoUI_ui_Avatar-15">
          <img
            alt=""
            className="AutoUI_ui_Avatar-21"
            height={90}
            src="https://www.gravatar.com/avatar/7bd7d9ead547762321371143ac0ecf90?s=90"
            width={90} />
        </div>
      </div>
      <div
        className="AutoUI_ui_ApplicantBadge-110 controls" />
      <span
        className="AutoUI_ui_ApplicantBadge-122">
        <span
          className="AutoUI_ui_ApplicantBadge-131 AutoUI_typo-170 AutoUI_typo-53 AutoUI_typo-40">
          <div>
            <div
              className="AutoUI_ui_Dropdown-17 AutoUI_typo-170 AutoUI_typo-53 AutoUI_typo-40 ">
              <div
                className="AutoUI_ui_Dropdown-24 ">
                
                <span
                  className="AutoUI_ui_Dropdown-42">
                  <span>
                    <span
                      className="AutoUI_ui_ApplicantBadge-157">
                      Avail. date:
                    </span>
                    <span
                      className="AutoUI_ui_ApplicantBadge-165">
                      11/05/2018
                    </span>
                  </span>
                </span>
              </div>
              <div
                className="AutoUI_ui_Dropdown-52   AutoUI_ui_Dropdown-69 AutoUI_ui_Dropdown-120">
                <div
                  className="AutoUI_ui_Dropdown-73 AutoUI_ui_Dropdown-104">
                  <span
                    className="AutoUI_ui_ApplicantBadge-173">
                    I\'m not currently seeking opportunities.
                  </span>
                </div>
              </div>
            </div>
          </div>
        </span>
        <span
          className="AutoUI_ui_ApplicantBadge-131 AutoUI_typo-170 AutoUI_typo-53 AutoUI_typo-40">
          <div>
            <div
              className="AutoUI_ui_Dropdown-17 AutoUI_typo-170 AutoUI_typo-53 AutoUI_typo-40 ">
              <div
                className="AutoUI_ui_Dropdown-24 ">
                
                <span
                  className="AutoUI_ui_Dropdown-42">
                  <span>
                    <span
                      className="AutoUI_ui_ApplicantBadge-157">
                      Timezone:
                    </span>
                    <span
                      className="AutoUI_ui_ApplicantBadge-165">
                      UTC+7
                    </span>
                  </span>
                </span>
              </div>
            </div>
          </div>
        </span>
        <span
          className="AutoUI_ui_ApplicantBadge-131 AutoUI_typo-170 AutoUI_typo-53 AutoUI_typo-40">
          <div>
            <div
              className="AutoUI_ui_Dropdown-17 AutoUI_typo-170 AutoUI_typo-53 AutoUI_typo-40 ">
              <div
                className="AutoUI_ui_Dropdown-24 ">
                
                <span
                  className="AutoUI_ui_Dropdown-42">
                  <span>
                    <span
                      className="AutoUI_ui_ApplicantBadge-157">
                      Rate:
                    </span>
                    <span
                      className="AutoUI_ui_ApplicantBadge-165">
                      $40
                    </span>
                  </span>
                </span>
              </div>
            </div>
          </div>
        </span>
      </span>
      <span
        className="AutoUI_ui_ApplicantBadge-179">
        <span
          className="AutoUI_ui_ApplicantBadge-189">
          JavaScript
        </span>
        <span
          className="AutoUI_ui_ApplicantBadge-189">
          ES2015
        </span>
        <span
          className="AutoUI_ui_ApplicantBadge-189">
          Node
        </span>
        <span
          className="AutoUI_ui_ApplicantBadge-189">
          Express
        </span>
        <span
          className="AutoUI_ui_TruncatedList-8">
          React
        </span>
        <span
          className="AutoUI_ui_TruncatedList-8">
          Redux
        </span>
        <span
          className="AutoUI_ui_TruncatedList-8">
          Webpack
        </span>
        <span
          className="AutoUI_ui_ApplicantBadge-189 AutoUI_ui_ApplicantBadge-205 AutoUI_ui_ApplicantBadge-219">
          + 3 more
        </span>
      </span>
    </div>
  </span>
  <span
    className="AutoUI_ui_TruncatedList-8">
    <div
      className="AutoUI_ui_ApplicantBadge-40 AutoUI_typo-170 AutoUI_typo-53 AutoUI_typo-40 AutoUI_ui_ApplicantBadge-116 ">
      <div
        className="AutoUI_ui_ApplicantBadge-71 AutoUI_typo-118 AutoUI_typo-53 AutoUI_typo-34">
        Applicant full name
      </div>
      <div
        className="AutoUI_ui_ApplicantBadge-80">
        <div
          className="AutoUI_ui_Avatar-15">
          <img
            alt=""
            className="AutoUI_ui_Avatar-21"
            height={90}
            src="https://www.gravatar.com/avatar/7bd7d9ead547762321371143ac0ecf90?s=90"
            width={90} />
        </div>
      </div>
      <div
        className="AutoUI_ui_ApplicantBadge-110 controls" />
      <span
        className="AutoUI_ui_ApplicantBadge-122">
        <span
          className="AutoUI_ui_ApplicantBadge-131 AutoUI_typo-170 AutoUI_typo-53 AutoUI_typo-40">
          <div>
            <div
              className="AutoUI_ui_Dropdown-17 AutoUI_typo-170 AutoUI_typo-53 AutoUI_typo-40 ">
              <div
                className="AutoUI_ui_Dropdown-24 ">
                
                <span
                  className="AutoUI_ui_Dropdown-42">
                  <span>
                    <span
                      className="AutoUI_ui_ApplicantBadge-157">
                      Avail. date:
                    </span>
                    <span
                      className="AutoUI_ui_ApplicantBadge-165">
                      11/05/2018
                    </span>
                  </span>
                </span>
              </div>
              <div
                className="AutoUI_ui_Dropdown-52   AutoUI_ui_Dropdown-69 AutoUI_ui_Dropdown-120">
                <div
                  className="AutoUI_ui_Dropdown-73 AutoUI_ui_Dropdown-104">
                  <span
                    className="AutoUI_ui_ApplicantBadge-173">
                    I\'m not currently seeking opportunities.
                  </span>
                </div>
              </div>
            </div>
          </div>
        </span>
        <span
          className="AutoUI_ui_ApplicantBadge-131 AutoUI_typo-170 AutoUI_typo-53 AutoUI_typo-40">
          <div>
            <div
              className="AutoUI_ui_Dropdown-17 AutoUI_typo-170 AutoUI_typo-53 AutoUI_typo-40 ">
              <div
                className="AutoUI_ui_Dropdown-24 ">
                
                <span
                  className="AutoUI_ui_Dropdown-42">
                  <span>
                    <span
                      className="AutoUI_ui_ApplicantBadge-157">
                      Timezone:
                    </span>
                    <span
                      className="AutoUI_ui_ApplicantBadge-165">
                      UTC+7
                    </span>
                  </span>
                </span>
              </div>
            </div>
          </div>
        </span>
        <span
          className="AutoUI_ui_ApplicantBadge-131 AutoUI_typo-170 AutoUI_typo-53 AutoUI_typo-40">
          <div>
            <div
              className="AutoUI_ui_Dropdown-17 AutoUI_typo-170 AutoUI_typo-53 AutoUI_typo-40 ">
              <div
                className="AutoUI_ui_Dropdown-24 ">
                
                <span
                  className="AutoUI_ui_Dropdown-42">
                  <span>
                    <span
                      className="AutoUI_ui_ApplicantBadge-157">
                      Rate:
                    </span>
                    <span
                      className="AutoUI_ui_ApplicantBadge-165">
                      $40
                    </span>
                  </span>
                </span>
              </div>
            </div>
          </div>
        </span>
      </span>
      <span
        className="AutoUI_ui_ApplicantBadge-179">
        <span
          className="AutoUI_ui_ApplicantBadge-189">
          JavaScript
        </span>
        <span
          className="AutoUI_ui_ApplicantBadge-189">
          ES2015
        </span>
        <span
          className="AutoUI_ui_ApplicantBadge-189">
          Node
        </span>
        <span
          className="AutoUI_ui_ApplicantBadge-189">
          Express
        </span>
        <span
          className="AutoUI_ui_TruncatedList-8">
          React
        </span>
        <span
          className="AutoUI_ui_TruncatedList-8">
          Redux
        </span>
        <span
          className="AutoUI_ui_TruncatedList-8">
          Webpack
        </span>
        <span
          className="AutoUI_ui_ApplicantBadge-189 AutoUI_ui_ApplicantBadge-205 AutoUI_ui_ApplicantBadge-219">
          + 3 more
        </span>
      </span>
    </div>
  </span>
  <span
    className="AutoUI_ui_TruncatedList-8">
    <div
      className="AutoUI_ui_ApplicantBadge-40 AutoUI_typo-170 AutoUI_typo-53 AutoUI_typo-40 AutoUI_ui_ApplicantBadge-116 ">
      <div
        className="AutoUI_ui_ApplicantBadge-71 AutoUI_typo-118 AutoUI_typo-53 AutoUI_typo-34">
        Applicant full name
      </div>
      <div
        className="AutoUI_ui_ApplicantBadge-80">
        <div
          className="AutoUI_ui_Avatar-15">
          <img
            alt=""
            className="AutoUI_ui_Avatar-21"
            height={90}
            src="https://www.gravatar.com/avatar/7bd7d9ead547762321371143ac0ecf90?s=90"
            width={90} />
        </div>
      </div>
      <div
        className="AutoUI_ui_ApplicantBadge-110 controls" />
      <span
        className="AutoUI_ui_ApplicantBadge-122">
        <span
          className="AutoUI_ui_ApplicantBadge-131 AutoUI_typo-170 AutoUI_typo-53 AutoUI_typo-40">
          <div>
            <div
              className="AutoUI_ui_Dropdown-17 AutoUI_typo-170 AutoUI_typo-53 AutoUI_typo-40 ">
              <div
                className="AutoUI_ui_Dropdown-24 ">
                
                <span
                  className="AutoUI_ui_Dropdown-42">
                  <span>
                    <span
                      className="AutoUI_ui_ApplicantBadge-157">
                      Avail. date:
                    </span>
                    <span
                      className="AutoUI_ui_ApplicantBadge-165">
                      11/05/2018
                    </span>
                  </span>
                </span>
              </div>
              <div
                className="AutoUI_ui_Dropdown-52   AutoUI_ui_Dropdown-69 AutoUI_ui_Dropdown-120">
                <div
                  className="AutoUI_ui_Dropdown-73 AutoUI_ui_Dropdown-104">
                  <span
                    className="AutoUI_ui_ApplicantBadge-173">
                    I\'m not currently seeking opportunities.
                  </span>
                </div>
              </div>
            </div>
          </div>
        </span>
        <span
          className="AutoUI_ui_ApplicantBadge-131 AutoUI_typo-170 AutoUI_typo-53 AutoUI_typo-40">
          <div>
            <div
              className="AutoUI_ui_Dropdown-17 AutoUI_typo-170 AutoUI_typo-53 AutoUI_typo-40 ">
              <div
                className="AutoUI_ui_Dropdown-24 ">
                
                <span
                  className="AutoUI_ui_Dropdown-42">
                  <span>
                    <span
                      className="AutoUI_ui_ApplicantBadge-157">
                      Timezone:
                    </span>
                    <span
                      className="AutoUI_ui_ApplicantBadge-165">
                      UTC+7
                    </span>
                  </span>
                </span>
              </div>
            </div>
          </div>
        </span>
        <span
          className="AutoUI_ui_ApplicantBadge-131 AutoUI_typo-170 AutoUI_typo-53 AutoUI_typo-40">
          <div>
            <div
              className="AutoUI_ui_Dropdown-17 AutoUI_typo-170 AutoUI_typo-53 AutoUI_typo-40 ">
              <div
                className="AutoUI_ui_Dropdown-24 ">
                
                <span
                  className="AutoUI_ui_Dropdown-42">
                  <span>
                    <span
                      className="AutoUI_ui_ApplicantBadge-157">
                      Rate:
                    </span>
                    <span
                      className="AutoUI_ui_ApplicantBadge-165">
                      $40
                    </span>
                  </span>
                </span>
              </div>
            </div>
          </div>
        </span>
      </span>
      <span
        className="AutoUI_ui_ApplicantBadge-179">
        <span
          className="AutoUI_ui_ApplicantBadge-189">
          JavaScript
        </span>
        <span
          className="AutoUI_ui_ApplicantBadge-189">
          ES2015
        </span>
        <span
          className="AutoUI_ui_ApplicantBadge-189">
          Node
        </span>
        <span
          className="AutoUI_ui_ApplicantBadge-189">
          Express
        </span>
        <span
          className="AutoUI_ui_TruncatedList-8">
          React
        </span>
        <span
          className="AutoUI_ui_TruncatedList-8">
          Redux
        </span>
        <span
          className="AutoUI_ui_TruncatedList-8">
          Webpack
        </span>
        <span
          className="AutoUI_ui_ApplicantBadge-189 AutoUI_ui_ApplicantBadge-205 AutoUI_ui_ApplicantBadge-219">
          + 3 more
        </span>
      </span>
    </div>
  </span>
  <span
    className="AutoUI_ui_TruncatedList-8">
    <div
      className="AutoUI_ui_ApplicantBadge-40 AutoUI_typo-170 AutoUI_typo-53 AutoUI_typo-40 AutoUI_ui_ApplicantBadge-116 ">
      <div
        className="AutoUI_ui_ApplicantBadge-71 AutoUI_typo-118 AutoUI_typo-53 AutoUI_typo-34">
        Applicant full name
      </div>
      <div
        className="AutoUI_ui_ApplicantBadge-80">
        <div
          className="AutoUI_ui_Avatar-15">
          <img
            alt=""
            className="AutoUI_ui_Avatar-21"
            height={90}
            src="https://www.gravatar.com/avatar/7bd7d9ead547762321371143ac0ecf90?s=90"
            width={90} />
        </div>
      </div>
      <div
        className="AutoUI_ui_ApplicantBadge-110 controls" />
      <span
        className="AutoUI_ui_ApplicantBadge-122">
        <span
          className="AutoUI_ui_ApplicantBadge-131 AutoUI_typo-170 AutoUI_typo-53 AutoUI_typo-40">
          <div>
            <div
              className="AutoUI_ui_Dropdown-17 AutoUI_typo-170 AutoUI_typo-53 AutoUI_typo-40 ">
              <div
                className="AutoUI_ui_Dropdown-24 ">
                
                <span
                  className="AutoUI_ui_Dropdown-42">
                  <span>
                    <span
                      className="AutoUI_ui_ApplicantBadge-157">
                      Avail. date:
                    </span>
                    <span
                      className="AutoUI_ui_ApplicantBadge-165">
                      11/05/2018
                    </span>
                  </span>
                </span>
              </div>
              <div
                className="AutoUI_ui_Dropdown-52   AutoUI_ui_Dropdown-69 AutoUI_ui_Dropdown-120">
                <div
                  className="AutoUI_ui_Dropdown-73 AutoUI_ui_Dropdown-104">
                  <span
                    className="AutoUI_ui_ApplicantBadge-173">
                    I\'m not currently seeking opportunities.
                  </span>
                </div>
              </div>
            </div>
          </div>
        </span>
        <span
          className="AutoUI_ui_ApplicantBadge-131 AutoUI_typo-170 AutoUI_typo-53 AutoUI_typo-40">
          <div>
            <div
              className="AutoUI_ui_Dropdown-17 AutoUI_typo-170 AutoUI_typo-53 AutoUI_typo-40 ">
              <div
                className="AutoUI_ui_Dropdown-24 ">
                
                <span
                  className="AutoUI_ui_Dropdown-42">
                  <span>
                    <span
                      className="AutoUI_ui_ApplicantBadge-157">
                      Timezone:
                    </span>
                    <span
                      className="AutoUI_ui_ApplicantBadge-165">
                      UTC+7
                    </span>
                  </span>
                </span>
              </div>
            </div>
          </div>
        </span>
        <span
          className="AutoUI_ui_ApplicantBadge-131 AutoUI_typo-170 AutoUI_typo-53 AutoUI_typo-40">
          <div>
            <div
              className="AutoUI_ui_Dropdown-17 AutoUI_typo-170 AutoUI_typo-53 AutoUI_typo-40 ">
              <div
                className="AutoUI_ui_Dropdown-24 ">
                
                <span
                  className="AutoUI_ui_Dropdown-42">
                  <span>
                    <span
                      className="AutoUI_ui_ApplicantBadge-157">
                      Rate:
                    </span>
                    <span
                      className="AutoUI_ui_ApplicantBadge-165">
                      $40
                    </span>
                  </span>
                </span>
              </div>
            </div>
          </div>
        </span>
      </span>
      <span
        className="AutoUI_ui_ApplicantBadge-179">
        <span
          className="AutoUI_ui_ApplicantBadge-189">
          JavaScript
        </span>
        <span
          className="AutoUI_ui_ApplicantBadge-189">
          ES2015
        </span>
        <span
          className="AutoUI_ui_ApplicantBadge-189">
          Node
        </span>
        <span
          className="AutoUI_ui_ApplicantBadge-189">
          Express
        </span>
        <span
          className="AutoUI_ui_TruncatedList-8">
          React
        </span>
        <span
          className="AutoUI_ui_TruncatedList-8">
          Redux
        </span>
        <span
          className="AutoUI_ui_TruncatedList-8">
          Webpack
        </span>
        <span
          className="AutoUI_ui_ApplicantBadge-189 AutoUI_ui_ApplicantBadge-205 AutoUI_ui_ApplicantBadge-219">
          + 3 more
        </span>
      </span>
    </div>
  </span>
  <span
    className="AutoUI_ui_TruncatedList-8">
    <div
      className="AutoUI_ui_ApplicantBadge-40 AutoUI_typo-170 AutoUI_typo-53 AutoUI_typo-40 AutoUI_ui_ApplicantBadge-116 ">
      <div
        className="AutoUI_ui_ApplicantBadge-71 AutoUI_typo-118 AutoUI_typo-53 AutoUI_typo-34">
        Applicant full name
      </div>
      <div
        className="AutoUI_ui_ApplicantBadge-80">
        <div
          className="AutoUI_ui_Avatar-15">
          <img
            alt=""
            className="AutoUI_ui_Avatar-21"
            height={90}
            src="https://www.gravatar.com/avatar/7bd7d9ead547762321371143ac0ecf90?s=90"
            width={90} />
        </div>
      </div>
      <div
        className="AutoUI_ui_ApplicantBadge-110 controls" />
      <span
        className="AutoUI_ui_ApplicantBadge-122">
        <span
          className="AutoUI_ui_ApplicantBadge-131 AutoUI_typo-170 AutoUI_typo-53 AutoUI_typo-40">
          <div>
            <div
              className="AutoUI_ui_Dropdown-17 AutoUI_typo-170 AutoUI_typo-53 AutoUI_typo-40 ">
              <div
                className="AutoUI_ui_Dropdown-24 ">
                
                <span
                  className="AutoUI_ui_Dropdown-42">
                  <span>
                    <span
                      className="AutoUI_ui_ApplicantBadge-157">
                      Avail. date:
                    </span>
                    <span
                      className="AutoUI_ui_ApplicantBadge-165">
                      11/05/2018
                    </span>
                  </span>
                </span>
              </div>
              <div
                className="AutoUI_ui_Dropdown-52   AutoUI_ui_Dropdown-69 AutoUI_ui_Dropdown-120">
                <div
                  className="AutoUI_ui_Dropdown-73 AutoUI_ui_Dropdown-104">
                  <span
                    className="AutoUI_ui_ApplicantBadge-173">
                    I\'m not currently seeking opportunities.
                  </span>
                </div>
              </div>
            </div>
          </div>
        </span>
        <span
          className="AutoUI_ui_ApplicantBadge-131 AutoUI_typo-170 AutoUI_typo-53 AutoUI_typo-40">
          <div>
            <div
              className="AutoUI_ui_Dropdown-17 AutoUI_typo-170 AutoUI_typo-53 AutoUI_typo-40 ">
              <div
                className="AutoUI_ui_Dropdown-24 ">
                
                <span
                  className="AutoUI_ui_Dropdown-42">
                  <span>
                    <span
                      className="AutoUI_ui_ApplicantBadge-157">
                      Timezone:
                    </span>
                    <span
                      className="AutoUI_ui_ApplicantBadge-165">
                      UTC+7
                    </span>
                  </span>
                </span>
              </div>
            </div>
          </div>
        </span>
        <span
          className="AutoUI_ui_ApplicantBadge-131 AutoUI_typo-170 AutoUI_typo-53 AutoUI_typo-40">
          <div>
            <div
              className="AutoUI_ui_Dropdown-17 AutoUI_typo-170 AutoUI_typo-53 AutoUI_typo-40 ">
              <div
                className="AutoUI_ui_Dropdown-24 ">
                
                <span
                  className="AutoUI_ui_Dropdown-42">
                  <span>
                    <span
                      className="AutoUI_ui_ApplicantBadge-157">
                      Rate:
                    </span>
                    <span
                      className="AutoUI_ui_ApplicantBadge-165">
                      $40
                    </span>
                  </span>
                </span>
              </div>
            </div>
          </div>
        </span>
      </span>
      <span
        className="AutoUI_ui_ApplicantBadge-179">
        <span
          className="AutoUI_ui_ApplicantBadge-189">
          JavaScript
        </span>
        <span
          className="AutoUI_ui_ApplicantBadge-189">
          ES2015
        </span>
        <span
          className="AutoUI_ui_ApplicantBadge-189">
          Node
        </span>
        <span
          className="AutoUI_ui_ApplicantBadge-189">
          Express
        </span>
        <span
          className="AutoUI_ui_TruncatedList-8">
          React
        </span>
        <span
          className="AutoUI_ui_TruncatedList-8">
          Redux
        </span>
        <span
          className="AutoUI_ui_TruncatedList-8">
          Webpack
        </span>
        <span
          className="AutoUI_ui_ApplicantBadge-189 AutoUI_ui_ApplicantBadge-205 AutoUI_ui_ApplicantBadge-219">
          + 3 more
        </span>
      </span>
    </div>
  </span>
  <span
    className="AutoUI_ui_ApplicantGrid-16">
    <button
      className=" AutoUI_ui_Button-72 AutoUI_ui_Button-34 AutoUI_ui_Button-123 AutoUI_ui_Button-142 outlined AutoUI_ui_Button-156">
      <span
        className="AutoUI_ui_Button-48 AutoUI_typo-159 AutoUI_typo-53 AutoUI_typo-46">
        View more
      </span>
    </button>
  </span>
</span>
`;
