exports[`ApplicantListFilter-0 1`] = `
<form
  className="AutoUI_ApplicantListFilter-14 AutoUI_typo-21 AutoUI_typo-15">
  <div
    className="AutoUI_ApplicantListFilter-8">
    <label>
      <input
        name="pending"
        type="checkbox" />
      <span>
        Pending (
        0
        )
      </span>
    </label>
  </div>
  <div
    className="AutoUI_ApplicantListFilter-8">
    <label>
      <input
        name="accepted"
        type="checkbox" />
      <span>
        Accepted (
        10
        )
      </span>
    </label>
  </div>
  <div
    className="AutoUI_ApplicantListFilter-8">
    <label>
      <input
        name="excluded"
        type="checkbox" />
      <span>
        Excluded (
        40
        )
      </span>
    </label>
  </div>
</form>
`;
