exports[`ApplicantBadge-1 1`] = `
<div
  className="AutoUI_ui_ApplicantBadge-37 AutoUI_typo-170 AutoUI_typo-53 AutoUI_typo-40  ">
  <div
    className="AutoUI_ui_ApplicantBadge-67 AutoUI_typo-118 AutoUI_typo-53 AutoUI_typo-34">
    Applicant full name
  </div>
  <div
    className="AutoUI_ui_ApplicantBadge-77">
    <div
      className="AutoUI_ui_Avatar-15">
      <img
        alt=""
        className="AutoUI_ui_Avatar-21"
        height={90}
        src="https://www.gravatar.com/avatar/7bd7d9ead547762321371143ac0ecf90?s=90"
        width={90} />
    </div>
  </div>
  <div
    className="AutoUI_ui_ApplicantBadge-84">
    <div>
      <div
        className="AutoUI_ui_Dropdown-17 AutoUI_typo-170 AutoUI_typo-53 AutoUI_typo-40 "
        onMouseEnter={false}
        onMouseLeave={false}>
        <div
          className="AutoUI_ui_Dropdown-24 ">
          
          <span
            className="AutoUI_ui_Dropdown-42">
            <span
              className="AutoUI_ui_ApplicantBadge-89">
              <svg
                height="14px"
                viewBox="0 0 14 14"
                width="14px">
                <g
                  fill="none"
                  fillRule="evenodd"
                  stroke="none"
                  strokeLinecap="square"
                  strokeWidth="1">
                  <g
                    stroke={
                      Object {
                        "color": Array [
                          246,
                          57,
                          84,
                        ],
                        "model": "rgb",
                        "valpha": 1,
                      }
                    }
                    strokeWidth="2"
                    transform="translate(-1294.000000, -1073.000000)">
                    <g
                      transform="translate(1300.899495, 1079.899495) rotate(45.000000) translate(-1300.899495, -1079.899495) translate(1293.899495, 1072.899495)">
                      <path
                        d="M7,0 L7,14" />
                      <path
                        d="M14,7 L0,7" />
                    </g>
                  </g>
                </g>
              </svg>
            </span>
          </span>
        </div>
        <div
          className="AutoUI_ui_Dropdown-52    AutoUI_ui_Dropdown-117">
          <div
            className="AutoUI_ui_Dropdown-73 ">
            <form>
              A list of inputs with a submit button
            </form>
          </div>
        </div>
      </div>
    </div>
  </div>
  <ul
    className="AutoUI_ui_TruncatedList-8 AutoUI_ui_ApplicantBadge-113">
    <li
      className="AutoUI_ui_TruncatedList-14 AutoUI_ui_ApplicantBadge-122 AutoUI_typo-170 AutoUI_typo-53 AutoUI_typo-40">
      <div>
        <div
          className="AutoUI_ui_Dropdown-17 AutoUI_typo-170 AutoUI_typo-53 AutoUI_typo-40 ">
          <div
            className="AutoUI_ui_Dropdown-24 ">
            
            <span
              className="AutoUI_ui_Dropdown-42">
              <span>
                <span
                  className="AutoUI_ui_ApplicantBadge-149">
                  Avail. date:
                </span>
                <span
                  className="AutoUI_ui_ApplicantBadge-157">
                  11/05/2018
                </span>
              </span>
            </span>
          </div>
          <div
            className="AutoUI_ui_Dropdown-52   AutoUI_ui_Dropdown-69 AutoUI_ui_Dropdown-120">
            <div
              className="AutoUI_ui_Dropdown-73 AutoUI_ui_Dropdown-104">
              <span
                className="AutoUI_ui_ApplicantBadge-165">
                I\'m not currently seeking opportunities.
              </span>
            </div>
          </div>
        </div>
      </div>
    </li>
    <li
      className="AutoUI_ui_TruncatedList-14 AutoUI_ui_ApplicantBadge-122 AutoUI_typo-170 AutoUI_typo-53 AutoUI_typo-40">
      <div>
        <div
          className="AutoUI_ui_Dropdown-17 AutoUI_typo-170 AutoUI_typo-53 AutoUI_typo-40 ">
          <div
            className="AutoUI_ui_Dropdown-24 ">
            
            <span
              className="AutoUI_ui_Dropdown-42">
              <span>
                <span
                  className="AutoUI_ui_ApplicantBadge-149">
                  Timezone:
                </span>
                <span
                  className="AutoUI_ui_ApplicantBadge-157">
                  UTC+7
                </span>
              </span>
            </span>
          </div>
        </div>
      </div>
    </li>
    <li
      className="AutoUI_ui_TruncatedList-14 AutoUI_ui_ApplicantBadge-122 AutoUI_typo-170 AutoUI_typo-53 AutoUI_typo-40">
      <div>
        <div
          className="AutoUI_ui_Dropdown-17 AutoUI_typo-170 AutoUI_typo-53 AutoUI_typo-40 ">
          <div
            className="AutoUI_ui_Dropdown-24 ">
            
            <span
              className="AutoUI_ui_Dropdown-42">
              <span>
                <span
                  className="AutoUI_ui_ApplicantBadge-149">
                  Rate:
                </span>
                <span
                  className="AutoUI_ui_ApplicantBadge-157">
                  $40
                </span>
              </span>
            </span>
          </div>
        </div>
      </div>
    </li>
  </ul>
  <ul
    className="AutoUI_ui_TruncatedList-8 AutoUI_ui_ApplicantBadge-171">
    <li
      className="AutoUI_ui_TruncatedList-14 AutoUI_ui_ApplicantBadge-181">
      JavaScript
    </li>
    <li
      className="AutoUI_ui_TruncatedList-14 AutoUI_ui_ApplicantBadge-181">
      ES2015
    </li>
    <li
      className="AutoUI_ui_TruncatedList-14 AutoUI_ui_ApplicantBadge-181">
      Node
    </li>
    <li
      className="AutoUI_ui_TruncatedList-14 AutoUI_ui_ApplicantBadge-181">
      Express
    </li>
    <li
      className="AutoUI_ui_TruncatedList-14 AutoUI_ui_TruncatedList-19">
      React
    </li>
    <li
      className="AutoUI_ui_TruncatedList-14 AutoUI_ui_TruncatedList-19">
      Redux
    </li>
    <li
      className="AutoUI_ui_TruncatedList-14 AutoUI_ui_TruncatedList-19">
      Webpack
    </li>
    <li
      className="AutoUI_ui_ApplicantBadge-181 AutoUI_ui_ApplicantBadge-197 AutoUI_ui_ApplicantBadge-212">
      + 3 more
    </li>
  </ul>
</div>
`;
