exports[`ApplicantGrid-1 1`] = `
<ul
  className="AutoUI_ui_TruncatedList-8 ">
  <li
    className="AutoUI_ui_TruncatedList-14 AutoUI_ui_ApplicantGrid-11">
    <div
      className="AutoUI_ui_ApplicantBadge-36 AutoUI_typo-170 AutoUI_typo-53 AutoUI_typo-40 AutoUI_ui_ApplicantBadge-195 ">
      <div
        className="AutoUI_ui_ApplicantBadge-64 AutoUI_typo-118 AutoUI_typo-53 AutoUI_typo-34">
        Ryan Chartrand
      </div>
      <div
        className="AutoUI_ui_ApplicantBadge-72">
        <div
          className="AutoUI_ui_Avatar-15">
          <img
            alt=""
            className="AutoUI_ui_Avatar-21"
            height={90}
            src="https://www.gravatar.com/avatar/23f320fd7fb808e571fddd54ec7404ce?s=90"
            width={90} />
        </div>
      </div>
      <ul
        className="AutoUI_ui_TruncatedList-8 AutoUI_ui_ApplicantBadge-108">
        <li
          className="AutoUI_ui_TruncatedList-14 AutoUI_ui_ApplicantBadge-116 AutoUI_typo-170 AutoUI_typo-53 AutoUI_typo-40">
          <span>
            <span
              className="AutoUI_ui_ApplicantBadge-142">
              Avail. date:
            </span>
            <span
              className="AutoUI_ui_ApplicantBadge-147">
              11/05/2018
            </span>
          </span>
        </li>
        <li
          className="AutoUI_ui_TruncatedList-14 AutoUI_ui_ApplicantBadge-116 AutoUI_typo-170 AutoUI_typo-53 AutoUI_typo-40">
          <span>
            <span
              className="AutoUI_ui_ApplicantBadge-142">
              Timezone:
            </span>
            <span
              className="AutoUI_ui_ApplicantBadge-147">
              UTC+7
            </span>
          </span>
        </li>
        <li
          className="AutoUI_ui_TruncatedList-14 AutoUI_ui_ApplicantBadge-116 AutoUI_typo-170 AutoUI_typo-53 AutoUI_typo-40">
          <span>
            <span
              className="AutoUI_ui_ApplicantBadge-142">
              Rate:
            </span>
            <span
              className="AutoUI_ui_ApplicantBadge-147">
              $40
            </span>
          </span>
        </li>
      </ul>
      <ul
        className="AutoUI_ui_TruncatedList-8 AutoUI_ui_ApplicantBadge-151">
        <li
          className="AutoUI_ui_TruncatedList-14 AutoUI_ui_ApplicantBadge-160">
          JavaScript
        </li>
        <li
          className="AutoUI_ui_TruncatedList-14 AutoUI_ui_ApplicantBadge-160">
          ES2015
        </li>
        <li
          className="AutoUI_ui_TruncatedList-14 AutoUI_ui_ApplicantBadge-160">
          Node
        </li>
        <li
          className="AutoUI_ui_TruncatedList-14 AutoUI_ui_ApplicantBadge-160">
          Express
        </li>
        <li
          className="AutoUI_ui_TruncatedList-14 AutoUI_ui_TruncatedList-19">
          React
        </li>
        <li
          className="AutoUI_ui_TruncatedList-14 AutoUI_ui_TruncatedList-19">
          Redux
        </li>
        <li
          className="AutoUI_ui_TruncatedList-14 AutoUI_ui_TruncatedList-19">
          Webpack
        </li>
        <li
          className="AutoUI_ui_ApplicantBadge-160 AutoUI_ui_ApplicantBadge-175">
          +3 more
        </li>
      </ul>
    </div>
  </li>
  <li
    className="AutoUI_ui_TruncatedList-14 AutoUI_ui_ApplicantGrid-11">
    <div
      className="AutoUI_ui_ApplicantBadge-36 AutoUI_typo-170 AutoUI_typo-53 AutoUI_typo-40 AutoUI_ui_ApplicantBadge-195 AutoUI_ui_ApplicantBadge-57">
      <div
        className="AutoUI_ui_ApplicantBadge-64 AutoUI_typo-118 AutoUI_typo-53 AutoUI_typo-34">
        Ryan Chartrand
      </div>
      <div
        className="AutoUI_ui_ApplicantBadge-72">
        <div
          className="AutoUI_ui_Avatar-15">
          <img
            alt=""
            className="AutoUI_ui_Avatar-21"
            height={90}
            src="https://www.gravatar.com/avatar/23f320fd7fb808e571fddd54ec7404ce?s=90"
            width={90} />
        </div>
      </div>
      <ul
        className="AutoUI_ui_TruncatedList-8 AutoUI_ui_ApplicantBadge-108">
        <li
          className="AutoUI_ui_TruncatedList-14 AutoUI_ui_ApplicantBadge-116 AutoUI_typo-170 AutoUI_typo-53 AutoUI_typo-40">
          <span>
            <span
              className="AutoUI_ui_ApplicantBadge-142">
              Avail. date:
            </span>
            <span
              className="AutoUI_ui_ApplicantBadge-147">
              11/05/2018
            </span>
          </span>
        </li>
        <li
          className="AutoUI_ui_TruncatedList-14 AutoUI_ui_ApplicantBadge-116 AutoUI_typo-170 AutoUI_typo-53 AutoUI_typo-40">
          <span>
            <span
              className="AutoUI_ui_ApplicantBadge-142">
              Timezone:
            </span>
            <span
              className="AutoUI_ui_ApplicantBadge-147">
              UTC+7
            </span>
          </span>
        </li>
        <li
          className="AutoUI_ui_TruncatedList-14 AutoUI_ui_ApplicantBadge-116 AutoUI_typo-170 AutoUI_typo-53 AutoUI_typo-40">
          <span>
            <span
              className="AutoUI_ui_ApplicantBadge-142">
              Rate:
            </span>
            <span
              className="AutoUI_ui_ApplicantBadge-147">
              $40
            </span>
          </span>
        </li>
      </ul>
      <ul
        className="AutoUI_ui_TruncatedList-8 AutoUI_ui_ApplicantBadge-151">
        <li
          className="AutoUI_ui_TruncatedList-14 AutoUI_ui_ApplicantBadge-160">
          JavaScript
        </li>
        <li
          className="AutoUI_ui_TruncatedList-14 AutoUI_ui_ApplicantBadge-160">
          ES2015
        </li>
        <li
          className="AutoUI_ui_TruncatedList-14 AutoUI_ui_ApplicantBadge-160">
          Node
        </li>
        <li
          className="AutoUI_ui_TruncatedList-14 AutoUI_ui_ApplicantBadge-160">
          Express
        </li>
        <li
          className="AutoUI_ui_TruncatedList-14 AutoUI_ui_TruncatedList-19">
          React
        </li>
        <li
          className="AutoUI_ui_TruncatedList-14 AutoUI_ui_TruncatedList-19">
          Redux
        </li>
        <li
          className="AutoUI_ui_TruncatedList-14 AutoUI_ui_TruncatedList-19">
          Webpack
        </li>
        <li
          className="AutoUI_ui_ApplicantBadge-160 AutoUI_ui_ApplicantBadge-175">
          +3 more
        </li>
      </ul>
    </div>
  </li>
  <li
    className="AutoUI_ui_TruncatedList-14 AutoUI_ui_ApplicantGrid-11">
    <div
      className="AutoUI_ui_ApplicantBadge-36 AutoUI_typo-170 AutoUI_typo-53 AutoUI_typo-40 AutoUI_ui_ApplicantBadge-195 ">
      <div
        className="AutoUI_ui_ApplicantBadge-64 AutoUI_typo-118 AutoUI_typo-53 AutoUI_typo-34">
        Ryan Chartrand
      </div>
      <div
        className="AutoUI_ui_ApplicantBadge-72">
        <div
          className="AutoUI_ui_Avatar-15">
          <img
            alt=""
            className="AutoUI_ui_Avatar-21"
            height={90}
            src="https://www.gravatar.com/avatar/23f320fd7fb808e571fddd54ec7404ce?s=90"
            width={90} />
        </div>
      </div>
      <ul
        className="AutoUI_ui_TruncatedList-8 AutoUI_ui_ApplicantBadge-108">
        <li
          className="AutoUI_ui_TruncatedList-14 AutoUI_ui_ApplicantBadge-116 AutoUI_typo-170 AutoUI_typo-53 AutoUI_typo-40">
          <span>
            <span
              className="AutoUI_ui_ApplicantBadge-142">
              Avail. date:
            </span>
            <span
              className="AutoUI_ui_ApplicantBadge-147">
              11/05/2018
            </span>
          </span>
        </li>
        <li
          className="AutoUI_ui_TruncatedList-14 AutoUI_ui_ApplicantBadge-116 AutoUI_typo-170 AutoUI_typo-53 AutoUI_typo-40">
          <span>
            <span
              className="AutoUI_ui_ApplicantBadge-142">
              Timezone:
            </span>
            <span
              className="AutoUI_ui_ApplicantBadge-147">
              UTC+7
            </span>
          </span>
        </li>
        <li
          className="AutoUI_ui_TruncatedList-14 AutoUI_ui_ApplicantBadge-116 AutoUI_typo-170 AutoUI_typo-53 AutoUI_typo-40">
          <span>
            <span
              className="AutoUI_ui_ApplicantBadge-142">
              Rate:
            </span>
            <span
              className="AutoUI_ui_ApplicantBadge-147">
              $40
            </span>
          </span>
        </li>
      </ul>
      <ul
        className="AutoUI_ui_TruncatedList-8 AutoUI_ui_ApplicantBadge-151">
        <li
          className="AutoUI_ui_TruncatedList-14 AutoUI_ui_ApplicantBadge-160">
          JavaScript
        </li>
        <li
          className="AutoUI_ui_TruncatedList-14 AutoUI_ui_ApplicantBadge-160">
          ES2015
        </li>
        <li
          className="AutoUI_ui_TruncatedList-14 AutoUI_ui_ApplicantBadge-160">
          Node
        </li>
        <li
          className="AutoUI_ui_TruncatedList-14 AutoUI_ui_ApplicantBadge-160">
          Express
        </li>
        <li
          className="AutoUI_ui_TruncatedList-14 AutoUI_ui_TruncatedList-19">
          React
        </li>
        <li
          className="AutoUI_ui_TruncatedList-14 AutoUI_ui_TruncatedList-19">
          Redux
        </li>
        <li
          className="AutoUI_ui_TruncatedList-14 AutoUI_ui_TruncatedList-19">
          Webpack
        </li>
        <li
          className="AutoUI_ui_ApplicantBadge-160 AutoUI_ui_ApplicantBadge-175">
          +3 more
        </li>
      </ul>
    </div>
  </li>
  <li
    className="AutoUI_ui_TruncatedList-14 AutoUI_ui_TruncatedList-19">
    <div
      className="AutoUI_ui_ApplicantBadge-36 AutoUI_typo-170 AutoUI_typo-53 AutoUI_typo-40 AutoUI_ui_ApplicantBadge-195 ">
      <div
        className="AutoUI_ui_ApplicantBadge-64 AutoUI_typo-118 AutoUI_typo-53 AutoUI_typo-34">
        Ryan Chartrand
      </div>
      <div
        className="AutoUI_ui_ApplicantBadge-72">
        <div
          className="AutoUI_ui_Avatar-15">
          <img
            alt=""
            className="AutoUI_ui_Avatar-21"
            height={90}
            src="https://www.gravatar.com/avatar/23f320fd7fb808e571fddd54ec7404ce?s=90"
            width={90} />
        </div>
      </div>
      <ul
        className="AutoUI_ui_TruncatedList-8 AutoUI_ui_ApplicantBadge-108">
        <li
          className="AutoUI_ui_TruncatedList-14 AutoUI_ui_ApplicantBadge-116 AutoUI_typo-170 AutoUI_typo-53 AutoUI_typo-40">
          <span>
            <span
              className="AutoUI_ui_ApplicantBadge-142">
              Avail. date:
            </span>
            <span
              className="AutoUI_ui_ApplicantBadge-147">
              11/05/2018
            </span>
          </span>
        </li>
        <li
          className="AutoUI_ui_TruncatedList-14 AutoUI_ui_ApplicantBadge-116 AutoUI_typo-170 AutoUI_typo-53 AutoUI_typo-40">
          <span>
            <span
              className="AutoUI_ui_ApplicantBadge-142">
              Timezone:
            </span>
            <span
              className="AutoUI_ui_ApplicantBadge-147">
              UTC+7
            </span>
          </span>
        </li>
        <li
          className="AutoUI_ui_TruncatedList-14 AutoUI_ui_ApplicantBadge-116 AutoUI_typo-170 AutoUI_typo-53 AutoUI_typo-40">
          <span>
            <span
              className="AutoUI_ui_ApplicantBadge-142">
              Rate:
            </span>
            <span
              className="AutoUI_ui_ApplicantBadge-147">
              $40
            </span>
          </span>
        </li>
      </ul>
      <ul
        className="AutoUI_ui_TruncatedList-8 AutoUI_ui_ApplicantBadge-151">
        <li
          className="AutoUI_ui_TruncatedList-14 AutoUI_ui_ApplicantBadge-160">
          JavaScript
        </li>
        <li
          className="AutoUI_ui_TruncatedList-14 AutoUI_ui_ApplicantBadge-160">
          ES2015
        </li>
        <li
          className="AutoUI_ui_TruncatedList-14 AutoUI_ui_ApplicantBadge-160">
          Node
        </li>
        <li
          className="AutoUI_ui_TruncatedList-14 AutoUI_ui_ApplicantBadge-160">
          Express
        </li>
        <li
          className="AutoUI_ui_TruncatedList-14 AutoUI_ui_TruncatedList-19">
          React
        </li>
        <li
          className="AutoUI_ui_TruncatedList-14 AutoUI_ui_TruncatedList-19">
          Redux
        </li>
        <li
          className="AutoUI_ui_TruncatedList-14 AutoUI_ui_TruncatedList-19">
          Webpack
        </li>
        <li
          className="AutoUI_ui_ApplicantBadge-160 AutoUI_ui_ApplicantBadge-175">
          +3 more
        </li>
      </ul>
    </div>
  </li>
  <li
    className="AutoUI_ui_TruncatedList-14 AutoUI_ui_TruncatedList-19">
    <div
      className="AutoUI_ui_ApplicantBadge-36 AutoUI_typo-170 AutoUI_typo-53 AutoUI_typo-40 AutoUI_ui_ApplicantBadge-195 ">
      <div
        className="AutoUI_ui_ApplicantBadge-64 AutoUI_typo-118 AutoUI_typo-53 AutoUI_typo-34">
        Ryan Chartrand
      </div>
      <div
        className="AutoUI_ui_ApplicantBadge-72">
        <div
          className="AutoUI_ui_Avatar-15">
          <img
            alt=""
            className="AutoUI_ui_Avatar-21"
            height={90}
            src="https://www.gravatar.com/avatar/23f320fd7fb808e571fddd54ec7404ce?s=90"
            width={90} />
        </div>
      </div>
      <ul
        className="AutoUI_ui_TruncatedList-8 AutoUI_ui_ApplicantBadge-108">
        <li
          className="AutoUI_ui_TruncatedList-14 AutoUI_ui_ApplicantBadge-116 AutoUI_typo-170 AutoUI_typo-53 AutoUI_typo-40">
          <span>
            <span
              className="AutoUI_ui_ApplicantBadge-142">
              Avail. date:
            </span>
            <span
              className="AutoUI_ui_ApplicantBadge-147">
              11/05/2018
            </span>
          </span>
        </li>
        <li
          className="AutoUI_ui_TruncatedList-14 AutoUI_ui_ApplicantBadge-116 AutoUI_typo-170 AutoUI_typo-53 AutoUI_typo-40">
          <span>
            <span
              className="AutoUI_ui_ApplicantBadge-142">
              Timezone:
            </span>
            <span
              className="AutoUI_ui_ApplicantBadge-147">
              UTC+7
            </span>
          </span>
        </li>
        <li
          className="AutoUI_ui_TruncatedList-14 AutoUI_ui_ApplicantBadge-116 AutoUI_typo-170 AutoUI_typo-53 AutoUI_typo-40">
          <span>
            <span
              className="AutoUI_ui_ApplicantBadge-142">
              Rate:
            </span>
            <span
              className="AutoUI_ui_ApplicantBadge-147">
              $40
            </span>
          </span>
        </li>
      </ul>
      <ul
        className="AutoUI_ui_TruncatedList-8 AutoUI_ui_ApplicantBadge-151">
        <li
          className="AutoUI_ui_TruncatedList-14 AutoUI_ui_ApplicantBadge-160">
          JavaScript
        </li>
        <li
          className="AutoUI_ui_TruncatedList-14 AutoUI_ui_ApplicantBadge-160">
          ES2015
        </li>
        <li
          className="AutoUI_ui_TruncatedList-14 AutoUI_ui_ApplicantBadge-160">
          Node
        </li>
        <li
          className="AutoUI_ui_TruncatedList-14 AutoUI_ui_ApplicantBadge-160">
          Express
        </li>
        <li
          className="AutoUI_ui_TruncatedList-14 AutoUI_ui_TruncatedList-19">
          React
        </li>
        <li
          className="AutoUI_ui_TruncatedList-14 AutoUI_ui_TruncatedList-19">
          Redux
        </li>
        <li
          className="AutoUI_ui_TruncatedList-14 AutoUI_ui_TruncatedList-19">
          Webpack
        </li>
        <li
          className="AutoUI_ui_ApplicantBadge-160 AutoUI_ui_ApplicantBadge-175">
          +3 more
        </li>
      </ul>
    </div>
  </li>
  <li
    className="AutoUI_ui_TruncatedList-14 AutoUI_ui_TruncatedList-19">
    <div
      className="AutoUI_ui_ApplicantBadge-36 AutoUI_typo-170 AutoUI_typo-53 AutoUI_typo-40 AutoUI_ui_ApplicantBadge-195 ">
      <div
        className="AutoUI_ui_ApplicantBadge-64 AutoUI_typo-118 AutoUI_typo-53 AutoUI_typo-34">
        Ryan Chartrand
      </div>
      <div
        className="AutoUI_ui_ApplicantBadge-72">
        <div
          className="AutoUI_ui_Avatar-15">
          <img
            alt=""
            className="AutoUI_ui_Avatar-21"
            height={90}
            src="https://www.gravatar.com/avatar/23f320fd7fb808e571fddd54ec7404ce?s=90"
            width={90} />
        </div>
      </div>
      <ul
        className="AutoUI_ui_TruncatedList-8 AutoUI_ui_ApplicantBadge-108">
        <li
          className="AutoUI_ui_TruncatedList-14 AutoUI_ui_ApplicantBadge-116 AutoUI_typo-170 AutoUI_typo-53 AutoUI_typo-40">
          <span>
            <span
              className="AutoUI_ui_ApplicantBadge-142">
              Avail. date:
            </span>
            <span
              className="AutoUI_ui_ApplicantBadge-147">
              11/05/2018
            </span>
          </span>
        </li>
        <li
          className="AutoUI_ui_TruncatedList-14 AutoUI_ui_ApplicantBadge-116 AutoUI_typo-170 AutoUI_typo-53 AutoUI_typo-40">
          <span>
            <span
              className="AutoUI_ui_ApplicantBadge-142">
              Timezone:
            </span>
            <span
              className="AutoUI_ui_ApplicantBadge-147">
              UTC+7
            </span>
          </span>
        </li>
        <li
          className="AutoUI_ui_TruncatedList-14 AutoUI_ui_ApplicantBadge-116 AutoUI_typo-170 AutoUI_typo-53 AutoUI_typo-40">
          <span>
            <span
              className="AutoUI_ui_ApplicantBadge-142">
              Rate:
            </span>
            <span
              className="AutoUI_ui_ApplicantBadge-147">
              $40
            </span>
          </span>
        </li>
      </ul>
      <ul
        className="AutoUI_ui_TruncatedList-8 AutoUI_ui_ApplicantBadge-151">
        <li
          className="AutoUI_ui_TruncatedList-14 AutoUI_ui_ApplicantBadge-160">
          JavaScript
        </li>
        <li
          className="AutoUI_ui_TruncatedList-14 AutoUI_ui_ApplicantBadge-160">
          ES2015
        </li>
        <li
          className="AutoUI_ui_TruncatedList-14 AutoUI_ui_ApplicantBadge-160">
          Node
        </li>
        <li
          className="AutoUI_ui_TruncatedList-14 AutoUI_ui_ApplicantBadge-160">
          Express
        </li>
        <li
          className="AutoUI_ui_TruncatedList-14 AutoUI_ui_TruncatedList-19">
          React
        </li>
        <li
          className="AutoUI_ui_TruncatedList-14 AutoUI_ui_TruncatedList-19">
          Redux
        </li>
        <li
          className="AutoUI_ui_TruncatedList-14 AutoUI_ui_TruncatedList-19">
          Webpack
        </li>
        <li
          className="AutoUI_ui_ApplicantBadge-160 AutoUI_ui_ApplicantBadge-175">
          +3 more
        </li>
      </ul>
    </div>
  </li>
  <li
    className="AutoUI_ui_TruncatedList-14 AutoUI_ui_TruncatedList-19">
    <div
      className="AutoUI_ui_ApplicantBadge-36 AutoUI_typo-170 AutoUI_typo-53 AutoUI_typo-40 AutoUI_ui_ApplicantBadge-195 ">
      <div
        className="AutoUI_ui_ApplicantBadge-64 AutoUI_typo-118 AutoUI_typo-53 AutoUI_typo-34">
        Ryan Chartrand
      </div>
      <div
        className="AutoUI_ui_ApplicantBadge-72">
        <div
          className="AutoUI_ui_Avatar-15">
          <img
            alt=""
            className="AutoUI_ui_Avatar-21"
            height={90}
            src="https://www.gravatar.com/avatar/23f320fd7fb808e571fddd54ec7404ce?s=90"
            width={90} />
        </div>
      </div>
      <ul
        className="AutoUI_ui_TruncatedList-8 AutoUI_ui_ApplicantBadge-108">
        <li
          className="AutoUI_ui_TruncatedList-14 AutoUI_ui_ApplicantBadge-116 AutoUI_typo-170 AutoUI_typo-53 AutoUI_typo-40">
          <span>
            <span
              className="AutoUI_ui_ApplicantBadge-142">
              Avail. date:
            </span>
            <span
              className="AutoUI_ui_ApplicantBadge-147">
              11/05/2018
            </span>
          </span>
        </li>
        <li
          className="AutoUI_ui_TruncatedList-14 AutoUI_ui_ApplicantBadge-116 AutoUI_typo-170 AutoUI_typo-53 AutoUI_typo-40">
          <span>
            <span
              className="AutoUI_ui_ApplicantBadge-142">
              Timezone:
            </span>
            <span
              className="AutoUI_ui_ApplicantBadge-147">
              UTC+7
            </span>
          </span>
        </li>
        <li
          className="AutoUI_ui_TruncatedList-14 AutoUI_ui_ApplicantBadge-116 AutoUI_typo-170 AutoUI_typo-53 AutoUI_typo-40">
          <span>
            <span
              className="AutoUI_ui_ApplicantBadge-142">
              Rate:
            </span>
            <span
              className="AutoUI_ui_ApplicantBadge-147">
              $40
            </span>
          </span>
        </li>
      </ul>
      <ul
        className="AutoUI_ui_TruncatedList-8 AutoUI_ui_ApplicantBadge-151">
        <li
          className="AutoUI_ui_TruncatedList-14 AutoUI_ui_ApplicantBadge-160">
          JavaScript
        </li>
        <li
          className="AutoUI_ui_TruncatedList-14 AutoUI_ui_ApplicantBadge-160">
          ES2015
        </li>
        <li
          className="AutoUI_ui_TruncatedList-14 AutoUI_ui_ApplicantBadge-160">
          Node
        </li>
        <li
          className="AutoUI_ui_TruncatedList-14 AutoUI_ui_ApplicantBadge-160">
          Express
        </li>
        <li
          className="AutoUI_ui_TruncatedList-14 AutoUI_ui_TruncatedList-19">
          React
        </li>
        <li
          className="AutoUI_ui_TruncatedList-14 AutoUI_ui_TruncatedList-19">
          Redux
        </li>
        <li
          className="AutoUI_ui_TruncatedList-14 AutoUI_ui_TruncatedList-19">
          Webpack
        </li>
        <li
          className="AutoUI_ui_ApplicantBadge-160 AutoUI_ui_ApplicantBadge-175">
          +3 more
        </li>
      </ul>
    </div>
  </li>
  <li
    className="AutoUI_ui_TruncatedList-14 AutoUI_ui_TruncatedList-19">
    <div
      className="AutoUI_ui_ApplicantBadge-36 AutoUI_typo-170 AutoUI_typo-53 AutoUI_typo-40 AutoUI_ui_ApplicantBadge-195 ">
      <div
        className="AutoUI_ui_ApplicantBadge-64 AutoUI_typo-118 AutoUI_typo-53 AutoUI_typo-34">
        Ryan Chartrand
      </div>
      <div
        className="AutoUI_ui_ApplicantBadge-72">
        <div
          className="AutoUI_ui_Avatar-15">
          <img
            alt=""
            className="AutoUI_ui_Avatar-21"
            height={90}
            src="https://www.gravatar.com/avatar/23f320fd7fb808e571fddd54ec7404ce?s=90"
            width={90} />
        </div>
      </div>
      <ul
        className="AutoUI_ui_TruncatedList-8 AutoUI_ui_ApplicantBadge-108">
        <li
          className="AutoUI_ui_TruncatedList-14 AutoUI_ui_ApplicantBadge-116 AutoUI_typo-170 AutoUI_typo-53 AutoUI_typo-40">
          <span>
            <span
              className="AutoUI_ui_ApplicantBadge-142">
              Avail. date:
            </span>
            <span
              className="AutoUI_ui_ApplicantBadge-147">
              11/05/2018
            </span>
          </span>
        </li>
        <li
          className="AutoUI_ui_TruncatedList-14 AutoUI_ui_ApplicantBadge-116 AutoUI_typo-170 AutoUI_typo-53 AutoUI_typo-40">
          <span>
            <span
              className="AutoUI_ui_ApplicantBadge-142">
              Timezone:
            </span>
            <span
              className="AutoUI_ui_ApplicantBadge-147">
              UTC+7
            </span>
          </span>
        </li>
        <li
          className="AutoUI_ui_TruncatedList-14 AutoUI_ui_ApplicantBadge-116 AutoUI_typo-170 AutoUI_typo-53 AutoUI_typo-40">
          <span>
            <span
              className="AutoUI_ui_ApplicantBadge-142">
              Rate:
            </span>
            <span
              className="AutoUI_ui_ApplicantBadge-147">
              $40
            </span>
          </span>
        </li>
      </ul>
      <ul
        className="AutoUI_ui_TruncatedList-8 AutoUI_ui_ApplicantBadge-151">
        <li
          className="AutoUI_ui_TruncatedList-14 AutoUI_ui_ApplicantBadge-160">
          JavaScript
        </li>
        <li
          className="AutoUI_ui_TruncatedList-14 AutoUI_ui_ApplicantBadge-160">
          ES2015
        </li>
        <li
          className="AutoUI_ui_TruncatedList-14 AutoUI_ui_ApplicantBadge-160">
          Node
        </li>
        <li
          className="AutoUI_ui_TruncatedList-14 AutoUI_ui_ApplicantBadge-160">
          Express
        </li>
        <li
          className="AutoUI_ui_TruncatedList-14 AutoUI_ui_TruncatedList-19">
          React
        </li>
        <li
          className="AutoUI_ui_TruncatedList-14 AutoUI_ui_TruncatedList-19">
          Redux
        </li>
        <li
          className="AutoUI_ui_TruncatedList-14 AutoUI_ui_TruncatedList-19">
          Webpack
        </li>
        <li
          className="AutoUI_ui_ApplicantBadge-160 AutoUI_ui_ApplicantBadge-175">
          +3 more
        </li>
      </ul>
    </div>
  </li>
  <li
    className="AutoUI_ui_TruncatedList-14 AutoUI_ui_TruncatedList-19">
    <div
      className="AutoUI_ui_ApplicantBadge-36 AutoUI_typo-170 AutoUI_typo-53 AutoUI_typo-40 AutoUI_ui_ApplicantBadge-195 ">
      <div
        className="AutoUI_ui_ApplicantBadge-64 AutoUI_typo-118 AutoUI_typo-53 AutoUI_typo-34">
        Ryan Chartrand
      </div>
      <div
        className="AutoUI_ui_ApplicantBadge-72">
        <div
          className="AutoUI_ui_Avatar-15">
          <img
            alt=""
            className="AutoUI_ui_Avatar-21"
            height={90}
            src="https://www.gravatar.com/avatar/23f320fd7fb808e571fddd54ec7404ce?s=90"
            width={90} />
        </div>
      </div>
      <ul
        className="AutoUI_ui_TruncatedList-8 AutoUI_ui_ApplicantBadge-108">
        <li
          className="AutoUI_ui_TruncatedList-14 AutoUI_ui_ApplicantBadge-116 AutoUI_typo-170 AutoUI_typo-53 AutoUI_typo-40">
          <span>
            <span
              className="AutoUI_ui_ApplicantBadge-142">
              Avail. date:
            </span>
            <span
              className="AutoUI_ui_ApplicantBadge-147">
              11/05/2018
            </span>
          </span>
        </li>
        <li
          className="AutoUI_ui_TruncatedList-14 AutoUI_ui_ApplicantBadge-116 AutoUI_typo-170 AutoUI_typo-53 AutoUI_typo-40">
          <span>
            <span
              className="AutoUI_ui_ApplicantBadge-142">
              Timezone:
            </span>
            <span
              className="AutoUI_ui_ApplicantBadge-147">
              UTC+7
            </span>
          </span>
        </li>
        <li
          className="AutoUI_ui_TruncatedList-14 AutoUI_ui_ApplicantBadge-116 AutoUI_typo-170 AutoUI_typo-53 AutoUI_typo-40">
          <span>
            <span
              className="AutoUI_ui_ApplicantBadge-142">
              Rate:
            </span>
            <span
              className="AutoUI_ui_ApplicantBadge-147">
              $40
            </span>
          </span>
        </li>
      </ul>
      <ul
        className="AutoUI_ui_TruncatedList-8 AutoUI_ui_ApplicantBadge-151">
        <li
          className="AutoUI_ui_TruncatedList-14 AutoUI_ui_ApplicantBadge-160">
          JavaScript
        </li>
        <li
          className="AutoUI_ui_TruncatedList-14 AutoUI_ui_ApplicantBadge-160">
          ES2015
        </li>
        <li
          className="AutoUI_ui_TruncatedList-14 AutoUI_ui_ApplicantBadge-160">
          Node
        </li>
        <li
          className="AutoUI_ui_TruncatedList-14 AutoUI_ui_ApplicantBadge-160">
          Express
        </li>
        <li
          className="AutoUI_ui_TruncatedList-14 AutoUI_ui_TruncatedList-19">
          React
        </li>
        <li
          className="AutoUI_ui_TruncatedList-14 AutoUI_ui_TruncatedList-19">
          Redux
        </li>
        <li
          className="AutoUI_ui_TruncatedList-14 AutoUI_ui_TruncatedList-19">
          Webpack
        </li>
        <li
          className="AutoUI_ui_ApplicantBadge-160 AutoUI_ui_ApplicantBadge-175">
          +3 more
        </li>
      </ul>
    </div>
  </li>
  <li
    className="AutoUI_ui_TruncatedList-14 AutoUI_ui_TruncatedList-19">
    <div
      className="AutoUI_ui_ApplicantBadge-36 AutoUI_typo-170 AutoUI_typo-53 AutoUI_typo-40 AutoUI_ui_ApplicantBadge-195 ">
      <div
        className="AutoUI_ui_ApplicantBadge-64 AutoUI_typo-118 AutoUI_typo-53 AutoUI_typo-34">
        Ryan Chartrand
      </div>
      <div
        className="AutoUI_ui_ApplicantBadge-72">
        <div
          className="AutoUI_ui_Avatar-15">
          <img
            alt=""
            className="AutoUI_ui_Avatar-21"
            height={90}
            src="https://www.gravatar.com/avatar/23f320fd7fb808e571fddd54ec7404ce?s=90"
            width={90} />
        </div>
      </div>
      <ul
        className="AutoUI_ui_TruncatedList-8 AutoUI_ui_ApplicantBadge-108">
        <li
          className="AutoUI_ui_TruncatedList-14 AutoUI_ui_ApplicantBadge-116 AutoUI_typo-170 AutoUI_typo-53 AutoUI_typo-40">
          <span>
            <span
              className="AutoUI_ui_ApplicantBadge-142">
              Avail. date:
            </span>
            <span
              className="AutoUI_ui_ApplicantBadge-147">
              11/05/2018
            </span>
          </span>
        </li>
        <li
          className="AutoUI_ui_TruncatedList-14 AutoUI_ui_ApplicantBadge-116 AutoUI_typo-170 AutoUI_typo-53 AutoUI_typo-40">
          <span>
            <span
              className="AutoUI_ui_ApplicantBadge-142">
              Timezone:
            </span>
            <span
              className="AutoUI_ui_ApplicantBadge-147">
              UTC+7
            </span>
          </span>
        </li>
        <li
          className="AutoUI_ui_TruncatedList-14 AutoUI_ui_ApplicantBadge-116 AutoUI_typo-170 AutoUI_typo-53 AutoUI_typo-40">
          <span>
            <span
              className="AutoUI_ui_ApplicantBadge-142">
              Rate:
            </span>
            <span
              className="AutoUI_ui_ApplicantBadge-147">
              $40
            </span>
          </span>
        </li>
      </ul>
      <ul
        className="AutoUI_ui_TruncatedList-8 AutoUI_ui_ApplicantBadge-151">
        <li
          className="AutoUI_ui_TruncatedList-14 AutoUI_ui_ApplicantBadge-160">
          JavaScript
        </li>
        <li
          className="AutoUI_ui_TruncatedList-14 AutoUI_ui_ApplicantBadge-160">
          ES2015
        </li>
        <li
          className="AutoUI_ui_TruncatedList-14 AutoUI_ui_ApplicantBadge-160">
          Node
        </li>
        <li
          className="AutoUI_ui_TruncatedList-14 AutoUI_ui_ApplicantBadge-160">
          Express
        </li>
        <li
          className="AutoUI_ui_TruncatedList-14 AutoUI_ui_TruncatedList-19">
          React
        </li>
        <li
          className="AutoUI_ui_TruncatedList-14 AutoUI_ui_TruncatedList-19">
          Redux
        </li>
        <li
          className="AutoUI_ui_TruncatedList-14 AutoUI_ui_TruncatedList-19">
          Webpack
        </li>
        <li
          className="AutoUI_ui_ApplicantBadge-160 AutoUI_ui_ApplicantBadge-175">
          +3 more
        </li>
      </ul>
    </div>
  </li>
  <li
    className="AutoUI_ui_ApplicantGrid-15">
    <button
      className=" AutoUI_ui_Button-69 AutoUI_ui_Button-31 AutoUI_ui_Button-120 AutoUI_ui_Button-139 outlined AutoUI_ui_Button-153">
      <span
        className="AutoUI_ui_Button-45 AutoUI_typo-159 AutoUI_typo-53 AutoUI_typo-46">
        View more
      </span>
    </button>
  </li>
</ul>
`;
