exports[`ApplicantBadge-5 1`] = `
<div
  className="  ">
  <div>
    Ryan Chartrand
  </div>
  <div>
    <div
      className="AutoUI_ui_Avatar-15">
      <img
        alt=""
        className="AutoUI_ui_Avatar-21"
        height={90}
        src="https://www.gravatar.com/avatar/23f320fd7fb808e571fddd54ec7404ce?s=90"
        width={90} />
    </div>
  </div>
  <ul
    className="AutoUI_ui_TruncatedList-8 ">
    <li
      className="AutoUI_ui_TruncatedList-14 ">
      <span>
        <span>
          Avail. date:
        </span>
        <span>
          11/05/2018
        </span>
      </span>
    </li>
    <li
      className="AutoUI_ui_TruncatedList-14 ">
      <span>
        <span>
          Timezone:
        </span>
        <span>
          UTC+7
        </span>
      </span>
    </li>
    <li
      className="AutoUI_ui_TruncatedList-14 ">
      <span>
        <span>
          Rate:
        </span>
        <span>
          $40
        </span>
      </span>
    </li>
  </ul>
  <ul
    className="AutoUI_ui_TruncatedList-8 ">
    <li
      className="AutoUI_ui_TruncatedList-14 ">
      JavaScript
    </li>
    <li
      className="AutoUI_ui_TruncatedList-14 ">
      ES2015
    </li>
    <li
      className="AutoUI_ui_TruncatedList-14 ">
      Node
    </li>
    <li
      className="AutoUI_ui_TruncatedList-14 ">
      Express
    </li>
    <li
      className="AutoUI_ui_TruncatedList-14 AutoUI_ui_TruncatedList-19">
      React
    </li>
    <li
      className="AutoUI_ui_TruncatedList-14 AutoUI_ui_TruncatedList-19">
      Redux
    </li>
    <li
      className="AutoUI_ui_TruncatedList-14 AutoUI_ui_TruncatedList-19">
      Webpack
    </li>
    <li
      className="AutoUI_ui_TruncatedList-14 AutoUI_ui_TruncatedList-19">
      JavaScript
    </li>
    <li
      className="AutoUI_ui_TruncatedList-14 AutoUI_ui_TruncatedList-19">
      ES2015
    </li>
    <li
      className="AutoUI_ui_TruncatedList-14 AutoUI_ui_TruncatedList-19">
      Node
    </li>
    <li
      className="AutoUI_ui_TruncatedList-14 AutoUI_ui_TruncatedList-19">
      Express
    </li>
    <li
      className="AutoUI_ui_TruncatedList-14 AutoUI_ui_TruncatedList-19">
      React
    </li>
    <li
      className="AutoUI_ui_TruncatedList-14 AutoUI_ui_TruncatedList-19">
      Redux
    </li>
    <li
      className="AutoUI_ui_TruncatedList-14 AutoUI_ui_TruncatedList-19">
      Webpack
    </li>
    <li
      className="AutoUI_ui_TruncatedList-14 AutoUI_ui_TruncatedList-19">
      JavaScript
    </li>
    <li
      className="AutoUI_ui_TruncatedList-14 AutoUI_ui_TruncatedList-19">
      ES2015
    </li>
    <li
      className="AutoUI_ui_TruncatedList-14 AutoUI_ui_TruncatedList-19">
      Node
    </li>
    <li
      className="AutoUI_ui_TruncatedList-14 AutoUI_ui_TruncatedList-19">
      Express
    </li>
    <li
      className="AutoUI_ui_TruncatedList-14 AutoUI_ui_TruncatedList-19">
      React
    </li>
    <li
      className="AutoUI_ui_TruncatedList-14 AutoUI_ui_TruncatedList-19">
      Redux
    </li>
    <li
      className="AutoUI_ui_TruncatedList-14 AutoUI_ui_TruncatedList-19">
      Webpack
    </li>
    <li
      className=" ">
      +17 more
    </li>
  </ul>
</div>
`;
