exports[`ApplicantBadge-5 1`] = `
<div
  className="AutoUI_ui_ApplicantBadge-281 AutoUI_typo-170 AutoUI_typo-53 AutoUI_typo-40  ">
  <div
    className="AutoUI_ui_ApplicantBadge-310 AutoUI_typo-118 AutoUI_typo-53 AutoUI_typo-34">
    Applicant full name
    <span
      className="AutoUI_ui_ApplicantBadge-73 AutoUI_ui_ApplicantBadge-50" />
  </div>
  <div
    className="AutoUI_ui_ApplicantBadge-319">
    <div
      className="AutoUI_ui_Avatar-15">
      <img
        alt=""
        className="AutoUI_ui_Avatar-21"
        height={90}
        src="https://www.gravatar.com/avatar/7bd7d9ead547762321371143ac0ecf90?s=90"
        width={90} />
    </div>
  </div>
  <div
    className="AutoUI_ui_ApplicantBadge-324" />
  <div
    className="AutoUI_ui_ApplicantBadge-332">
    <span
      className="AutoUI_ui_ApplicantBadge-332">
      <span
        className="AutoUI_ui_ApplicantBadge-339 AutoUI_typo-170 AutoUI_typo-53 AutoUI_typo-40">
        <div
          className="AutoUI_ui_Dropdown-17 AutoUI_typo-170 AutoUI_typo-53 AutoUI_typo-40 ">
          <div
            className="AutoUI_ui_Dropdown-24 ">
            
            <span
              className="AutoUI_ui_Dropdown-42">
              <div>
                <span
                  className="AutoUI_ui_ApplicantBadge-357">
                  Avail. date:
                </span>
                <span
                  className="AutoUI_ui_ApplicantBadge-361">
                  DD/MM/YYYY
                </span>
              </div>
            </span>
          </div>
          <div
            className="AutoUI_ui_Dropdown-52   AutoUI_ui_Dropdown-69 AutoUI_ui_Dropdown-120 ">
            <div
              className="AutoUI_ui_Dropdown-73 AutoUI_ui_Dropdown-104">
              <div
                className="AutoUI_ui_ApplicantBadge-369">
                Avail. date tooltip copy
              </div>
            </div>
          </div>
        </div>
      </span>
      <span
        className="AutoUI_ui_ApplicantBadge-339 AutoUI_typo-170 AutoUI_typo-53 AutoUI_typo-40">
        <div
          className="AutoUI_ui_Dropdown-17 AutoUI_typo-170 AutoUI_typo-53 AutoUI_typo-40 ">
          <div
            className="AutoUI_ui_Dropdown-24 ">
            
            <span
              className="AutoUI_ui_Dropdown-42">
              <div>
                <span
                  className="AutoUI_ui_ApplicantBadge-357">
                  Avail. updated:
                </span>
                <span
                  className="AutoUI_ui_ApplicantBadge-361">
                  DD/MM/YYYY
                </span>
              </div>
            </span>
          </div>
          <div
            className="AutoUI_ui_Dropdown-52   AutoUI_ui_Dropdown-69 AutoUI_ui_Dropdown-120 ">
            <div
              className="AutoUI_ui_Dropdown-73 AutoUI_ui_Dropdown-104">
              <div
                className="AutoUI_ui_ApplicantBadge-369">
                Avail. updated tooltip copy
              </div>
            </div>
          </div>
        </div>
      </span>
      <span
        className="AutoUI_ui_ApplicantBadge-339 AutoUI_typo-170 AutoUI_typo-53 AutoUI_typo-40">
        <div
          className="AutoUI_ui_Dropdown-17 AutoUI_typo-170 AutoUI_typo-53 AutoUI_typo-40 ">
          <div
            className="AutoUI_ui_Dropdown-24 ">
            
            <span
              className="AutoUI_ui_Dropdown-42">
              <div>
                <span
                  className="AutoUI_ui_ApplicantBadge-357">
                  Timezone:
                </span>
                <span
                  className="AutoUI_ui_ApplicantBadge-361">
                  UTC+00
                </span>
              </div>
            </span>
          </div>
        </div>
      </span>
      <span
        className="AutoUI_ui_ApplicantBadge-339 AutoUI_typo-170 AutoUI_typo-53 AutoUI_typo-40">
        <div
          className="AutoUI_ui_Dropdown-17 AutoUI_typo-170 AutoUI_typo-53 AutoUI_typo-40 ">
          <div
            className="AutoUI_ui_Dropdown-24 ">
            
            <span
              className="AutoUI_ui_Dropdown-42">
              <div>
                <span
                  className="AutoUI_ui_ApplicantBadge-357">
                  Rate:
                </span>
                <span
                  className="AutoUI_ui_ApplicantBadge-361">
                  $100
                </span>
              </div>
            </span>
          </div>
        </div>
      </span>
      <span
        className="AutoUI_ui_ApplicantBadge-339 AutoUI_typo-170 AutoUI_typo-53 AutoUI_typo-40">
        <div
          className="AutoUI_ui_Dropdown-17 AutoUI_typo-170 AutoUI_typo-53 AutoUI_typo-40 ">
          <div
            className="AutoUI_ui_Dropdown-24 ">
            
            <span
              className="AutoUI_ui_Dropdown-42">
              <div>
                <span
                  className="AutoUI_ui_ApplicantBadge-357">
                  Status
                </span>
                <span
                  className="AutoUI_ui_ApplicantBadge-361">
                  In Pipeline
                </span>
              </div>
            </span>
          </div>
        </div>
      </span>
      <span
        className="AutoUI_ui_ApplicantBadge-339 AutoUI_typo-170 AutoUI_typo-53 AutoUI_typo-40">
        <div
          className="AutoUI_ui_Dropdown-17 AutoUI_typo-170 AutoUI_typo-53 AutoUI_typo-40 ">
          <div
            className="AutoUI_ui_Dropdown-24 ">
            
            <span
              className="AutoUI_ui_Dropdown-42">
              <div>
                <span
                  className="AutoUI_ui_ApplicantBadge-357">
                  Rank
                </span>
                <span
                  className="AutoUI_ui_ApplicantBadge-361">
                  2
                </span>
              </div>
            </span>
          </div>
        </div>
      </span>
    </span>
  </div>
  <div
    className="AutoUI_ui_ApplicantBadge-375">
    <span
      className="AutoUI_ui_ApplicantBadge-380">
      <span
        className="AutoUI_ui_ApplicantBadge-385">
        JavaScript
      </span>
      <span
        className="AutoUI_ui_ApplicantBadge-385">
        ES2015
      </span>
      <span
        className="AutoUI_ui_ApplicantBadge-385">
        Node
      </span>
      <span
        className="AutoUI_ui_ApplicantBadge-385">
        Express
      </span>
      <span
        className="AutoUI_ui_TruncatedList-8">
        React
      </span>
      <span
        className="AutoUI_ui_TruncatedList-8">
        Redux
      </span>
      <span
        className="AutoUI_ui_TruncatedList-8">
        Webpack
      </span>
      <span
        className="AutoUI_ui_TruncatedList-8">
        JavaScript
      </span>
      <span
        className="AutoUI_ui_TruncatedList-8">
        ES2015
      </span>
      <span
        className="AutoUI_ui_TruncatedList-8">
        Node
      </span>
      <span
        className="AutoUI_ui_TruncatedList-8">
        Express
      </span>
      <span
        className="AutoUI_ui_TruncatedList-8">
        React
      </span>
      <span
        className="AutoUI_ui_TruncatedList-8">
        Redux
      </span>
      <span
        className="AutoUI_ui_TruncatedList-8">
        Webpack
      </span>
      <span
        className="AutoUI_ui_TruncatedList-8">
        JavaScript
      </span>
      <span
        className="AutoUI_ui_TruncatedList-8">
        ES2015
      </span>
      <span
        className="AutoUI_ui_TruncatedList-8">
        Node
      </span>
      <span
        className="AutoUI_ui_TruncatedList-8">
        Express
      </span>
      <span
        className="AutoUI_ui_TruncatedList-8">
        React
      </span>
      <span
        className="AutoUI_ui_TruncatedList-8">
        Redux
      </span>
      <span
        className="AutoUI_ui_TruncatedList-8">
        Webpack
      </span>
      <div
        className="AutoUI_ui_ApplicantBadge-385 AutoUI_ui_ApplicantBadge-406 AutoUI_ui_ApplicantBadge-418">
        + 17 more
      </div>
    </span>
  </div>
</div>
`;
