exports[`ApplicantBadge-13 1`] = `
<div
  className="AutoUI_ApplicantBadge-23">
  <div
    style={
      Object {
        "background": "orange",
        "borderRadius": "50%",
        "height": 64,
        "width": 64,
      }
    } />
  <div
    className="AutoUI_ApplicantBadge-32">
    <div
      className="AutoUI_ApplicantBadge-39 AutoUI_typo-43 AutoUI_typo-15">
      Applicant X-Team
    </div>
    <div
      className="AutoUI_ApplicantBadge-47">
      applicant@x-team.com
    </div>
  </div>
</div>
`;
