exports[`ApplicantBadge-11 1`] = `
<div
  className="AutoUI_ui_ApplicantBadge-83 AutoUI_typo-170 AutoUI_typo-53 AutoUI_typo-40 AutoUI_ui_ApplicantBadge-163 ">
  <div
    className="AutoUI_ui_ApplicantBadge-112 AutoUI_typo-118 AutoUI_typo-53 AutoUI_typo-34">
    Applicant
    <span
      className="AutoUI_ui_ApplicantBadge-62 AutoUI_ui_ApplicantBadge-50" />
  </div>
  <div
    className="AutoUI_ui_ApplicantBadge-121">
    <div
      style={
        Object {
          "background": "orange",
          "borderRadius": "50%",
          "height": 90,
          "width": 90,
        }
      } />
  </div>
  <div
    className="AutoUI_ui_ApplicantBadge-151 controls" />
  <div
    className="AutoUI_ui_ApplicantBadge-169" />
  <div
    className="AutoUI_ui_ApplicantBadge-226" />
</div>
`;
