exports[`AttachFiles-3 1`] = `
<div>
  <input
    className="AutoUI_ui_AttachFiles-74"
    type="file" />
  <button
    className=" AutoUI_ui_Button-68 AutoUI_ui_Button-30 AutoUI_ui_Button-113 AutoUI_ui_Button-132 outlined">
    <span
      className="AutoUI_ui_Button-44 AutoUI_typo-157 AutoUI_typo-53 AutoUI_typo-46">
      <span
        className="AutoUI_ui_AttachFiles-70">
        Attach a file
      </span>
    </span>
  </button>
</div>
`;
