exports[`AttachFiles-1 1`] = `
<div>
  <div
    className="AutoUI_ui_AttachFiles-32">
    <div
      className="AutoUI_ui_AttachFiles-36"
      style={
        Object {
          "borderBottomColor": "transparent",
        }
      }>
      <div
        className="AutoUI_ui_AttachFiles-45 AutoUI_typo-168 AutoUI_typo-53 AutoUI_typo-40">
        filename-01.zip
      </div>
      <div
        className="AutoUI_ui_AttachFiles-54">
        <svg
          height="18px"
          viewBox="0 0 15 18"
          width="15px">
          <g
            fill="none"
            fill-rule="evenodd"
            stroke="none"
            stroke-width="1">
            <g
              fill={
                Object {
                  "color": Array [
                    178,
                    182,
                    188,
                  ],
                  "model": "rgb",
                  "valpha": 1,
                }
              }
              transform="translate(-1272.000000, -1013.000000)">
              <g
                transform="translate(1272.000000, 1013.000000)">
                <rect
                  height="2"
                  width="15"
                  x="0"
                  y="3" />
                <rect
                  height="2"
                  width="11"
                  x="2"
                  y="16" />
                <rect
                  height="12"
                  width="2"
                  x="2"
                  y="5" />
                <rect
                  height="12"
                  width="2"
                  x="11"
                  y="5" />
                <rect
                  height="2"
                  width="7"
                  x="4"
                  y="0" />
                <path
                  d="M8.8890873,10.4748737 L9.94974747,11.5355339 L8.53553391,12.9497475 L7.47487373,11.8890873 L6.41421356,12.9497475 L5,11.5355339 L6.06066017,10.4748737 L5,9.41421356 L6.41421356,8 L7.47487373,9.06066017 L8.53553391,8 L9.94974747,9.41421356 L8.8890873,10.4748737 Z" />
              </g>
            </g>
          </g>
        </svg>
      </div>
    </div>
    <div
      className="AutoUI_ui_AttachFiles-36"
      style={
        Object {
          "borderBottomColor": "transparent",
        }
      }>
      <div
        className="AutoUI_ui_AttachFiles-45 AutoUI_typo-168 AutoUI_typo-53 AutoUI_typo-40">
        filename-02.zip
      </div>
      <div
        className="AutoUI_ui_AttachFiles-54">
        <svg
          height="18px"
          viewBox="0 0 15 18"
          width="15px">
          <g
            fill="none"
            fill-rule="evenodd"
            stroke="none"
            stroke-width="1">
            <g
              fill={
                Object {
                  "color": Array [
                    178,
                    182,
                    188,
                  ],
                  "model": "rgb",
                  "valpha": 1,
                }
              }
              transform="translate(-1272.000000, -1013.000000)">
              <g
                transform="translate(1272.000000, 1013.000000)">
                <rect
                  height="2"
                  width="15"
                  x="0"
                  y="3" />
                <rect
                  height="2"
                  width="11"
                  x="2"
                  y="16" />
                <rect
                  height="12"
                  width="2"
                  x="2"
                  y="5" />
                <rect
                  height="12"
                  width="2"
                  x="11"
                  y="5" />
                <rect
                  height="2"
                  width="7"
                  x="4"
                  y="0" />
                <path
                  d="M8.8890873,10.4748737 L9.94974747,11.5355339 L8.53553391,12.9497475 L7.47487373,11.8890873 L6.41421356,12.9497475 L5,11.5355339 L6.06066017,10.4748737 L5,9.41421356 L6.41421356,8 L7.47487373,9.06066017 L8.53553391,8 L9.94974747,9.41421356 L8.8890873,10.4748737 Z" />
              </g>
            </g>
          </g>
        </svg>
      </div>
    </div>
    <div
      className="AutoUI_ui_AttachFiles-36"
      style={
        Object {
          "borderBottomColor": Object {
            "color": Array [
              216,
              216,
              216,
            ],
            "model": "rgb",
            "valpha": 1,
          },
        }
      }>
      <div
        className="AutoUI_ui_AttachFiles-45 AutoUI_typo-168 AutoUI_typo-53 AutoUI_typo-40">
        filename-03.zip
      </div>
      <div
        className="AutoUI_ui_AttachFiles-54">
        <svg
          height="14px"
          viewBox="0 0 14 14"
          width="14px">
          <g
            fill="none"
            fill-rule="evenodd"
            stroke="none"
            stroke-linecap="square"
            stroke-width="1">
            <g
              stroke={
                Object {
                  "color": Array [
                    178,
                    182,
                    188,
                  ],
                  "model": "rgb",
                  "valpha": 1,
                }
              }
              stroke-width="2"
              transform="translate(-1294.000000, -1073.000000)">
              <g
                transform="translate(1300.899495, 1079.899495) rotate(45.000000) translate(-1300.899495, -1079.899495) translate(1293.899495, 1072.899495)">
                <path
                  d="M7,0 L7,14" />
                <path
                  d="M14,7 L0,7" />
              </g>
            </g>
          </g>
        </svg>
      </div>
      <div
        className="AutoUI_ui_AttachFiles-58"
        style={
          Object {
            "width": "30%",
          }
        } />
    </div>
    <div
      className="AutoUI_ui_AttachFiles-36"
      style={
        Object {
          "borderBottomColor": Object {
            "color": Array [
              216,
              216,
              216,
            ],
            "model": "rgb",
            "valpha": 1,
          },
        }
      }>
      <div
        className="AutoUI_ui_AttachFiles-45 AutoUI_typo-168 AutoUI_typo-53 AutoUI_typo-40">
        filename-04.zip
      </div>
      <div
        className="AutoUI_ui_AttachFiles-54">
        <svg
          height="14px"
          viewBox="0 0 14 14"
          width="14px">
          <g
            fill="none"
            fill-rule="evenodd"
            stroke="none"
            stroke-linecap="square"
            stroke-width="1">
            <g
              stroke={
                Object {
                  "color": Array [
                    178,
                    182,
                    188,
                  ],
                  "model": "rgb",
                  "valpha": 1,
                }
              }
              stroke-width="2"
              transform="translate(-1294.000000, -1073.000000)">
              <g
                transform="translate(1300.899495, 1079.899495) rotate(45.000000) translate(-1300.899495, -1079.899495) translate(1293.899495, 1072.899495)">
                <path
                  d="M7,0 L7,14" />
                <path
                  d="M14,7 L0,7" />
              </g>
            </g>
          </g>
        </svg>
      </div>
      <div
        className="AutoUI_ui_AttachFiles-58"
        style={
          Object {
            "width": "90%",
          }
        } />
    </div>
  </div>
  <button
    className=" AutoUI_ui_Button-66 AutoUI_ui_Button-28 AutoUI_ui_Button-93 AutoUI_ui_Button-112 outlined">
    <span
      className="AutoUI_ui_Button-42 AutoUI_typo-157 AutoUI_typo-53 AutoUI_typo-46">
      <span
        className="AutoUI_ui_AttachFiles-68">
        Attach a file
      </span>
    </span>
  </button>
</div>
`;
