exports[`Button-29 1`] = `
<button
  className=" AutoUI_ui_Button-88 AutoUI_ui_Button-31 AutoUI_ui_Button-120 AutoUI_ui_Button-139 outlined AutoUI_ui_Button-159 rounded AutoUI_ui_Button-163 raised">
  <span
    className="AutoUI_ui_Button-45 AutoUI_typo-157 AutoUI_typo-53 AutoUI_typo-46">
    Androind
  </span>
</button>
`;
