exports[`CollapsibleSection-5 1`] = `
<section
  className="AutoUI_ui_CollapsibleSection-34 AutoUI_typo-170 AutoUI_typo-53 AutoUI_typo-40 "
  data-test="portfolioItem">
  <h3
    className="AutoUI_ui_CollapsibleSection-54 AutoUI_ui_CollapsibleSection-30 AutoUI_typo-105 AutoUI_typo-53 AutoUI_typo-34">
    Consectetur suscipit alias velit magni tenetur veritatis sed fuga
  </h3>
  <div
    className="AutoUI_ui_CollapsibleSection-69">
    <svg
      height="2px"
      viewBox="0 0 20 2"
      width="20px">
      <g
        fill="none"
        fillRule="evenodd"
        stroke="none"
        strokeWidth="1">
        <g
          className="AutoUI_ui_SvgIcon-84 AutoUI_ui_SvgIcon-116"
          transform="translate(-1161.000000, -1106.000000)">
          <g
            transform="translate(357.000000, 933.000000)">
            <g
              transform="translate(0.000000, 157.000000)">
              <rect
                height="2"
                width="20"
                x="804"
                y="16" />
            </g>
          </g>
        </g>
      </g>
    </svg>
  </div>
  <div
    className="AutoUI_ui_CollapsibleSection-91">
    <div
      className="AutoUI_ui_CollapsibleSection-112">
      <p>
        This paragraph is always visible. Ipsa recusandae sequi, dicta laboriosam rerum ad ex voluptatibus nostrum fugiat.
      </p>
    </div>
    <div
      className="AutoUI_ui_CollapsibleSection-130">
      <p>
        Lorem ipsum dolor sit amet, consectetur adipisicing elit. Ipsa recusandae sequi, dicta laboriosam rerum ad ex voluptatibus nostrum fugiat, quae voluptates consectetur suscipit alias velit magni tenetur veritatis sed fuga.
      </p>
      <p>
        Lorem ipsum dolor sit amet, consectetur adipisicing elit. Ipsa recusandae sequi, dicta laboriosam rerum ad ex voluptatibus nostrum fugiat, quae voluptates consectetur suscipit alias velit magni tenetur veritatis sed fuga.
      </p>
    </div>
  </div>
</section>
`;
