exports[`CollapsibleSection-1 1`] = `
<section
  className="AutoUI_CollapsibleSection-54 AutoUI_typo-21 AutoUI_typo-15 AutoUI_CollapsibleSection-25">
  <h1
    className="AutoUI_CollapsibleSection-63 AutoUI_typo-39 AutoUI_typo-15 AutoUI_CollapsibleSection-27 AutoUI_CollapsibleSection-25 AutoUI_CollapsibleSection-46">
    Panel title
  </h1>
  <div
    className="AutoUI_CollapsibleSection-88">
    <p>
      This paragraph is always visible Lorem ipsum dolor sit amet, consectetur adipisicing elit. Ipsa recusandae sequi, dicta laboriosam rerum ad ex voluptatibus nostrum fugiat, quae voluptates consectetur suscipit alias velit magni tenetur veritatis sed fuga.
    </p>
  </div>
</section>
`;
