exports[`CollapsibleSection-11 1`] = `
<section
  className="AutoUI_CollapsibleSection-57 AutoUI_typo-21 AutoUI_typo-15 AutoUI_CollapsibleSection-26">
  <h1
    className="AutoUI_CollapsibleSection-72 AutoUI_typo-39 AutoUI_typo-15 AutoUI_CollapsibleSection-28 AutoUI_CollapsibleSection-26">
    
  </h1>
</section>
`;
