exports[`Copy-3 1`] = `
<div
  className="AutoUI_Copy-16">
  <div
    className="AutoUI_Copy-30">
    <div
      className="AutoUI_Copy-40 AutoUI_typo-25 AutoUI_typo-14 AutoUI_Copy-61">
      Your roadmap to X-Team
    </div>
    <div
      className="AutoUI_Copy-48 AutoUI_typo-20 AutoUI_typo-14">
      Many developers who came before you started right here and went on to do some of the best work of their career. That same opportunity begins now for you.
    </div>
  </div>
</div>
`;
