exports[`Dropdown-11 1`] = `
<div
  className="AutoUI_ui_Dropdown-17 AutoUI_typo-170 AutoUI_typo-53 AutoUI_typo-40 "
  onMouseEnter={false}
  onMouseLeave={false}>
  <div
    className="AutoUI_ui_Dropdown-24 ">
    
    <span
      className="AutoUI_ui_Dropdown-40">
      <button
        className=" AutoUI_ui_Button-75 AutoUI_ui_Button-35 AutoUI_ui_Button-126 ">
        <span
          className="AutoUI_ui_Button-51 AutoUI_typo-159 AutoUI_typo-53 AutoUI_typo-46">
          x
        </span>
      </button>
    </span>
  </div>
  <div
    className="AutoUI_ui_Dropdown-50    AutoUI_ui_Dropdown-111 ">
    <div
      className="AutoUI_ui_Dropdown-71 ">
      Anything here
    </div>
  </div>
</div>
`;
