exports[`InputGroup-1 1`] = `
<div
  className="AutoUI_forms_InputGroup-21 social-gh">
  <span
    className="AutoUI_typo-152 AutoUI_typo-53 AutoUI_typo-40 AutoUI_forms_InputGroup-30">
    github.com/
  </span>
  <div>
    <input
      aria-labelledby="label-ghAccount"
      className="AutoUI_typo-163 AutoUI_typo-53 AutoUI_typo-40 AutoUI_forms_InputField-80"
      defaultValue="test_account"
      id="ghAccount"
      maxLength={20}
      name="ghAccount"
      placeholder="github account.."
      type="text" />
  </div>
</div>
`;
