exports[`InputField-7 1`] = `
<div
  className="AutoUI_forms_InputField-72">
  <label
    id="">
    <div
      className="AutoUI_forms_InputField-72">
      <label
        className="AutoUI_forms_InputField-64 AutoUI_typo-168 AutoUI_typo-53 AutoUI_typo-40">
        <input
          aria-labelledby=""
          checked={true}
          className="AutoUI_typo-179 AutoUI_typo-53 AutoUI_typo-40 AutoUI_forms_InputField-81 AutoUI_forms_InputField-112"
          type="checkbox" />
        <span
          className="AutoUI_forms_InputField-124" />
        Checkbox
      </label>
    </div>
  </label>
</div>
`;
