exports[`InputGroup-1 1`] = `
<div
  className="AutoUI_forms_InputGroup-22 social-so">
  <span
    className="AutoUI_typo-170 AutoUI_typo-53 AutoUI_typo-40 AutoUI_forms_InputGroup-31">
    stackoverflow.com/users/
  </span>
  <div>
    <input
      aria-labelledby="label-soAccount"
      className="AutoUI_typo-181 AutoUI_typo-53 AutoUI_typo-40 AutoUI_forms_InputField-86  "
      defaultValue="so_account"
      id="soAccount"
      maxLength={20}
      name="soAccount"
      placeholder="stackoverflow account.."
      type="text" />
  </div>
</div>
`;
