exports[`InputField-17 1`] = `
<div>
  <label
    id="label-invalid">
    <section
      className="AutoUI_ui_Text-29">
      <div
        className="AutoUI_ui_Text-43 AutoUI_typo-170 AutoUI_typo-53 AutoUI_typo-40">
        Invalid Field
      </div>
    </section>
    <input
      aria-labelledby="label-invalid"
      className="AutoUI_typo-181 AutoUI_typo-53 AutoUI_typo-40 AutoUI_forms_InputField-87 AutoUI_forms_InputField-115 "
      id="invalid"
      name="invalid"
      placeholder="Error Placeholder..."
      required={false}
      type="text" />
  </label>
</div>
`;
