exports[`InputField-5 1`] = `
<section>
  <div
    className="AutoUI_forms_InputField-71">
    <label
      id="">
      <div
        className="AutoUI_forms_InputField-71">
        <input
          aria-labelledby=""
          checked={false}
          className="AutoUI_typo-179 AutoUI_typo-53 AutoUI_typo-40 AutoUI_forms_InputField-80 AutoUI_forms_InputField-44"
          type="radio" />
        <span
          className="AutoUI_forms_InputField-37" />
        <label
          className="AutoUI_forms_InputField-63 AutoUI_typo-168 AutoUI_typo-53 AutoUI_typo-40">
          Value 1
        </label>
      </div>
    </label>
  </div>
  <div
    className="AutoUI_forms_InputField-71">
    <label
      id="">
      <div
        className="AutoUI_forms_InputField-71">
        <input
          aria-labelledby=""
          checked={false}
          className="AutoUI_typo-179 AutoUI_typo-53 AutoUI_typo-40 AutoUI_forms_InputField-80 AutoUI_forms_InputField-44"
          type="radio" />
        <span
          className="AutoUI_forms_InputField-37" />
        <label
          className="AutoUI_forms_InputField-63 AutoUI_typo-168 AutoUI_typo-53 AutoUI_typo-40">
          Value 2
        </label>
      </div>
    </label>
  </div>
</section>
`;
