exports[`MilestonesScreen-1 1`] = `
<div>
  <div
    className="AutoUI_ui_MilestonesScreen-22">
    <div
      className="AutoUI_ui_MilestonesScreen-45">
      <div
        className="AutoUI_ui_MilestonesScreen-58">
        <section
          className="AutoUI_ui_Text-29">
          <h1
            className="undefined AutoUI_typo-91 AutoUI_typo-53 AutoUI_typo-22">
            First step
          </h1>
          <div
            className="AutoUI_ui_Text-43 AutoUI_typo-170 AutoUI_typo-53 AutoUI_typo-40">
            Lorem ipsum dolor sit amet, consectetur adipisicing elit. Saepe illo error hic, nemo nostrum iusto recusandae repudiandae eum doloremque necessitatibus doloribus? Provident perferendis illo totam ipsum ut sapiente, assumenda quasi!
          </div>
        </section>
        <div>
          <button
            className=" AutoUI_ui_Button-72 AutoUI_ui_Button-34 AutoUI_ui_Button-123 ">
            <span
              className="AutoUI_ui_Button-48 AutoUI_typo-159 AutoUI_typo-53 AutoUI_typo-46">
              Go to the step 2
            </span>
          </button>
        </div>
      </div>
    </div>
  </div>
</div>
`;
