exports[`Note-1 1`] = `
<div
  className="AutoUI_ui_Note-28">
  <div
    className="AutoUI_ui_Note-32">
    <div
      className="AutoUI_ui_Avatar-15">
      <img
        alt="Samwise Gamgee"
        className="AutoUI_ui_Avatar-21"
        height={40}
        src="https://pbs.twimg.com/profile_images/416334680598659072/-_RxK6dH_200x200.jpeg"
        width={40} />
    </div>
  </div>
  <div
    className="AutoUI_ui_Note-37">
    <span
      className="AutoUI_ui_Note-42 AutoUI_typo-91 AutoUI_typo-53 AutoUI_typo-22">
      Samwise Gamgee
    </span>
    <span
      className="AutoUI_ui_Note-52 AutoUI_typo-170 AutoUI_typo-53 AutoUI_typo-40">
      6 m ago
    </span>
    <div
      className="AutoUI_ui_Note-62">
      <span
        className="AutoUI_ui_Text-46 AutoUI_typo-170 AutoUI_typo-53 AutoUI_typo-40">
        <div>
          <p>
            One tiny 
            <strong>
              Hobbit
            </strong>
             against all the evil the world could muster.
          </p>
          <p>
            A sane being would have given up, but Samwise burned with a magnificent madness, a 
            <em>
              glowing
            </em>
             obsession to surmount every obstacle, to find 
            <a
              href="http://google.com">
              Frodo
            </a>
            , destroy the Ring, and cleanse Middle Earth of its festering malignancy. He knew he would try again. Fail, perhaps. And try once more. A thousand, thousand times if need be, but he would not give up the quest.
          </p>
        </div>
      </span>
    </div>
    <div>
      <div />
    </div>
  </div>
</div>
`;
