exports[`Note-3 1`] = `
<div
  className="AutoUI_ui_Note-21">
  <div
    className="AutoUI_ui_Note-25">
    <img
      alt="Samwise Gamgee"
      src="https://pbs.twimg.com/profile_images/416334680598659072/-_RxK6dH_200x200.jpeg"
      style={
        Object {
          "borderRadius": "50%",
          "height": "100%",
          "width": "100%",
        }
      } />
  </div>
  <div
    className="AutoUI_ui_Note-40">
    <span
      className="AutoUI_ui_Note-45 AutoUI_typo-91 AutoUI_typo-53 AutoUI_typo-22">
      Samwise Gamgee
    </span>
    <span
      className="AutoUI_ui_Note-55 AutoUI_typo-168 AutoUI_typo-53 AutoUI_typo-40">
      6 m ago
    </span>
    <p
      className="AutoUI_typo-168 AutoUI_typo-53 AutoUI_typo-40">
      I feel like spring after winter, and sun on the leaves; and like trumpets and harps and all the songs I have ever heard!
    </p>
  </div>
</div>
`;
