exports[`Note-3 1`] = `
<div
  className="AutoUI_ui_Note-28">
  <div
    className="AutoUI_ui_Note-32">
    <div
      className="AutoUI_ui_Avatar-15">
      <img
        alt="Samwise Gamgee"
        className="AutoUI_ui_Avatar-21"
        height={40}
        src="https://pbs.twimg.com/profile_images/416334680598659072/-_RxK6dH_200x200.jpeg"
        width={40} />
    </div>
  </div>
  <div
    className="AutoUI_ui_Note-37">
    <span
      className="AutoUI_ui_Note-42 AutoUI_typo-91 AutoUI_typo-53 AutoUI_typo-22">
      Samwise Gamgee
    </span>
    <span
      className="AutoUI_ui_Note-52 AutoUI_typo-170 AutoUI_typo-53 AutoUI_typo-40">
      12 Sep 18
    </span>
    <div
      className="AutoUI_ui_Note-62">
      <span
        className="AutoUI_ui_Text-48 AutoUI_typo-170 AutoUI_typo-53 AutoUI_typo-40">
        <span>
          I feel like spring after winter, and sun on the leaves; and like trumpets and harps and all the songs I have ever heard!
        </span>
      </span>
    </div>
    <div>
      <div />
    </div>
  </div>
</div>
`;
