exports[`NotesFeed-3 1`] = `
<div>
  <div
    className="AutoUI_ui_Note-25">
    <div
      className="AutoUI_ui_Note-30">
      <div
        className="AutoUI_ui_Avatar-15">
        <img
          alt="Sagacious Rainbows"
          className="AutoUI_ui_Avatar-21"
          height={40}
          src="https://placeimg.com/140/140/people"
          width={40} />
      </div>
    </div>
    <div
      className="AutoUI_ui_Note-35">
      <span
        className="AutoUI_ui_Note-48 AutoUI_typo-91 AutoUI_typo-53 AutoUI_typo-22">
        Sagacious Rainbows
      </span>
      <div
        className="AutoUI_ui_Note-58 AutoUI_typo-170 AutoUI_typo-53 AutoUI_typo-40">
        23 May 18
        , in Interview Notes
      </div>
      <div
        className="AutoUI_ui_Note-68">
        <div>
          <div>
            <div
              className="AutoUI_ui_Note-74">
              <span
                className="AutoUI_ui_Text-48 AutoUI_typo-170 AutoUI_typo-53 AutoUI_typo-40">
                <span>
                  Note of type general B
                </span>
              </span>
            </div>
          </div>
        </div>
      </div>
      <div>
        <div>
          <div
            className="AutoUI_ui_FileLinks-17">
            <div
              className="AutoUI_ui_FileLink-16">
              <div
                className="AutoUI_ui_FileLink-20 AutoUI_typo-170 AutoUI_typo-53 AutoUI_typo-40">
                <a
                  href="https://s3.amazonaws.com/auto-exam-videos/148c4cb11547066f20d313197c88b7cd.pdf"
                  target="_blank">
                  Sample file-1
                </a>
              </div>
            </div>
          </div>
          <div
            className="AutoUI_ui_FileLinks-17">
            <div
              className="AutoUI_ui_FileLink-16">
              <div
                className="AutoUI_ui_FileLink-20 AutoUI_typo-170 AutoUI_typo-53 AutoUI_typo-40">
                <a
                  href="https://s3.amazonaws.com/auto-exam-videos/148c4cb11547066f20d313197c88b7cd.pdf"
                  target="_blank">
                  Sample file-2
                </a>
              </div>
            </div>
          </div>
        </div>
      </div>
    </div>
    <div
      className="AutoUI_ui_Note-40" />
  </div>
  <div
    className="AutoUI_ui_Note-25">
    <div
      className="AutoUI_ui_Note-30">
      <div
        className="AutoUI_ui_Avatar-15">
        <img
          alt="Sagacious Rainbows"
          className="AutoUI_ui_Avatar-21"
          height={40}
          src="https://placeimg.com/140/140/people"
          width={40} />
      </div>
    </div>
    <div
      className="AutoUI_ui_Note-35">
      <span
        className="AutoUI_ui_Note-48 AutoUI_typo-91 AutoUI_typo-53 AutoUI_typo-22">
        Sagacious Rainbows
      </span>
      <div
        className="AutoUI_ui_Note-58 AutoUI_typo-170 AutoUI_typo-53 AutoUI_typo-40">
        23 May 18
        , in General Notes
      </div>
      <div
        className="AutoUI_ui_Note-68">
        <div>
          <div>
            <div
              className="AutoUI_ui_Note-74">
              <span
                className="AutoUI_ui_Text-48 AutoUI_typo-170 AutoUI_typo-53 AutoUI_typo-40">
                <span>
                  Note of type general A
                </span>
              </span>
            </div>
          </div>
        </div>
      </div>
      <div>
        <div />
      </div>
    </div>
    <div
      className="AutoUI_ui_Note-40" />
  </div>
  <button
    className="AutoUI_ui_NotesFeed-24 AutoUI_ui_Button-94 AutoUI_ui_Button-35 AutoUI_ui_Button-126 AutoUI_ui_Button-145 outlined AutoUI_ui_Button-163"
    type="button">
    <span
      className="AutoUI_ui_Button-51 AutoUI_typo-159 AutoUI_typo-53 AutoUI_typo-46">
      View more
    </span>
  </button>
</div>
`;
