exports[`ProfileHeaderLinks-1 1`] = `
<ul
  className="AutoUI_ui_ProfileHeaderLinks-11">
  <li
    className="AutoUI_ui_ProfileHeaderLinks-24">
    <span
      className="AutoUI_ui_ProfileHeaderLinks-29">
      Link 1
    </span>
  </li>
  <li
    className="AutoUI_ui_ProfileHeaderLinks-24">
    <span
      className="AutoUI_ui_ProfileHeaderLinks-29">
      Link 2
    </span>
  </li>
  <li
    className="AutoUI_ui_ProfileHeaderLinks-24">
    <span
      className="AutoUI_ui_ProfileHeaderLinks-29">
      External Link
    </span>
  </li>
</ul>
`;
