exports[`RoadmapTimelineElement-5 1`] = `
<div>
  <div
    className="AutoUI_RoadmapTimelineElement-66 AutoUI_RoadmapTimelineElement-14">
    <div
      className="AutoUI_RoadmapTimelineElement-39" />
    <hr
      className="AutoUI_RoadmapTimelineElement-74 AutoUI_RoadmapTimelineElement-57" />
  </div>
  <div
    className="AutoUI_RoadmapTimelineElement-14">
    <div
      className={false} />
    <hr
      className="AutoUI_RoadmapTimelineElement-57" />
  </div>
</div>
`;
