exports[`RoadmapHero-1 1`] = `
<div
  className="AutoUI_ui_RoadmapHero-25">
  <div
    className="AutoUI_ui_RoadmapHero-39">
    <section
      className="AutoUI_ui_Text-29">
      <h1
        className="undefined AutoUI_typo-61 AutoUI_typo-53 AutoUI_typo-22">
        Your roadmap to X‑Team
      </h1>
      <span
        className="AutoUI_ui_Text-41 AutoUI_typo-192" />
      <div
        className="AutoUI_ui_Text-43 AutoUI_typo-170 AutoUI_typo-53 AutoUI_typo-40">
        Many developers who came before you started right here and went on to do some of the best work of their career. That same opportunity begins now for you.
      </div>
    </section>
  </div>
  <div>
    <img
      alt="X-Team Roadmap"
      src="9b763a8d6b786b4bae25e47d04bcff97.png" />
  </div>
</div>
`;
