exports[`RoadmapHero-1 1`] = `
<div
  className="AutoUI_RoadmapHero-20">
  <div
    className="AutoUI_RoadmapHero-35">
    <section
      className="AutoUI_Text-26">
      <h1
        className="AutoUI_Text-33 AutoUI_typo-61 AutoUI_typo-53 AutoUI_typo-22">
        Your roadmap to X-Team
      </h1>
      <div
        className="AutoUI_Text-41 AutoUI_typo-138 AutoUI_typo-53 AutoUI_typo-40 AutoUI_Text-54 AutoUI_typo-148">
        Many developers who came before you started right here and went on to do some of the best work of their career. That same opportunity begins now for you.
      </div>
    </section>
  </div>
  <img
    alt="X-Team Roadmap"
    src="9b763a8d6b786b4bae25e47d04bcff97.png" />
</div>
`;
