exports[`SearchForm-1 1`] = `
<div
  className="AutoUI_ui_SearchForm-19">
  <form
    className="AutoUI_ui_SearchForm-23">
    <div
      className="AutoUI_ui_SearchForm-27">
      <div
        className="AutoUI_ui_SearchForm-34">
        <div
          className="AutoUI_ui_SelectBox-32"
          style={
            Object {
              "width": "100%",
            }
          }>
          <div
            className="AutoUI_ui_Dropdown-17 AutoUI_typo-170 AutoUI_typo-53 AutoUI_typo-40 AutoUI_ui_SelectBox-39"
            onMouseEnter={false}
            onMouseLeave={false}>
            <div
              className="AutoUI_ui_Dropdown-24 ">
              
              <span
                className="AutoUI_ui_Dropdown-40">
                <div
                  className="AutoUI_ui_SelectBox-43 AutoUI_typo-170 AutoUI_typo-53 AutoUI_typo-40 ">
                  <div>
                    <div
                      className="AutoUI_ui_SelectBox-71">
                      <div>
                        Select List
                      </div>
                      <div>
                        a selected list
                      </div>
                    </div>
                    <div
                      className="AutoUI_ui_SelectBox-154 AutoUI_ui_SelectBox-18">
                      <svg
                        height="14px"
                        viewBox="0 0 14 14"
                        width="14px">
                        <g
                          fill="none"
                          fillRule="evenodd"
                          stroke="none"
                          strokeLinecap="square"
                          strokeWidth="1">
                          <g
                            className="AutoUI_ui_SvgIcon-35 AutoUI_ui_SvgIcon-52"
                            strokeWidth="2"
                            transform="translate(-1294.000000, -1073.000000)">
                            <g
                              transform="translate(1300.899495, 1079.899495) rotate(45.000000) translate(-1300.899495, -1079.899495) translate(1293.899495, 1072.899495)">
                              <path
                                d="M7,0 L7,14" />
                              <path
                                d="M14,7 L0,7" />
                            </g>
                          </g>
                        </g>
                      </svg>
                    </div>
                    <div
                      className="AutoUI_ui_SelectBox-135">
                      <svg
                        height="5px"
                        viewBox="0 0 9 5"
                        width="9px">
                        <g
                          fill="none"
                          fillRule="evenodd"
                          stroke="none"
                          strokeWidth="1">
                          <polygon
                            className="AutoUI_ui_SvgIcon-99 AutoUI_ui_SvgIcon-131"
                            points="7.24264069 -2.75735931 7.24264069 3.24264069 1.24264069 3.24264069"
                            transform="translate(4.242641, 0.242641) scale(1, -1) rotate(225.000000) translate(-4.242641, -0.242641) " />
                        </g>
                      </svg>
                    </div>
                  </div>
                </div>
              </span>
            </div>
            <div
              className="AutoUI_ui_Dropdown-50     ">
              <div
                className="AutoUI_ui_SelectBox-185">
                <div>
                  <div
                    className="AutoUI_ui_SelectBox-112">
                    <div
                      className="AutoUI_ui_SelectBox-123">
                      <svg
                        height="17px"
                        viewBox="0 0 16 17"
                        width="16px">
                        <g
                          fill="none"
                          fillRule="evenodd"
                          stroke="none"
                          strokeWidth="1">
                          <circle
                            className="AutoUI_ui_SvgIcon-35 AutoUI_ui_SvgIcon-67"
                            cx="7.5"
                            cy="7.5"
                            r="6.5" />
                          <path
                            className="AutoUI_ui_SvgIcon-35 AutoUI_ui_SvgIcon-67"
                            d="M11.7538745,12.6062275 L15.5,16.5"
                            strokeLinecap="square" />
                        </g>
                      </svg>
                    </div>
                    <div>
                      <input
                        aria-labelledby="label-search"
                        autoComplete="off"
                        autoFocus={false}
                        className="AutoUI_typo-181 AutoUI_typo-53 AutoUI_typo-40 AutoUI_forms_InputField-87 AutoUI_ui_SelectBox-117"
                        id="search"
                        name="search"
                        placeholder="Search"
                        required={false}
                        type="text"
                        value="" />
                    </div>
                  </div>
                  <ul
                    className="AutoUI_ui_SelectBox-168 false"
                    style={
                      Object {
                        "height": "auto",
                        "maxHeight": "180px",
                        "width": "100%",
                      }
                    }>
                    
                    <li
                      className="AutoUI_ui_SelectBox-189 AutoUI_typo-170 AutoUI_typo-53 AutoUI_typo-40 AutoUI_ui_SelectBox-216 ">
                      <div
                        className="AutoUI_ui_SelectBox-205 AutoUI_ui_SelectBox-212">
                        <span
                          className="AutoUI_ui_SelectBox-163 AutoUI_typo-170 AutoUI_typo-53 AutoUI_typo-40 AutoUI_ui_SelectBox-232">
                          a selected list
                        </span>
                        <span
                          className="AutoUI_ui_SelectBox-247" />
                      </div>
                    </li>
                  </ul>
                  <div
                    className="AutoUI_ui_SelectBox-348">
                    <button
                      className=" AutoUI_ui_Button-75 AutoUI_ui_Button-35 AutoUI_ui_Button-126 AutoUI_ui_Button-169 AutoUI_ui_Button-234 AutoUI_ui_Button-128"
                      type="button">
                      <span
                        className="AutoUI_ui_Button-51 AutoUI_typo-159 AutoUI_typo-53 AutoUI_typo-46">
                        <span>
                          <svg
                            height="14px"
                            viewBox="0 0 14 14"
                            width="14px">
                            <g
                              fill="none"
                              fillRule="evenodd"
                              stroke="none"
                              strokeWidth="1">
                              <path
                                className="AutoUI_ui_SvgIcon-84 AutoUI_ui_SvgIcon-116"
                                d="M0,11.0444749 L0,14.0000305 L2.95555556,14.0000305 L11.5111111,5.36669717 L8.55555556,2.41114161 L0,11.0444749 Z M13.7666667,3.11114161 C14.0777778,2.8000305 14.0777778,2.33336383 13.7666667,2.02225272 L11.9777778,0.233333333 C11.6666667,-0.0777777778 11.2,-0.0777777778 10.8888889,0.233333333 L9.48888889,1.63333333 L12.4444444,4.58888889 L13.7666667,3.11114161 Z"
                                fillRule="nonzero" />
                            </g>
                          </svg>
                           Edit lists
                        </span>
                      </span>
                    </button>
                  </div>
                </div>
              </div>
            </div>
          </div>
        </div>
      </div>
      <div
        className="AutoUI_ui_SearchForm-39">
        <a
          className="AutoUI_ui_SearchForm-47"
          title="View in tabular mode">
          <svg
            height="17px"
            viewBox="0 0 17 17"
            width="17px">
            <g
              fill="none"
              fillRule="evenodd"
              stroke="none"
              strokeWidth="1">
              <rect
                className="AutoUI_ui_SvgIcon-35 AutoUI_ui_SvgIcon-52"
                height="5"
                strokeWidth="2"
                width="5"
                x="1"
                y="1" />
              <rect
                className="AutoUI_ui_SvgIcon-35 AutoUI_ui_SvgIcon-52"
                height="5"
                strokeWidth="2"
                width="5"
                x="1"
                y="11" />
              <rect
                className="AutoUI_ui_SvgIcon-35 AutoUI_ui_SvgIcon-52"
                height="5"
                strokeWidth="2"
                width="5"
                x="11"
                y="1" />
              <rect
                className="AutoUI_ui_SvgIcon-35 AutoUI_ui_SvgIcon-52"
                height="5"
                strokeWidth="2"
                width="5"
                x="11"
                y="11" />
            </g>
          </svg>
        </a>
        <a
          className="AutoUI_ui_SearchForm-47"
          title="View in list mode">
          <svg
            height="16px"
            viewBox="0 0 15 16"
            width="15px">
            <g
              fill="none"
              fillRule="evenodd"
              stroke="none"
              strokeWidth="1">
              <rect
                className="AutoUI_ui_SvgIcon-84 AutoUI_ui_SvgIcon-116"
                height="2"
                width="12"
                x="3"
                y="0" />
              <rect
                className="AutoUI_ui_SvgIcon-84 AutoUI_ui_SvgIcon-116"
                height="2"
                width="12"
                x="3"
                y="7" />
              <rect
                className="AutoUI_ui_SvgIcon-84 AutoUI_ui_SvgIcon-116"
                height="2"
                width="12"
                x="3"
                y="14" />
              <rect
                className="AutoUI_ui_SvgIcon-84 AutoUI_ui_SvgIcon-116"
                height="2"
                width="2"
                x="0"
                y="0" />
              <rect
                className="AutoUI_ui_SvgIcon-84 AutoUI_ui_SvgIcon-116"
                height="2"
                width="2"
                x="0"
                y="7" />
              <rect
                className="AutoUI_ui_SvgIcon-84 AutoUI_ui_SvgIcon-116"
                height="2"
                width="2"
                x="0"
                y="14" />
            </g>
          </svg>
        </a>
      </div>
    </div>
    <div
      className="AutoUI_ui_SearchForm-68">
      <div
        className="AutoUI_ui_SearchForm-74">
        <div
          className="AutoUI_ui_SelectBox-32"
          style={
            Object {
              "width": "100%",
            }
          }>
          <div
            className="AutoUI_ui_Dropdown-17 AutoUI_typo-170 AutoUI_typo-53 AutoUI_typo-40 AutoUI_ui_SelectBox-39"
            onMouseEnter={false}
            onMouseLeave={false}>
            <div
              className="AutoUI_ui_Dropdown-24 ">
              
              <span
                className="AutoUI_ui_Dropdown-40">
                <div
                  className="AutoUI_ui_SelectBox-43 AutoUI_typo-170 AutoUI_typo-53 AutoUI_typo-40 ">
                  <div>
                    <div
                      className="AutoUI_ui_SelectBox-101">
                      <div>
                        Select Field
                      </div>
                      <div>
                        
                      </div>
                    </div>
                    <div
                      className="AutoUI_ui_SelectBox-135">
                      <svg
                        height="5px"
                        viewBox="0 0 9 5"
                        width="9px">
                        <g
                          fill="none"
                          fillRule="evenodd"
                          stroke="none"
                          strokeWidth="1">
                          <polygon
                            className="AutoUI_ui_SvgIcon-99 AutoUI_ui_SvgIcon-131"
                            points="7.24264069 -2.75735931 7.24264069 3.24264069 1.24264069 3.24264069"
                            transform="translate(4.242641, 0.242641) scale(1, -1) rotate(225.000000) translate(-4.242641, -0.242641) " />
                        </g>
                      </svg>
                    </div>
                  </div>
                </div>
              </span>
            </div>
            <div
              className="AutoUI_ui_Dropdown-50     ">
              <div
                className="AutoUI_ui_SelectBox-185">
                <div>
                  <div
                    className="AutoUI_ui_SelectBox-112">
                    <div
                      className="AutoUI_ui_SelectBox-123">
                      <svg
                        height="17px"
                        viewBox="0 0 16 17"
                        width="16px">
                        <g
                          fill="none"
                          fillRule="evenodd"
                          stroke="none"
                          strokeWidth="1">
                          <circle
                            className="AutoUI_ui_SvgIcon-35 AutoUI_ui_SvgIcon-67"
                            cx="7.5"
                            cy="7.5"
                            r="6.5" />
                          <path
                            className="AutoUI_ui_SvgIcon-35 AutoUI_ui_SvgIcon-67"
                            d="M11.7538745,12.6062275 L15.5,16.5"
                            strokeLinecap="square" />
                        </g>
                      </svg>
                    </div>
                    <div>
                      <input
                        aria-labelledby="label-search"
                        autoComplete="off"
                        autoFocus={false}
                        className="AutoUI_typo-181 AutoUI_typo-53 AutoUI_typo-40 AutoUI_forms_InputField-87 AutoUI_ui_SelectBox-117"
                        id="search"
                        name="search"
                        placeholder="Search"
                        required={false}
                        type="text"
                        value="" />
                    </div>
                  </div>
                  <ul
                    className="AutoUI_ui_SelectBox-168 false"
                    style={
                      Object {
                        "height": "auto",
                        "maxHeight": "180px",
                        "width": "100%",
                      }
                    }>
                    
                    <li
                      className="AutoUI_ui_SelectBox-189 AutoUI_typo-170 AutoUI_typo-53 AutoUI_typo-40 AutoUI_ui_SelectBox-216 ">
                      <div
                        className="AutoUI_ui_SelectBox-205 AutoUI_ui_SelectBox-212">
                        <span
                          className="AutoUI_ui_SelectBox-163 AutoUI_typo-170 AutoUI_typo-53 AutoUI_typo-40 ">
                          an unselected field
                        </span>
                        <span
                          className="AutoUI_ui_SelectBox-247" />
                      </div>
                    </li>
                  </ul>
                </div>
              </div>
            </div>
          </div>
        </div>
      </div>
      <div
        className="AutoUI_ui_SearchForm-81">
        <div
          className="AutoUI_ui_SelectBox-32"
          style={
            Object {
              "width": "100%",
            }
          }>
          <div
            className="AutoUI_ui_Dropdown-17 AutoUI_typo-170 AutoUI_typo-53 AutoUI_typo-40 AutoUI_ui_SelectBox-39"
            onMouseEnter={false}
            onMouseLeave={false}>
            <div
              className="AutoUI_ui_Dropdown-24 ">
              
              <span
                className="AutoUI_ui_Dropdown-40">
                <div
                  className="AutoUI_ui_SelectBox-43 AutoUI_typo-170 AutoUI_typo-53 AutoUI_typo-40 ">
                  <div>
                    <div
                      className="AutoUI_ui_SelectBox-101">
                      <div>
                        Status
                      </div>
                      <div>
                        
                      </div>
                    </div>
                    <div
                      className="AutoUI_ui_SelectBox-135">
                      <svg
                        height="5px"
                        viewBox="0 0 9 5"
                        width="9px">
                        <g
                          fill="none"
                          fillRule="evenodd"
                          stroke="none"
                          strokeWidth="1">
                          <polygon
                            className="AutoUI_ui_SvgIcon-99 AutoUI_ui_SvgIcon-131"
                            points="7.24264069 -2.75735931 7.24264069 3.24264069 1.24264069 3.24264069"
                            transform="translate(4.242641, 0.242641) scale(1, -1) rotate(225.000000) translate(-4.242641, -0.242641) " />
                        </g>
                      </svg>
                    </div>
                  </div>
                </div>
              </span>
            </div>
            <div
              className="AutoUI_ui_Dropdown-50     ">
              <div
                className="AutoUI_ui_SelectBox-185">
                <div>
                  <ul
                    className="AutoUI_ui_SelectBox-168 false"
                    style={
                      Object {
                        "height": "auto",
                        "maxHeight": "180px",
                        "width": "100%",
                      }
                    }>
                    
                    <li
                      className="AutoUI_ui_SelectBox-189 AutoUI_typo-170 AutoUI_typo-53 AutoUI_typo-40 AutoUI_ui_SelectBox-216 ">
                      <div
                        className="AutoUI_ui_SelectBox-205 AutoUI_ui_SelectBox-212">
                        <div
                          className="AutoUI_forms_InputField-78">
                          <label
                            id="label-In Pipeline">
                            <div
                              className="AutoUI_forms_InputField-78">
                              <label
                                className="AutoUI_forms_InputField-69 AutoUI_typo-170 AutoUI_typo-53 AutoUI_typo-40">
                                <input
                                  aria-labelledby="label-In Pipeline"
                                  checked={false}
                                  className="AutoUI_typo-181 AutoUI_typo-53 AutoUI_typo-40 AutoUI_forms_InputField-87 AutoUI_forms_InputField-123 "
                                  id="In Pipeline"
                                  name="In Pipeline"
                                  required={false}
                                  type="checkbox" />
                                <span
                                  className="AutoUI_forms_InputField-136" />
                                In Pipeline
                              </label>
                            </div>
                          </label>
                        </div>
                        <span
                          className="AutoUI_ui_SelectBox-247" />
                      </div>
                    </li>
                    <li
                      className="AutoUI_ui_SelectBox-189 AutoUI_typo-170 AutoUI_typo-53 AutoUI_typo-40 AutoUI_ui_SelectBox-216 ">
                      <div
                        className="AutoUI_ui_SelectBox-205 AutoUI_ui_SelectBox-212">
                        <div
                          className="AutoUI_forms_InputField-78">
                          <label
                            id="label-Booked">
                            <div
                              className="AutoUI_forms_InputField-78">
                              <label
                                className="AutoUI_forms_InputField-69 AutoUI_typo-170 AutoUI_typo-53 AutoUI_typo-40">
                                <input
                                  aria-labelledby="label-Booked"
                                  checked={false}
                                  className="AutoUI_typo-181 AutoUI_typo-53 AutoUI_typo-40 AutoUI_forms_InputField-87 AutoUI_forms_InputField-123 "
                                  id="Booked"
                                  name="Booked"
                                  required={false}
                                  type="checkbox" />
                                <span
                                  className="AutoUI_forms_InputField-136" />
                                Booked
                              </label>
                            </div>
                          </label>
                        </div>
                        <span
                          className="AutoUI_ui_SelectBox-247" />
                      </div>
                    </li>
                    <li
                      className="AutoUI_ui_SelectBox-189 AutoUI_typo-170 AutoUI_typo-53 AutoUI_typo-40 AutoUI_ui_SelectBox-216 ">
                      <div
                        className="AutoUI_ui_SelectBox-205 AutoUI_ui_SelectBox-212">
                        <div
                          className="AutoUI_forms_InputField-78">
                          <label
                            id="label-Internal">
                            <div
                              className="AutoUI_forms_InputField-78">
                              <label
                                className="AutoUI_forms_InputField-69 AutoUI_typo-170 AutoUI_typo-53 AutoUI_typo-40">
                                <input
                                  aria-labelledby="label-Internal"
                                  checked={false}
                                  className="AutoUI_typo-181 AutoUI_typo-53 AutoUI_typo-40 AutoUI_forms_InputField-87 AutoUI_forms_InputField-123 "
                                  id="Internal"
                                  name="Internal"
                                  required={false}
                                  type="checkbox" />
                                <span
                                  className="AutoUI_forms_InputField-136" />
                                Internal
                              </label>
                            </div>
                          </label>
                        </div>
                        <span
                          className="AutoUI_ui_SelectBox-247" />
                      </div>
                    </li>
                    <li
                      className="AutoUI_ui_SelectBox-189 AutoUI_typo-170 AutoUI_typo-53 AutoUI_typo-40 AutoUI_ui_SelectBox-216 ">
                      <div
                        className="AutoUI_ui_SelectBox-205 AutoUI_ui_SelectBox-212">
                        <div
                          className="AutoUI_forms_InputField-78">
                          <label
                            id="label-Unqualified">
                            <div
                              className="AutoUI_forms_InputField-78">
                              <label
                                className="AutoUI_forms_InputField-69 AutoUI_typo-170 AutoUI_typo-53 AutoUI_typo-40">
                                <input
                                  aria-labelledby="label-Unqualified"
                                  checked={false}
                                  className="AutoUI_typo-181 AutoUI_typo-53 AutoUI_typo-40 AutoUI_forms_InputField-87 AutoUI_forms_InputField-123 "
                                  id="Unqualified"
                                  name="Unqualified"
                                  required={false}
                                  type="checkbox" />
                                <span
                                  className="AutoUI_forms_InputField-136" />
                                Unqualified
                              </label>
                            </div>
                          </label>
                        </div>
                        <span
                          className="AutoUI_ui_SelectBox-247" />
                      </div>
                    </li>
                    <li
                      className="AutoUI_ui_SelectBox-189 AutoUI_typo-170 AutoUI_typo-53 AutoUI_typo-40 AutoUI_ui_SelectBox-216 ">
                      <div
                        className="AutoUI_ui_SelectBox-205 AutoUI_ui_SelectBox-212">
                        <div
                          className="AutoUI_forms_InputField-78">
                          <label
                            id="label-Lost">
                            <div
                              className="AutoUI_forms_InputField-78">
                              <label
                                className="AutoUI_forms_InputField-69 AutoUI_typo-170 AutoUI_typo-53 AutoUI_typo-40">
                                <input
                                  aria-labelledby="label-Lost"
                                  checked={false}
                                  className="AutoUI_typo-181 AutoUI_typo-53 AutoUI_typo-40 AutoUI_forms_InputField-87 AutoUI_forms_InputField-123 "
                                  id="Lost"
                                  name="Lost"
                                  required={false}
                                  type="checkbox" />
                                <span
                                  className="AutoUI_forms_InputField-136" />
                                Lost
                              </label>
                            </div>
                          </label>
                        </div>
                        <span
                          className="AutoUI_ui_SelectBox-247" />
                      </div>
                    </li>
                    <li
                      className="AutoUI_ui_SelectBox-189 AutoUI_typo-170 AutoUI_typo-53 AutoUI_typo-40 AutoUI_ui_SelectBox-216 ">
                      <div
                        className="AutoUI_ui_SelectBox-205 AutoUI_ui_SelectBox-212">
                        <div
                          className="AutoUI_forms_InputField-78">
                          <label
                            id="label-Left">
                            <div
                              className="AutoUI_forms_InputField-78">
                              <label
                                className="AutoUI_forms_InputField-69 AutoUI_typo-170 AutoUI_typo-53 AutoUI_typo-40">
                                <input
                                  aria-labelledby="label-Left"
                                  checked={false}
                                  className="AutoUI_typo-181 AutoUI_typo-53 AutoUI_typo-40 AutoUI_forms_InputField-87 AutoUI_forms_InputField-123 "
                                  id="Left"
                                  name="Left"
                                  required={false}
                                  type="checkbox" />
                                <span
                                  className="AutoUI_forms_InputField-136" />
                                Left
                              </label>
                            </div>
                          </label>
                        </div>
                        <span
                          className="AutoUI_ui_SelectBox-247" />
                      </div>
                    </li>
                  </ul>
                </div>
              </div>
            </div>
          </div>
        </div>
      </div>
    </div>
    <div
      className="AutoUI_ui_SearchForm-87">
      <div
        className="Select AutoUI_ui_Keywords-15 AutoUI_typo-170 AutoUI_typo-53 AutoUI_typo-40 AutoUI_ui_SearchForm-54 has-value is-clearable is-searchable Select--multi">
        <input
          disabled={false}
          name="keywords"
          type="hidden"
          value="0" />
        <input
          disabled={false}
          name="keywords"
          type="hidden"
          value="1" />
        <input
          disabled={false}
          name="keywords"
          type="hidden"
          value="2" />
        <input
          disabled={false}
          name="keywords"
          type="hidden"
          value="3" />
        <input
          disabled={false}
          name="keywords"
          type="hidden"
          value="4" />
        <div
          className="Select-control">
          <span
            className="Select-multi-value-wrapper"
            id="react-select-8--value">
            <div
              className="Select-value">
              <span
                aria-hidden="true"
                className="Select-value-icon">
                ×
              </span>
              <span
                aria-selected="true"
                className="Select-value-label"
                id="react-select-8--value-0"
                role="option">
                a keyword
                <span
                  className="Select-aria-only">
                   
                </span>
              </span>
            </div>
            <div
              className="Select-value">
              <span
                aria-hidden="true"
                className="Select-value-icon">
                ×
              </span>
              <span
                aria-selected="true"
                className="Select-value-label"
                id="react-select-8--value-1"
                role="option">
                OR
                <span
                  className="Select-aria-only">
                   
                </span>
              </span>
            </div>
            <div
              className="Select-value">
              <span
                aria-hidden="true"
                className="Select-value-icon">
                ×
              </span>
              <span
                aria-selected="true"
                className="Select-value-label"
                id="react-select-8--value-2"
                role="option">
                two
                <span
                  className="Select-aria-only">
                   
                </span>
              </span>
            </div>
            <div
              className="Select-value">
              <span
                aria-hidden="true"
                className="Select-value-icon">
                ×
              </span>
              <span
                aria-selected="true"
                className="Select-value-label"
                id="react-select-8--value-3"
                role="option">
                AND
                <span
                  className="Select-aria-only">
                   
                </span>
              </span>
            </div>
            <div
              className="Select-value">
              <span
                aria-hidden="true"
                className="Select-value-icon">
                ×
              </span>
              <span
                aria-selected="true"
                className="Select-value-label"
                id="react-select-8--value-4"
                role="option">
                much more
                <span
                  className="Select-aria-only">
                   
                </span>
              </span>
            </div>
            <div
              className="Select-input"
              style={
                Object {
                  "display": "inline-block",
                }
              }>
              <input
                aria-activedescendant="react-select-8--value"
                aria-expanded="false"
                aria-haspopup="false"
                aria-owns=""
                required={false}
                role="combobox"
                style={
                  Object {
                    "boxSizing": "content-box",
                    "width": "5px",
                  }
                }
                value="" />
              <div
                style={
                  Object {
                    "height": 0,
                    "left": 0,
                    "overflow": "scroll",
                    "position": "absolute",
                    "top": 0,
                    "visibility": "hidden",
                    "whiteSpace": "pre",
                  }
                }>
                
              </div>
            </div>
          </span>
          <span
            aria-label="Clear all"
            className="Select-clear-zone"
            title="Clear all">
            <span
              className="Select-clear"
              dangerouslySetInnerHTML={
                Object {
                  "__html": "&times;",
                }
              } />
          </span>
          <span
            className="Select-arrow-zone">
            <span
              className="Select-arrow" />
          </span>
        </div>
      </div>
      <button
        className="AutoUI_ui_SearchForm-93 AutoUI_ui_Button-75 AutoUI_ui_Button-35 AutoUI_ui_Button-126 AutoUI_ui_Button-179 raised"
        type="submit">
        <span
          className="AutoUI_ui_Button-51 AutoUI_typo-159 AutoUI_typo-53 AutoUI_typo-46">
          Show
        </span>
      </button>
    </div>
  </form>
  <div
    className="AutoUI_ui_SearchForm-103">
    Here it goes ApplicantsStatusFilter component
  </div>
</div>
`;
