exports[`SelectBox-11 1`] = `
<div
  className="AutoUI_ui_SelectBox-18"
  style={
    Object {
      "width": "100%",
    }
  }>
  <div>
    <div
      className="AutoUI_ui_SelectBox-78">
      <div
        className="AutoUI_ui_SelectBox-87">
        <svg
          height="17px"
          viewBox="0 0 16 17"
          width="16px">
          <g
            fill="none"
            fillRule="evenodd"
            stroke="none"
            strokeWidth="1">
            <circle
              className="AutoUI_ui_SvgIcon-35 AutoUI_ui_SvgIcon-62"
              cx="7.5"
              cy="7.5"
              r="6.5" />
            <path
              className="AutoUI_ui_SvgIcon-35 AutoUI_ui_SvgIcon-62"
              d="M11.7538745,12.6062275 L15.5,16.5"
              strokeLinecap="square" />
          </g>
        </svg>
      </div>
      <div>
        <input
          aria-labelledby="label-search"
          autoComplete="off"
          className="AutoUI_typo-181 AutoUI_typo-53 AutoUI_typo-40 AutoUI_forms_InputField-87 AutoUI_ui_SelectBox-82"
          id="search"
          name="search"
          placeholder="Search"
          required={false}
          type="text"
          value="" />
      </div>
    </div>
    <ul
      className="AutoUI_ui_SelectBox-125 expanded"
      style={
        Object {
          "height": "240px",
          "maxHeight": "240px",
          "width": "100%",
        }
      }>
      
    </ul>
  </div>
</div>
`;
