exports[`SettingsScreen-0 1`] = `
<div
  style={
    Object {
      "height": "500px",
    }
  }>
  <div
    className="AutoUI_ui_SettingsScreen-13">
    <div
      className="AutoUI_ui_SettingsScreen-19">
      <h1
        className="AutoUI_ui_SettingsScreen-29 AutoUI_typo-105 AutoUI_typo-53 AutoUI_typo-34">
        Settings
      </h1>
      <ul
        className="AutoUI_ui_SettingsScreen-34">
        <li>
          Menu link
        </li>
        <li>
          Menu link
        </li>
        <li>
          Menu link
        </li>
        <li>
          Menu link
        </li>
        <li>
          Menu link
        </li>
        <li>
          Menu link
        </li>
        <li>
          Menu link
        </li>
        <li>
          Menu link
        </li>
        <li>
          Menu link
        </li>
        <li>
          Menu link
        </li>
        <li>
          Menu link
        </li>
        <li>
          Menu link
        </li>
        <li>
          Menu link
        </li>
        <li>
          Menu link
        </li>
        <li>
          Menu link
        </li>
        <li>
          Menu link
        </li>
        <li>
          Menu link
        </li>
        <li>
          Menu link
        </li>
        <li>
          Menu link
        </li>
        <li>
          Menu link
        </li>
        <li>
          Menu link
        </li>
        <li>
          Menu link
        </li>
        <li>
          Menu link
        </li>
        <li>
          Menu link
        </li>
        <li>
          Menu link
        </li>
        <li>
          Menu link
        </li>
        <li>
          Menu link
        </li>
        <li>
          Menu link
        </li>
        <li>
          Menu link
        </li>
        <li>
          Menu link
        </li>
        <li>
          Menu link
        </li>
        <li>
          Menu link
        </li>
        <li>
          Menu link
        </li>
        <li>
          Menu link
        </li>
        <li>
          Menu link
        </li>
        <li>
          Menu link
        </li>
        <li>
          Menu link
        </li>
        <li>
          Menu link
        </li>
        <li>
          Menu link
        </li>
        <li>
          Menu link
        </li>
        <li>
          Menu link
        </li>
        <li>
          Menu link
        </li>
        <li>
          Menu link
        </li>
        <li>
          Menu link
        </li>
        <li>
          Menu link
        </li>
        <li>
          Menu link
        </li>
        <li>
          Menu link
        </li>
        <li>
          Menu link
        </li>
        <li>
          Menu link
        </li>
        <li>
          Menu link
        </li>
      </ul>
    </div>
    <div
      className="AutoUI_ui_SettingsScreen-40">
      <div>
        <p>
          Anything goes in the content
        </p>
        <p>
          Anything goes in the content
        </p>
        <p>
          Anything goes in the content
        </p>
        <p>
          Anything goes in the content
        </p>
        <p>
          Anything goes in the content
        </p>
        <p>
          Anything goes in the content
        </p>
        <p>
          Anything goes in the content
        </p>
        <p>
          Anything goes in the content
        </p>
        <p>
          Anything goes in the content
        </p>
        <p>
          Anything goes in the content
        </p>
        <p>
          Anything goes in the content
        </p>
        <p>
          Anything goes in the content
        </p>
        <p>
          Anything goes in the content
        </p>
        <p>
          Anything goes in the content
        </p>
        <p>
          Anything goes in the content
        </p>
        <p>
          Anything goes in the content
        </p>
        <p>
          Anything goes in the content
        </p>
        <p>
          Anything goes in the content
        </p>
        <p>
          Anything goes in the content
        </p>
        <p>
          Anything goes in the content
        </p>
        <p>
          Anything goes in the content
        </p>
        <p>
          Anything goes in the content
        </p>
        <p>
          Anything goes in the content
        </p>
        <p>
          Anything goes in the content
        </p>
        <p>
          Anything goes in the content
        </p>
        <p>
          Anything goes in the content
        </p>
        <p>
          Anything goes in the content
        </p>
        <p>
          Anything goes in the content
        </p>
        <p>
          Anything goes in the content
        </p>
        <p>
          Anything goes in the content
        </p>
        <p>
          Anything goes in the content
        </p>
        <p>
          Anything goes in the content
        </p>
        <p>
          Anything goes in the content
        </p>
        <p>
          Anything goes in the content
        </p>
        <p>
          Anything goes in the content
        </p>
        <p>
          Anything goes in the content
        </p>
        <p>
          Anything goes in the content
        </p>
        <p>
          Anything goes in the content
        </p>
        <p>
          Anything goes in the content
        </p>
        <p>
          Anything goes in the content
        </p>
        <p>
          Anything goes in the content
        </p>
        <p>
          Anything goes in the content
        </p>
        <p>
          Anything goes in the content
        </p>
        <p>
          Anything goes in the content
        </p>
        <p>
          Anything goes in the content
        </p>
        <p>
          Anything goes in the content
        </p>
        <p>
          Anything goes in the content
        </p>
        <p>
          Anything goes in the content
        </p>
        <p>
          Anything goes in the content
        </p>
        <p>
          Anything goes in the content
        </p>
      </div>
    </div>
  </div>
</div>
`;
