exports[`SettingsScreen-3 1`] = `
<div
  className="AutoUI_ui_SettingsScreen-13">
  <div
    className="AutoUI_ui_SettingsScreen-19">
    <h1
      className="AutoUI_ui_SettingsScreen-29 AutoUI_typo-105 AutoUI_typo-53 AutoUI_typo-34">
      Settings
    </h1>
    <ul
      className="AutoUI_ui_SettingsScreen-37 AutoUI_typo-170 AutoUI_typo-53 AutoUI_typo-40" />
  </div>
  <div
    className="AutoUI_ui_SettingsScreen-69" />
</div>
`;
