exports[`TagsInput-1 1`] = `
<div
  className="Select AutoUI_ui_TagsInput-13 is-clearable is-searchable Select--multi">
  <div
    className="Select-control">
    <span
      className="Select-multi-value-wrapper"
      id="react-select-3--value">
      <div
        className="Select-placeholder">
        Keywords
      </div>
      <div
        className="Select-input"
        style={
          Object {
            "display": "inline-block",
          }
        }>
        <input
          aria-activedescendant="react-select-3--value"
          aria-expanded="false"
          aria-haspopup="false"
          aria-owns=""
          required={false}
          role="combobox"
          style={
            Object {
              "boxSizing": "content-box",
              "width": "5px",
            }
          }
          value="" />
        <div
          style={
            Object {
              "height": 0,
              "left": 0,
              "overflow": "scroll",
              "position": "absolute",
              "top": 0,
              "visibility": "hidden",
              "whiteSpace": "pre",
            }
          }>
          
        </div>
      </div>
    </span>
    <span
      className="Select-arrow-zone">
      <span
        className="Select-arrow" />
    </span>
  </div>
</div>
`;
