exports[`Text-7 1`] = `
<section
  className="AutoUI_Text-26">
  <h1
    className="AutoUI_Text-33 AutoUI_typo-75 AutoUI_typo-53 AutoUI_typo-22">
    Your roadmap to X-Team
  </h1>
  <div
    className="AutoUI_Text-41 AutoUI_typo-138 AutoUI_typo-53 AutoUI_typo-40 AutoUI_Text-54 AutoUI_typo-159" />
</section>
`;
