exports[`TextareaEditor-3 1`] = `
<div
  className="AutoUI_ui_TextareaEditor_TextareaEditor-34 AutoUI_ui_TextareaEditor_TextareaEditor-86">
  <div
    className="AutoUI_ui_TextareaEditor_TextareaEditor-43">
    <nav
      className="AutoUI_ui_TextareaEditor_TextareaEditor-38">
      <button
        className="AutoUI_ui_TextareaEditor_TextareaEditor-48"
        name="Write">
        Write
      </button>
    </nav>
  </div>
  <div>
    <div
      className="AutoUI_ui_TextareaEditor_TextareaEditor-61">
      <div
        className="editable" />
    </div>
    <div
      className="AutoUI_ui_TextareaEditor_TextareaEditor-27" />
  </div>
</div>
`;
