exports[`Text-11 1`] = `
<section
  className="AutoUI_ui_Text-26 AutoUI_ui_Text-46">
  <h1
    className="undefined AutoUI_typo-75 AutoUI_typo-53 AutoUI_typo-22">
    Your roadmap to X-Team
  </h1>
  <span
    className="AutoUI_ui_Text-39 AutoUI_typo-174 AutoUI_ui_Text-48" />
  <div
    className="AutoUI_ui_Text-41 AutoUI_typo-152 AutoUI_typo-53 AutoUI_typo-40">
    Many developers who came before you started right here and went on to do some of the best work of their career. That same opportunity begins now for you.
  </div>
</section>
`;
