exports[`TextareaEditor-1 1`] = `
<div
  className="AutoUI_ui_TextareaEditor_TextareaEditor-30 AutoUI_ui_TextareaEditor_TextareaEditor-82">
  <div
    className="AutoUI_ui_TextareaEditor_TextareaEditor-39">
    <nav
      className="AutoUI_ui_TextareaEditor_TextareaEditor-34">
      <button
        className="AutoUI_ui_TextareaEditor_TextareaEditor-44"
        name="Write">
        Write
      </button>
    </nav>
  </div>
  <div>
    <div
      className="AutoUI_ui_TextareaEditor_TextareaEditor-57">
      <div
        className="editable" />
    </div>
    <div
      className="AutoUI_ui_TextareaEditor_TextareaEditor-23" />
  </div>
</div>
`;
