exports[`TextareaEditor-1 1`] = `
<div
  className="AutoUI_ui_TextareaEditor_TextareaEditor-31 AutoUI_typo-40 AutoUI_ui_TextareaEditor_TextareaEditor-64">
  <div>
    <div
      className="AutoUI_ui_TextareaEditor_TextareaEditor-34">
      <div
        className="editable" />
    </div>
    <div
      className="AutoUI_ui_TextareaEditor_TextareaEditor-24" />
  </div>
</div>
`;
