exports[`TruncatedList-5 1`] = `
<ul
  className="AutoUI_ui_TruncatedList-8">
  <li
    className="AutoUI_ui_TruncatedList-13">
    <img
      alt="Loading..."
      className=""
      src="6f647ce328b13c96401708c6fcbdb237.gif" />
  </li>
  <li
    className="AutoUI_ui_TruncatedList-13">
    <img
      alt="Loading..."
      className=""
      src="6f647ce328b13c96401708c6fcbdb237.gif" />
  </li>
  <li
    className="AutoUI_ui_TruncatedList-13">
    <img
      alt="Loading..."
      className=""
      src="6f647ce328b13c96401708c6fcbdb237.gif" />
  </li>
  <li
    className="AutoUI_ui_TruncatedList-13">
    <img
      alt="Loading..."
      className=""
      src="6f647ce328b13c96401708c6fcbdb237.gif" />
  </li>
  <li
    className="AutoUI_ui_TruncatedList-13">
    <img
      alt="Loading..."
      className=""
      src="6f647ce328b13c96401708c6fcbdb237.gif" />
  </li>
  <li
    className="AutoUI_ui_TruncatedList-13 AutoUI_ui_TruncatedList-17">
    <img
      alt="Loading..."
      className=""
      src="6f647ce328b13c96401708c6fcbdb237.gif" />
  </li>
  <li
    className="AutoUI_ui_TruncatedList-13 AutoUI_ui_TruncatedList-17">
    <img
      alt="Loading..."
      className=""
      src="6f647ce328b13c96401708c6fcbdb237.gif" />
  </li>
  <li
    className="AutoUI_ui_TruncatedList-13 AutoUI_ui_TruncatedList-17">
    <img
      alt="Loading..."
      className=""
      src="6f647ce328b13c96401708c6fcbdb237.gif" />
  </li>
  <li
    className="AutoUI_ui_TruncatedList-13 AutoUI_ui_TruncatedList-17">
    <img
      alt="Loading..."
      className=""
      src="6f647ce328b13c96401708c6fcbdb237.gif" />
  </li>
  <li
    className="AutoUI_ui_TruncatedList-13 AutoUI_ui_TruncatedList-17">
    <img
      alt="Loading..."
      className=""
      src="6f647ce328b13c96401708c6fcbdb237.gif" />
  </li>
  <li
    className="AutoUI_ui_TruncatedList-13 AutoUI_ui_TruncatedList-17">
    <img
      alt="Loading..."
      className=""
      src="6f647ce328b13c96401708c6fcbdb237.gif" />
  </li>
  <li
    className="AutoUI_ui_TruncatedList-13 AutoUI_ui_TruncatedList-17">
    <img
      alt="Loading..."
      className=""
      src="6f647ce328b13c96401708c6fcbdb237.gif" />
  </li>
  <li
    className="AutoUI_ui_TruncatedList-13 AutoUI_ui_TruncatedList-17">
    <img
      alt="Loading..."
      className=""
      src="6f647ce328b13c96401708c6fcbdb237.gif" />
  </li>
  <li
    className="AutoUI_ui_TruncatedList-13 AutoUI_ui_TruncatedList-17">
    <img
      alt="Loading..."
      className=""
      src="6f647ce328b13c96401708c6fcbdb237.gif" />
  </li>
  <li
    className="AutoUI_ui_TruncatedList-13 AutoUI_ui_TruncatedList-17">
    <img
      alt="Loading..."
      className=""
      src="6f647ce328b13c96401708c6fcbdb237.gif" />
  </li>
  <li
    className="AutoUI_ui_TruncatedList-13 AutoUI_ui_TruncatedList-17">
    <img
      alt="Loading..."
      className=""
      src="6f647ce328b13c96401708c6fcbdb237.gif" />
  </li>
  <li
    className="AutoUI_ui_TruncatedList-13 AutoUI_ui_TruncatedList-17">
    <img
      alt="Loading..."
      className=""
      src="6f647ce328b13c96401708c6fcbdb237.gif" />
  </li>
  <li
    className="AutoUI_ui_TruncatedList-13 AutoUI_ui_TruncatedList-17">
    <img
      alt="Loading..."
      className=""
      src="6f647ce328b13c96401708c6fcbdb237.gif" />
  </li>
  <li
    className="AutoUI_ui_TruncatedList-13 AutoUI_ui_TruncatedList-17">
    <img
      alt="Loading..."
      className=""
      src="6f647ce328b13c96401708c6fcbdb237.gif" />
  </li>
  <li
    className="AutoUI_ui_TruncatedList-13 AutoUI_ui_TruncatedList-17">
    <img
      alt="Loading..."
      className=""
      src="6f647ce328b13c96401708c6fcbdb237.gif" />
  </li>
  <li
    className="AutoUI_ui_TruncatedList-13 AutoUI_ui_TruncatedList-17">
    <img
      alt="Loading..."
      className=""
      src="6f647ce328b13c96401708c6fcbdb237.gif" />
  </li>
  <li
    className="AutoUI_ui_TruncatedList-13 AutoUI_ui_TruncatedList-17">
    <img
      alt="Loading..."
      className=""
      src="6f647ce328b13c96401708c6fcbdb237.gif" />
  </li>
  <li
    className="AutoUI_ui_TruncatedList-13 AutoUI_ui_TruncatedList-17">
    <img
      alt="Loading..."
      className=""
      src="6f647ce328b13c96401708c6fcbdb237.gif" />
  </li>
  <li
    className="AutoUI_ui_TruncatedList-13 AutoUI_ui_TruncatedList-17">
    <img
      alt="Loading..."
      className=""
      src="6f647ce328b13c96401708c6fcbdb237.gif" />
  </li>
  <li
    className="AutoUI_ui_TruncatedList-13">
    +19 more
  </li>
</ul>
`;
