exports[`TruncatedList-5 1`] = `
<span>
  <span>
    <img
      alt="Loading..."
      className=""
      src="6f647ce328b13c96401708c6fcbdb237.gif" />
  </span>
  <span>
    <img
      alt="Loading..."
      className=""
      src="6f647ce328b13c96401708c6fcbdb237.gif" />
  </span>
  <span>
    <img
      alt="Loading..."
      className=""
      src="6f647ce328b13c96401708c6fcbdb237.gif" />
  </span>
  <span>
    <img
      alt="Loading..."
      className=""
      src="6f647ce328b13c96401708c6fcbdb237.gif" />
  </span>
  <span
    className="AutoUI_ui_TruncatedList-8">
    <img
      alt="Loading..."
      className=""
      src="6f647ce328b13c96401708c6fcbdb237.gif" />
  </span>
  <span
    className="AutoUI_ui_TruncatedList-8">
    <img
      alt="Loading..."
      className=""
      src="6f647ce328b13c96401708c6fcbdb237.gif" />
  </span>
  <button
    className=" AutoUI_ui_Button-72 AutoUI_ui_Button-34 AutoUI_ui_Button-123 AutoUI_ui_Button-142 outlined AutoUI_ui_Button-169 rounded AutoUI_ui_Button-173 raised">
    <span
      className="AutoUI_ui_Button-48 AutoUI_typo-159 AutoUI_typo-53 AutoUI_typo-46">
      +2 more of 6
    </span>
  </button>
</span>
`;
